Component: Arm Compiler for Embedded 6.22 Tool: armlink [5ee90200]

==============================================================================

Section Cross References

    startup_at32f415.o(RESET) refers to startup_at32f415.o(STACK) for __initial_sp
    startup_at32f415.o(RESET) refers to startup_at32f415.o(.text) for Reset_Handler
    startup_at32f415.o(RESET) refers to lto-llvm-6753d7.o(.text.NMI_Handler) for NMI_Handler
    startup_at32f415.o(RESET) refers to lto-llvm-6753d7.o(.text.HardFault_Handler) for HardFault_Handler
    startup_at32f415.o(RESET) refers to lto-llvm-6753d7.o(.text.MemManage_Handler) for MemManage_Handler
    startup_at32f415.o(RESET) refers to lto-llvm-6753d7.o(.text.BusFault_Handler) for BusFault_Handler
    startup_at32f415.o(RESET) refers to lto-llvm-6753d7.o(.text.UsageFault_Handler) for UsageFault_Handler
    startup_at32f415.o(RESET) refers to lto-llvm-6753d7.o(.text.SVC_Handler) for SVC_Handler
    startup_at32f415.o(RESET) refers to lto-llvm-6753d7.o(.text.DebugMon_Handler) for DebugMon_Handler
    startup_at32f415.o(RESET) refers to lto-llvm-6753d7.o(.text.PendSV_Handler) for PendSV_Handler
    startup_at32f415.o(RESET) refers to lto-llvm-6753d7.o(.text.SysTick_Handler) for SysTick_Handler
    startup_at32f415.o(RESET) refers to lto-llvm-6753d7.o(.text.TMR2_GLOBAL_IRQHandler) for TMR2_GLOBAL_IRQHandler
    startup_at32f415.o(RESET) refers to lto-llvm-6753d7.o(.text.TMR3_GLOBAL_IRQHandler) for TMR3_GLOBAL_IRQHandler
    startup_at32f415.o(RESET) refers to lto-llvm-6753d7.o(.text.USART1_IRQHandler) for USART1_IRQHandler
    startup_at32f415.o(RESET) refers to lto-llvm-6753d7.o(.text.USART2_IRQHandler) for USART2_IRQHandler
    startup_at32f415.o(RESET) refers to lto-llvm-6753d7.o(.text.USART3_IRQHandler) for USART3_IRQHandler
    startup_at32f415.o(RESET) refers to lto-llvm-6753d7.o(.text.UART4_IRQHandler) for UART4_IRQHandler
    startup_at32f415.o(RESET) refers to lto-llvm-6753d7.o(.text.UART5_IRQHandler) for UART5_IRQHandler
    startup_at32f415.o(.text) refers to lto-llvm-6753d7.o(.text.SystemInit) for SystemInit
    startup_at32f415.o(.text) refers to entry.o(.ARM.Collect$$$$00000000) for __main
    entry.o(.ARM.Collect$$$$00000000) refers (Special) to entry10a.o(.ARM.Collect$$$$0000000D) for __rt_final_cpp
    entry.o(.ARM.Collect$$$$00000000) refers (Special) to entry11a.o(.ARM.Collect$$$$0000000F) for __rt_final_exit
    entry.o(.ARM.Collect$$$$00000000) refers (Special) to entry7b.o(.ARM.Collect$$$$00000008) for _main_clock
    entry.o(.ARM.Collect$$$$00000000) refers (Special) to entry8b.o(.ARM.Collect$$$$0000000A) for _main_cpp_init
    entry.o(.ARM.Collect$$$$00000000) refers (Special) to entry9a.o(.ARM.Collect$$$$0000000B) for _main_init
    entry.o(.ARM.Collect$$$$00000000) refers (Special) to entry5.o(.ARM.Collect$$$$00000004) for _main_scatterload
    entry.o(.ARM.Collect$$$$00000000) refers (Special) to entry2.o(.ARM.Collect$$$$00000001) for _main_stk
    putchar.o(i.putchar) refers to fputc.o(i.fputc) for fputc
    putchar.o(i.putchar) refers to stdout.o(.data) for __stdout
    printfb.o(i.__0fprintf$bare) refers to printfb.o(i._printf_core) for _printf_core
    printfb.o(i.__0fprintf$bare) refers to fputc.o(i.fputc) for fputc
    printfb.o(i.__0printf$bare) refers to printfb.o(i._printf_core) for _printf_core
    printfb.o(i.__0printf$bare) refers to fputc.o(i.fputc) for fputc
    printfb.o(i.__0printf$bare) refers to stdout.o(.data) for __stdout
    printfb.o(i.__0snprintf$bare) refers to printfb.o(i._printf_core) for _printf_core
    printfb.o(i.__0snprintf$bare) refers to printfb.o(i._snputc) for _snputc
    printfb.o(i.__0sprintf$bare) refers to printfb.o(i._printf_core) for _printf_core
    printfb.o(i.__0sprintf$bare) refers to printfb.o(i._sputc) for _sputc
    printfb.o(i.__0vfprintf$bare) refers to printfb.o(i._printf_core) for _printf_core
    printfb.o(i.__0vfprintf$bare) refers to fputc.o(i.fputc) for fputc
    printfb.o(i.__0vprintf$bare) refers to printfb.o(i._printf_core) for _printf_core
    printfb.o(i.__0vprintf$bare) refers to fputc.o(i.fputc) for fputc
    printfb.o(i.__0vprintf$bare) refers to stdout.o(.data) for __stdout
    printfb.o(i.__0vsnprintf$bare) refers to printfb.o(i._printf_core) for _printf_core
    printfb.o(i.__0vsnprintf$bare) refers to printfb.o(i._snputc) for _snputc
    printfb.o(i.__0vsprintf$bare) refers to printfb.o(i._printf_core) for _printf_core
    printfb.o(i.__0vsprintf$bare) refers to printfb.o(i._sputc) for _sputc
    printf0.o(i.__0fprintf$0) refers to printf0.o(i._printf_core) for _printf_core
    printf0.o(i.__0fprintf$0) refers to fputc.o(i.fputc) for fputc
    printf0.o(i.__0printf$0) refers to printf0.o(i._printf_core) for _printf_core
    printf0.o(i.__0printf$0) refers to fputc.o(i.fputc) for fputc
    printf0.o(i.__0printf$0) refers to stdout.o(.data) for __stdout
    printf0.o(i.__0snprintf$0) refers to printf0.o(i._printf_core) for _printf_core
[...]
    get_code_mode_value.last_temp_unit       0x20000004   Data           1  lto-llvm-6753d7.o(.data..L_MergedGlobals)
    check_menu_setting.last_work_mode        0x20000005   Data           1  lto-llvm-6753d7.o(.data..L_MergedGlobals)
    check_menu_setting.last_temp_unit        0x20000006   Data           1  lto-llvm-6753d7.o(.data..L_MergedGlobals)
    check_menu_setting.last_speaker_state    0x20000007   Data           1  lto-llvm-6753d7.o(.data..L_MergedGlobals)
    check_menu_setting.last_temp_lock_state  0x20000008   Data           1  lto-llvm-6753d7.o(.data..L_MergedGlobals)
    check_menu_setting.last_sleep_state      0x20000009   Data           1  lto-llvm-6753d7.o(.data..L_MergedGlobals)
    check_menu_setting.last_fn_key_long_set  0x2000000a   Data           1  lto-llvm-6753d7.o(.data..L_MergedGlobals)
    check_menu_setting.last_fn_key_short_set 0x2000000b   Data           1  lto-llvm-6753d7.o(.data..L_MergedGlobals)
    check_menu_setting.last_adjust_key_set   0x2000000c   Data           1  lto-llvm-6753d7.o(.data..L_MergedGlobals)
    check_menu_setting.last_ota_state        0x2000000d   Data           1  lto-llvm-6753d7.o(.data..L_MergedGlobals)
    check_menu_setting.last_enhance_state    0x2000000e   Data           1  lto-llvm-6753d7.o(.data..L_MergedGlobals)
    check_channel.last_direct_ch             0x2000000f   Data           1  lto-llvm-6753d7.o(.data..L_MergedGlobals)
    check_channel.last_temp_unit             0x20000010   Data           1  lto-llvm-6753d7.o(.data..L_MergedGlobals)
    get_direct_run_state.last_direct_handle_state 0x20000011   Data           1  lto-llvm-6753d7.o(.data..L_MergedGlobals)
    get_direct_run_state.last_direct_handle_work_mode 0x20000012   Data           1  lto-llvm-6753d7.o(.data..L_MergedGlobals)
    get_direct_run_state.last_direct_handle_error_mode 0x20000013   Data           1  lto-llvm-6753d7.o(.data..L_MergedGlobals)
    get_code_mode_state.last_code_mode_state 0x20000014   Data           1  lto-llvm-6753d7.o(.data..L_MergedGlobals)
    get_code_mode_state.last_code_mode_step  0x20000015   Data           1  lto-llvm-6753d7.o(.data..L_MergedGlobals)
    uast4_event                              0x20000016   Data           1  lto-llvm-6753d7.o(.data..L_MergedGlobals)
    uart5_event                              0x20000017   Data           1  lto-llvm-6753d7.o(.data..L_MergedGlobals)
    SysTick_Handler.time_out                 0x20000018   Data           2  lto-llvm-6753d7.o(.data..L_MergedGlobals)
    code_mode_time.code_mode_countdown_time  0x2000001a   Data           2  lto-llvm-6753d7.o(.data..L_MergedGlobals)
    count_down.countdown_time                0x2000001c   Data           2  lto-llvm-6753d7.o(.data..L_MergedGlobals)
    enhance_mode_countdown.direct_handle_enhance_countdown_time 0x2000001e   Data           2  lto-llvm-6753d7.o(.data..L_MergedGlobals)
    software_buff                            0x20000020   Data           9  lto-llvm-6753d7.o(.data..L_MergedGlobals)
    hardware_buff                            0x20000029   Data           9  lto-llvm-6753d7.o(.data..L_MergedGlobals)
    page_switch                              0x20000032   Data          10  lto-llvm-6753d7.o(.data..L_MergedGlobals)
    direct_temp_buff                         0x2000003c   Data          14  lto-llvm-6753d7.o(.data..L_MergedGlobals)
    direct_wind_buff                         0x2000004a   Data          14  lto-llvm-6753d7.o(.data..L_MergedGlobals)
    hot_control.relay_open_delay             0x20000058   Data           2  lto-llvm-6753d7.o(.data.hot_control.relay_open_delay)
    [Anonymous Symbol]                       0x20000058   Section        0  lto-llvm-6753d7.o(.data.hot_control.relay_open_delay)
    key_event_check.key_event                0x2000005a   Data           1  lto-llvm-6753d7.o(.data.key_event_check.key_event)
    [Anonymous Symbol]                       0x2000005a   Section        0  lto-llvm-6753d7.o(.data.key_event_check.key_event)
    keys                                     0x2000005c   Data          64  lto-llvm-6753d7.o(.data.keys)
    [Anonymous Symbol]                       0x2000005c   Section        0  lto-llvm-6753d7.o(.data.keys)
    beep_task.time                           0x200000a0   Data           1  lto-llvm-6753d7.o(.bss..L_MergedGlobals.305)
    [Anonymous Symbol]                       0x200000a0   Section        0  lto-llvm-6753d7.o(.bss..L_MergedGlobals.305)
    SysTick_Handler.first_in                 0x200000a1   Data           1  lto-llvm-6753d7.o(.bss..L_MergedGlobals.305)
    Direct_Handle_PWM_Out.last_code_mode_step 0x200000a2   Data           1  lto-llvm-6753d7.o(.bss..L_MergedGlobals.305)
    Direct_Handle_PWM_Out.change_flag        0x200000a3   Data           1  lto-llvm-6753d7.o(.bss..L_MergedGlobals.305)
    code_mode_time.first_in                  0x200000a4   Data           1  lto-llvm-6753d7.o(.bss..L_MergedGlobals.305)
    BeepProc.s_tate                          0x200000a5   Data           1  lto-llvm-6753d7.o(.bss..L_MergedGlobals.305)
    FlashProc.sflash.0                       0x200000a6   Data           1  lto-llvm-6753d7.o(.bss..L_MergedGlobals.305)
    FlashProc.last_fwg2_work_mode            0x200000a7   Data           1  lto-llvm-6753d7.o(.bss..L_MergedGlobals.305)
    FlashProc.last_temp_uint                 0x200000a8   Data           1  lto-llvm-6753d7.o(.bss..L_MergedGlobals.305)
    FlashProc.last_speak_state               0x200000a9   Data           1  lto-llvm-6753d7.o(.bss..L_MergedGlobals.305)
    FlashProc.last_display_lock_state        0x200000aa   Data           1  lto-llvm-6753d7.o(.bss..L_MergedGlobals.305)
    FlashProc.last_fn_key_long_set           0x200000ab   Data           1  lto-llvm-6753d7.o(.bss..L_MergedGlobals.305)
    FlashProc.last_fn_key_short_set          0x200000ac   Data           1  lto-llvm-6753d7.o(.bss..L_MergedGlobals.305)
    FlashProc.last_adjust_key_set            0x200000ad   Data           1  lto-llvm-6753d7.o(.bss..L_MergedGlobals.305)
    FlashProc.last_ota_state                 0x200000ae   Data           1  lto-llvm-6753d7.o(.bss..L_MergedGlobals.305)
    FlashProc.last_touch_key_set             0x200000af   Data           1  lto-llvm-6753d7.o(.bss..L_MergedGlobals.305)
    FlashProc.last_uart_state                0x200000b0   Data           1  lto-llvm-6753d7.o(.bss..L_MergedGlobals.305)
    FlashProc.last_enhance_state             0x200000b1   Data           1  lto-llvm-6753d7.o(.bss..L_MergedGlobals.305)
    FlashProc.flash_count                    0x200000b2   Data           1  lto-llvm-6753d7.o(.bss..L_MergedGlobals.305)
    FlashProc.first_start_flag               0x200000b3   Data           1  lto-llvm-6753d7.o(.bss..L_MergedGlobals.305)
    KeyProc.set_done                         0x200000b4   Data           1  lto-llvm-6753d7.o(.bss..L_MergedGlobals.305)
    KeyProc.channel_switch_flag              0x200000b5   Data           1  lto-llvm-6753d7.o(.bss..L_MergedGlobals.305)
    KeyProc.channel_switch_time              0x200000b6   Data           1  lto-llvm-6753d7.o(.bss..L_MergedGlobals.305)
    key_ch                                   0x200000b7   Data           1  lto-llvm-6753d7.o(.bss..L_MergedGlobals.305)
    key_up                                   0x200000b8   Data           1  lto-llvm-6753d7.o(.bss..L_MergedGlobals.305)
    show_popup_flag                          0x200000b9   Data           1  lto-llvm-6753d7.o(.bss..L_MergedGlobals.305)
    show_page.show_step                      0x200000ba   Data           1  lto-llvm-6753d7.o(.bss..L_MergedGlobals.305)
    show_page.first_in_cal                   0x200000bb   Data           1  lto-llvm-6753d7.o(.bss..L_MergedGlobals.305)
    show_page.last_fwg2_enhance_state        0x200000bc   Data           1  lto-llvm-6753d7.o(.bss..L_MergedGlobals.305)
    show_page.last_handle_work_mode          0x200000bd   Data           1  lto-llvm-6753d7.o(.bss..L_MergedGlobals.305)
    DwinRun.first_in                         0x200000be   Data           1  lto-llvm-6753d7.o(.bss..L_MergedGlobals.305)
    DwinRun.state                            0x200000bf   Data           1  lto-llvm-6753d7.o(.bss..L_MergedGlobals.305)
    RecvDataFromLCD.ch1_short_press_flag     0x200000c0   Data           1  lto-llvm-6753d7.o(.bss..L_MergedGlobals.305)
    RecvDataFromLCD.ch1_long_press_flag      0x200000c1   Data           1  lto-llvm-6753d7.o(.bss..L_MergedGlobals.305)
    RecvDataFromLCD.ch2_short_press_flag     0x200000c2   Data           1  lto-llvm-6753d7.o(.bss..L_MergedGlobals.305)
    RecvDataFromLCD.ch2_long_press_flag      0x200000c3   Data           1  lto-llvm-6753d7.o(.bss..L_MergedGlobals.305)
    RecvDataFromLCD.ch3_short_press_flag     0x200000c4   Data           1  lto-llvm-6753d7.o(.bss..L_MergedGlobals.305)
    RecvDataFromLCD.ch3_long_press_flag      0x200000c5   Data           1  lto-llvm-6753d7.o(.bss..L_MergedGlobals.305)
    RecvDataFromLCD.ch4_short_press_flag     0x200000c6   Data           1  lto-llvm-6753d7.o(.bss..L_MergedGlobals.305)
    RecvDataFromLCD.ch4_long_press_flag      0x200000c7   Data           1  lto-llvm-6753d7.o(.bss..L_MergedGlobals.305)
    RecvDataFromLCD.last_fn_key_long_set     0x200000c8   Data           1  lto-llvm-6753d7.o(.bss..L_MergedGlobals.305)
    RecvDataFromLCD.last_fn_key_short_set    0x200000c9   Data           1  lto-llvm-6753d7.o(.bss..L_MergedGlobals.305)
    show_direct_temp.show_step               0x200000ca   Data           1  lto-llvm-6753d7.o(.bss..L_MergedGlobals.305)
    get_direct_temp_state.last_page          0x200000cb   Data           1  lto-llvm-6753d7.o(.bss..L_MergedGlobals.305)
    get_direct_temp_state.refresh_temp_time  0x200000cc   Data           1  lto-llvm-6753d7.o(.bss..L_MergedGlobals.305)
    get_direct_temp_state.last_setting_temp_state 0x200000cd   Data           1  lto-llvm-6753d7.o(.bss..L_MergedGlobals.305)
    show_direct_wind.show_step               0x200000ce   Data           1  lto-llvm-6753d7.o(.bss..L_MergedGlobals.305)
    show_direct_wind.handle_move             0x200000cf   Data           1  lto-llvm-6753d7.o(.bss..L_MergedGlobals.305)
    get_direct_wind_state.last_page          0x200000d0   Data           1  lto-llvm-6753d7.o(.bss..L_MergedGlobals.305)
    get_direct_wind_state.last_stop_set_wind 0x200000d1   Data           1  lto-llvm-6753d7.o(.bss..L_MergedGlobals.305)
    get_direct_wind_state.last_cold_mode_set_wind 0x200000d2   Data           1  lto-llvm-6753d7.o(.bss..L_MergedGlobals.305)
    get_direct_wind_state.last_setting_wind_state 0x200000d3   Data           1  lto-llvm-6753d7.o(.bss..L_MergedGlobals.305)
    get_direct_wind_state.first_in_cold_wind_mode 0x200000d4   Data           1  lto-llvm-6753d7.o(.bss..L_MergedGlobals.305)
    show_direct_time.show_step               0x200000d5   Data           1  lto-llvm-6753d7.o(.bss..L_MergedGlobals.305)
    get_direct_time_state.last_page          0x200000d6   Data           1  lto-llvm-6753d7.o(.bss..L_MergedGlobals.305)
    get_direct_time_state.last_countdown_flag 0x200000d7   Data           1  lto-llvm-6753d7.o(.bss..L_MergedGlobals.305)
    show_code_mode_value.state               0x200000d8   Data           1  lto-llvm-6753d7.o(.bss..L_MergedGlobals.305)
    get_code_mode_value.last_page            0x200000d9   Data           1  lto-llvm-6753d7.o(.bss..L_MergedGlobals.305)
    show_menu_setting.state                  0x200000da   Data           1  lto-llvm-6753d7.o(.bss..L_MergedGlobals.305)
    check_menu_setting.last_page             0x200000db   Data           1  lto-llvm-6753d7.o(.bss..L_MergedGlobals.305)
    check_menu_setting.last_reset_flag       0x200000dc   Data           1  lto-llvm-6753d7.o(.bss..L_MergedGlobals.305)
    show_ch.show_step                        0x200000dd   Data           1  lto-llvm-6753d7.o(.bss..L_MergedGlobals.305)
    check_channel.last_reset_flag            0x200000de   Data           1  lto-llvm-6753d7.o(.bss..L_MergedGlobals.305)
    show_curve.state                         0x200000df   Data           1  lto-llvm-6753d7.o(.bss..L_MergedGlobals.305)
    show_direct_run_state.show_step          0x200000e0   Data           1  lto-llvm-6753d7.o(.bss..L_MergedGlobals.305)
    get_direct_run_state.fan_run_flag        0x200000e1   Data           1  lto-llvm-6753d7.o(.bss..L_MergedGlobals.305)
    get_direct_run_state.last_fan_run_flag   0x200000e2   Data           1  lto-llvm-6753d7.o(.bss..L_MergedGlobals.305)
    get_direct_run_state.last_output         0x200000e3   Data           1  lto-llvm-6753d7.o(.bss..L_MergedGlobals.305)
    get_direct_run_state.output_refresh_time 0x200000e4   Data           1  lto-llvm-6753d7.o(.bss..L_MergedGlobals.305)
    show_code_mode_state.state               0x200000e5   Data           1  lto-llvm-6753d7.o(.bss..L_MergedGlobals.305)
    get_code_mode_state.refresh_temp_time    0x200000e6   Data           1  lto-llvm-6753d7.o(.bss..L_MergedGlobals.305)
    get_code_mode_state.refresh_wind_time    0x200000e7   Data           1  lto-llvm-6753d7.o(.bss..L_MergedGlobals.305)
    pc_event                                 0x200000e8   Data           1  lto-llvm-6753d7.o(.bss..L_MergedGlobals.305)
    sbeep.1                                  0x200000ec   Data           1  lto-llvm-6753d7.o(.bss..L_MergedGlobals.305)
    iap_flag                                 0x200000ed   Data           1  lto-llvm-6753d7.o(.bss..L_MergedGlobals.305)
    adc1_ordinary_value                      0x200000ee   Data           2  lto-llvm-6753d7.o(.bss..L_MergedGlobals.305)
    Direct_Handle_PWM_Out.Direct_handle_last_set_temp 0x200000f0   Data           2  lto-llvm-6753d7.o(.bss..L_MergedGlobals.305)
    Direct_Handle_PWM_Out.direct_hot_run_time_ms 0x200000f2   Data           2  lto-llvm-6753d7.o(.bss..L_MergedGlobals.305)
    Direct_Handle_PWM_Out.set_temp           0x200000f4   Data           2  lto-llvm-6753d7.o(.bss..L_MergedGlobals.305)
    Direct_Handle_PWM_Out.delay_time         0x200000f6   Data           2  lto-llvm-6753d7.o(.bss..L_MergedGlobals.305)
    FlashProc.last_direct_set_temp           0x200000f8   Data           2  lto-llvm-6753d7.o(.bss..L_MergedGlobals.305)
    FlashProc.last_direct_set_wind           0x200000fa   Data           2  lto-llvm-6753d7.o(.bss..L_MergedGlobals.305)
    FlashProc.last_direct_set_cold_mode_wind 0x200000fc   Data           2  lto-llvm-6753d7.o(.bss..L_MergedGlobals.305)
    FlashProc.last_set_direct_calibration_temp 0x200000fe   Data           2  lto-llvm-6753d7.o(.bss..L_MergedGlobals.305)
    FlashProc.last_set_quick_work_temp       0x20000100   Data           2  lto-llvm-6753d7.o(.bss..L_MergedGlobals.305)
    FlashProc.last_set_quick_work_time       0x20000102   Data           2  lto-llvm-6753d7.o(.bss..L_MergedGlobals.305)
    FlashProc.last_set_countdown_time        0x20000104   Data           2  lto-llvm-6753d7.o(.bss..L_MergedGlobals.305)
    FlashProc.last_ch1_set_temp              0x20000106   Data           2  lto-llvm-6753d7.o(.bss..L_MergedGlobals.305)
    FlashProc.last_ch1_set_wind              0x20000108   Data           2  lto-llvm-6753d7.o(.bss..L_MergedGlobals.305)
    FlashProc.last_ch1_set_time              0x2000010a   Data           2  lto-llvm-6753d7.o(.bss..L_MergedGlobals.305)
    FlashProc.last_ch2_set_temp              0x2000010c   Data           2  lto-llvm-6753d7.o(.bss..L_MergedGlobals.305)
    FlashProc.last_ch2_set_wind              0x2000010e   Data           2  lto-llvm-6753d7.o(.bss..L_MergedGlobals.305)
    FlashProc.last_ch2_set_time              0x20000110   Data           2  lto-llvm-6753d7.o(.bss..L_MergedGlobals.305)
    FlashProc.last_ch3_set_temp              0x20000112   Data           2  lto-llvm-6753d7.o(.bss..L_MergedGlobals.305)
    FlashProc.last_ch3_set_wind              0x20000114   Data           2  lto-llvm-6753d7.o(.bss..L_MergedGlobals.305)
    FlashProc.last_ch3_set_time              0x20000116   Data           2  lto-llvm-6753d7.o(.bss..L_MergedGlobals.305)
    FlashProc.last_ch4_set_temp              0x20000118   Data           2  lto-llvm-6753d7.o(.bss..L_MergedGlobals.305)
    FlashProc.last_ch4_set_wind              0x2000011a   Data           2  lto-llvm-6753d7.o(.bss..L_MergedGlobals.305)
    FlashProc.last_ch4_set_time              0x2000011c   Data           2  lto-llvm-6753d7.o(.bss..L_MergedGlobals.305)
    FlashProc.last_code0_pre_temp            0x2000011e   Data           2  lto-llvm-6753d7.o(.bss..L_MergedGlobals.306)
    [Anonymous Symbol]                       0x2000011e   Section        0  lto-llvm-6753d7.o(.bss..L_MergedGlobals.306)
    FlashProc.last_code0_pre_wind            0x20000120   Data           2  lto-llvm-6753d7.o(.bss..L_MergedGlobals.306)
    FlashProc.last_code0_pre_time            0x20000122   Data           2  lto-llvm-6753d7.o(.bss..L_MergedGlobals.306)
    FlashProc.last_code0_temp_1              0x20000124   Data           2  lto-llvm-6753d7.o(.bss..L_MergedGlobals.306)
    FlashProc.last_code0_wind_1              0x20000126   Data           2  lto-llvm-6753d7.o(.bss..L_MergedGlobals.306)
    FlashProc.last_code0_time_1              0x20000128   Data           2  lto-llvm-6753d7.o(.bss..L_MergedGlobals.306)
    FlashProc.last_code0_temp_2              0x2000012a   Data           2  lto-llvm-6753d7.o(.bss..L_MergedGlobals.306)
    FlashProc.last_code0_wind_2              0x2000012c   Data           2  lto-llvm-6753d7.o(.bss..L_MergedGlobals.306)
    FlashProc.last_code0_time_2              0x2000012e   Data           2  lto-llvm-6753d7.o(.bss..L_MergedGlobals.306)
    FlashProc.last_code0_temp_3              0x20000130   Data           2  lto-llvm-6753d7.o(.bss..L_MergedGlobals.306)
    FlashProc.last_code0_wind_3              0x20000132   Data           2  lto-llvm-6753d7.o(.bss..L_MergedGlobals.306)
    FlashProc.last_code0_time_3              0x20000134   Data           2  lto-llvm-6753d7.o(.bss..L_MergedGlobals.306)
    FlashProc.last_code0_temp_4              0x20000136   Data           2  lto-llvm-6753d7.o(.bss..L_MergedGlobals.306)
    FlashProc.last_code0_wind_4              0x20000138   Data           2  lto-llvm-6753d7.o(.bss..L_MergedGlobals.306)
    FlashProc.last_code0_time_4              0x2000013a   Data           2  lto-llvm-6753d7.o(.bss..L_MergedGlobals.306)
    FlashProc.last_code1_pre_temp            0x2000013c   Data           2  lto-llvm-6753d7.o(.bss..L_MergedGlobals.306)
    FlashProc.last_code1_pre_wind            0x2000013e   Data           2  lto-llvm-6753d7.o(.bss..L_MergedGlobals.306)
    FlashProc.last_code1_pre_time            0x20000140   Data           2  lto-llvm-6753d7.o(.bss..L_MergedGlobals.306)
    FlashProc.last_code1_temp_1              0x20000142   Data           2  lto-llvm-6753d7.o(.bss..L_MergedGlobals.306)
    FlashProc.last_code1_wind_1              0x20000144   Data           2  lto-llvm-6753d7.o(.bss..L_MergedGlobals.306)
    FlashProc.last_code1_time_1              0x20000146   Data           2  lto-llvm-6753d7.o(.bss..L_MergedGlobals.306)
    FlashProc.last_code1_temp_2              0x20000148   Data           2  lto-llvm-6753d7.o(.bss..L_MergedGlobals.306)
    FlashProc.last_code1_wind_2              0x2000014a   Data           2  lto-llvm-6753d7.o(.bss..L_MergedGlobals.306)
    FlashProc.last_code1_time_2              0x2000014c   Data           2  lto-llvm-6753d7.o(.bss..L_MergedGlobals.306)
    FlashProc.last_code1_temp_3              0x2000014e   Data           2  lto-llvm-6753d7.o(.bss..L_MergedGlobals.306)
    FlashProc.last_code1_wind_3              0x20000150   Data           2  lto-llvm-6753d7.o(.bss..L_MergedGlobals.306)
    FlashProc.last_code1_time_3              0x20000152   Data           2  lto-llvm-6753d7.o(.bss..L_MergedGlobals.306)
    FlashProc.last_code1_temp_4              0x20000154   Data           2  lto-llvm-6753d7.o(.bss..L_MergedGlobals.306)
    FlashProc.last_code1_wind_4              0x20000156   Data           2  lto-llvm-6753d7.o(.bss..L_MergedGlobals.306)
    FlashProc.last_code1_time_4              0x20000158   Data           2  lto-llvm-6753d7.o(.bss..L_MergedGlobals.306)
    FlashProc.last_code2_pre_temp            0x2000015a   Data           2  lto-llvm-6753d7.o(.bss..L_MergedGlobals.306)
    FlashProc.last_code2_pre_wind            0x2000015c   Data           2  lto-llvm-6753d7.o(.bss..L_MergedGlobals.306)
    FlashProc.last_code2_pre_time            0x2000015e   Data           2  lto-llvm-6753d7.o(.bss..L_MergedGlobals.306)
    FlashProc.last_code2_temp_1              0x20000160   Data           2  lto-llvm-6753d7.o(.bss..L_MergedGlobals.306)
    FlashProc.last_code2_wind_1              0x20000162   Data           2  lto-llvm-6753d7.o(.bss..L_MergedGlobals.306)
    FlashProc.last_code2_time_1              0x20000164   Data           2  lto-llvm-6753d7.o(.bss..L_MergedGlobals.306)
    FlashProc.last_code2_temp_2              0x20000166   Data           2  lto-llvm-6753d7.o(.bss..L_MergedGlobals.306)
    FlashProc.last_code2_wind_2              0x20000168   Data           2  lto-llvm-6753d7.o(.bss..L_MergedGlobals.306)
    FlashProc.last_code2_time_2              0x2000016a   Data           2  lto-llvm-6753d7.o(.bss..L_MergedGlobals.306)
    FlashProc.last_code2_temp_3              0x2000016c   Data           2  lto-llvm-6753d7.o(.bss..L_MergedGlobals.306)
    FlashProc.last_code2_wind_3              0x2000016e   Data           2  lto-llvm-6753d7.o(.bss..L_MergedGlobals.306)
    FlashProc.last_code2_time_3              0x20000170   Data           2  lto-llvm-6753d7.o(.bss..L_MergedGlobals.306)
    FlashProc.last_code2_temp_4              0x20000172   Data           2  lto-llvm-6753d7.o(.bss..L_MergedGlobals.306)
    FlashProc.last_code2_wind_4              0x20000174   Data           2  lto-llvm-6753d7.o(.bss..L_MergedGlobals.306)
    FlashProc.last_code2_time_4              0x20000176   Data           2  lto-llvm-6753d7.o(.bss..L_MergedGlobals.306)
    FlashProc.last_code3_pre_temp            0x20000178   Data           2  lto-llvm-6753d7.o(.bss..L_MergedGlobals.306)
    FlashProc.last_code3_pre_wind            0x2000017a   Data           2  lto-llvm-6753d7.o(.bss..L_MergedGlobals.306)
    FlashProc.last_code3_pre_time            0x2000017c   Data           2  lto-llvm-6753d7.o(.bss..L_MergedGlobals.306)
    FlashProc.last_code3_temp_1              0x2000017e   Data           2  lto-llvm-6753d7.o(.bss..L_MergedGlobals.306)
    FlashProc.last_code3_wind_1              0x20000180   Data           2  lto-llvm-6753d7.o(.bss..L_MergedGlobals.306)
    FlashProc.last_code3_time_1              0x20000182   Data           2  lto-llvm-6753d7.o(.bss..L_MergedGlobals.306)
    FlashProc.last_code3_temp_2              0x20000184   Data           2  lto-llvm-6753d7.o(.bss..L_MergedGlobals.306)
    FlashProc.last_code3_wind_2              0x20000186   Data           2  lto-llvm-6753d7.o(.bss..L_MergedGlobals.306)
    FlashProc.last_code3_time_2              0x20000188   Data           2  lto-llvm-6753d7.o(.bss..L_MergedGlobals.306)
    FlashProc.last_code3_temp_3              0x2000018a   Data           2  lto-llvm-6753d7.o(.bss..L_MergedGlobals.306)
    FlashProc.last_code3_wind_3              0x2000018c   Data           2  lto-llvm-6753d7.o(.bss..L_MergedGlobals.306)
    FlashProc.last_code3_time_3              0x2000018e   Data           2  lto-llvm-6753d7.o(.bss..L_MergedGlobals.306)
    FlashProc.last_code3_temp_4              0x20000190   Data           2  lto-llvm-6753d7.o(.bss..L_MergedGlobals.306)
    FlashProc.last_code3_wind_4              0x20000192   Data           2  lto-llvm-6753d7.o(.bss..L_MergedGlobals.306)
    FlashProc.last_code3_time_4              0x20000194   Data           2  lto-llvm-6753d7.o(.bss..L_MergedGlobals.306)
    FlashProc.last_code4_pre_temp            0x20000196   Data           2  lto-llvm-6753d7.o(.bss..L_MergedGlobals.306)
    FlashProc.last_code4_pre_wind            0x20000198   Data           2  lto-llvm-6753d7.o(.bss..L_MergedGlobals.306)
    FlashProc.last_code4_pre_time            0x2000019a   Data           2  lto-llvm-6753d7.o(.bss..L_MergedGlobals.306)
    FlashProc.last_code4_temp_1              0x200001a0   Data           2  lto-llvm-6753d7.o(.bss..L_MergedGlobals.307)
    [Anonymous Symbol]                       0x200001a0   Section        0  lto-llvm-6753d7.o(.bss..L_MergedGlobals.307)
    FlashProc.last_code4_wind_1              0x200001a2   Data           2  lto-llvm-6753d7.o(.bss..L_MergedGlobals.307)
    FlashProc.last_code4_time_1              0x200001a4   Data           2  lto-llvm-6753d7.o(.bss..L_MergedGlobals.307)
    FlashProc.last_code4_temp_2              0x200001a6   Data           2  lto-llvm-6753d7.o(.bss..L_MergedGlobals.307)
    FlashProc.last_code4_wind_2              0x200001a8   Data           2  lto-llvm-6753d7.o(.bss..L_MergedGlobals.307)
    FlashProc.last_code4_time_2              0x200001aa   Data           2  lto-llvm-6753d7.o(.bss..L_MergedGlobals.307)
    FlashProc.last_code4_temp_3              0x200001ac   Data           2  lto-llvm-6753d7.o(.bss..L_MergedGlobals.307)
    FlashProc.last_code4_wind_3              0x200001ae   Data           2  lto-llvm-6753d7.o(.bss..L_MergedGlobals.307)
    FlashProc.last_code4_time_3              0x200001b0   Data           2  lto-llvm-6753d7.o(.bss..L_MergedGlobals.307)
    FlashProc.last_code4_temp_4              0x200001b2   Data           2  lto-llvm-6753d7.o(.bss..L_MergedGlobals.307)
    FlashProc.last_code4_wind_4              0x200001b4   Data           2  lto-llvm-6753d7.o(.bss..L_MergedGlobals.307)
    FlashProc.last_code4_time_4              0x200001b6   Data           2  lto-llvm-6753d7.o(.bss..L_MergedGlobals.307)
    FlashProc.flash_version                  0x200001b8   Data           2  lto-llvm-6753d7.o(.bss..L_MergedGlobals.307)
    FlashProc.a_ver                          0x200001ba   Data           2  lto-llvm-6753d7.o(.bss..L_MergedGlobals.307)
    FlashProc.b_ver                          0x200001bc   Data           2  lto-llvm-6753d7.o(.bss..L_MergedGlobals.307)
    get_page.time                            0x200001be   Data           2  lto-llvm-6753d7.o(.bss..L_MergedGlobals.307)
    RecvDataFromLCD.ch1_press_time           0x200001c0   Data           2  lto-llvm-6753d7.o(.bss..L_MergedGlobals.307)
    RecvDataFromLCD.ch1_long_press_time      0x200001c2   Data           2  lto-llvm-6753d7.o(.bss..L_MergedGlobals.307)
    RecvDataFromLCD.ch2_press_time           0x200001c4   Data           2  lto-llvm-6753d7.o(.bss..L_MergedGlobals.307)
    RecvDataFromLCD.ch2_long_press_time      0x200001c6   Data           2  lto-llvm-6753d7.o(.bss..L_MergedGlobals.307)
    RecvDataFromLCD.ch3_press_time           0x200001c8   Data           2  lto-llvm-6753d7.o(.bss..L_MergedGlobals.307)
    RecvDataFromLCD.ch3_long_press_time      0x200001ca   Data           2  lto-llvm-6753d7.o(.bss..L_MergedGlobals.307)
    RecvDataFromLCD.ch4_press_time           0x200001cc   Data           2  lto-llvm-6753d7.o(.bss..L_MergedGlobals.307)
    RecvDataFromLCD.ch4_long_press_time      0x200001ce   Data           2  lto-llvm-6753d7.o(.bss..L_MergedGlobals.307)
    show_direct_temp.show_set_temp           0x200001d0   Data           2  lto-llvm-6753d7.o(.bss..L_MergedGlobals.307)
    get_direct_temp_state.last_show_temp     0x200001d2   Data           2  lto-llvm-6753d7.o(.bss..L_MergedGlobals.307)
    get_direct_time_state.last_show_time     0x200001d4   Data           2  lto-llvm-6753d7.o(.bss..L_MergedGlobals.307)
    get_code_mode_state.last_show_temp       0x200001d6   Data           2  lto-llvm-6753d7.o(.bss..L_MergedGlobals.307)
    get_code_mode_state.last_show_wind       0x200001d8   Data           2  lto-llvm-6753d7.o(.bss..L_MergedGlobals.307)
    get_code_mode_state.last_show_stop_wind  0x200001da   Data           2  lto-llvm-6753d7.o(.bss..L_MergedGlobals.307)
    get_code_mode_state.last_show_time       0x200001dc   Data           2  lto-llvm-6753d7.o(.bss..L_MergedGlobals.307)
    pc_comm_handle.time_1                    0x200001de   Data           2  lto-llvm-6753d7.o(.bss..L_MergedGlobals.307)
    pc_comm_handle.time_2                    0x200001e0   Data           2  lto-llvm-6753d7.o(.bss..L_MergedGlobals.307)
    sum                                      0x200001e2   Data           2  lto-llvm-6753d7.o(.bss..L_MergedGlobals.307)
    curNum                                   0x200001e4   Data           2  lto-llvm-6753d7.o(.bss..L_MergedGlobals.307)
    tmr3_ch1_readvalue                       0x200001e8   Data           4  lto-llvm-6753d7.o(.bss..L_MergedGlobals.307)
    timebase_ticks                           0x200001ec   Data           4  lto-llvm-6753d7.o(.bss..L_MergedGlobals.307)
    WriteDataToUART4.crc_value               0x200001f0   Data           4  lto-llvm-6753d7.o(.bss..L_MergedGlobals.307)
    WriteDataToUART5.crc_value               0x200001f4   Data           4  lto-llvm-6753d7.o(.bss..L_MergedGlobals.307)
    BeepProc.s_BeepStartTime                 0x200001f8   Data           8  lto-llvm-6753d7.o(.bss..L_MergedGlobals.307)
    FlashProc.last_system_run_time_m         0x20000200   Data           8  lto-llvm-6753d7.o(.bss..L_MergedGlobals.307)
    FlashProc.last_direct_hot_work_time_m    0x20000208   Data           8  lto-llvm-6753d7.o(.bss..L_MergedGlobals.307)
    tmt                                      0x20000210   Data          24  lto-llvm-6753d7.o(.bss..L_MergedGlobals.308)
    [Anonymous Symbol]                       0x20000210   Section        0  lto-llvm-6753d7.o(.bss..L_MergedGlobals.308)
    tUsart1Buffer                            0x20000228   Data          36  lto-llvm-6753d7.o(.bss..L_MergedGlobals.308)
    tUsart2Buffer                            0x2000024c   Data          36  lto-llvm-6753d7.o(.bss..L_MergedGlobals.308)
    tUsart3Buffer                            0x20000270   Data          36  lto-llvm-6753d7.o(.bss..L_MergedGlobals.309)
    [Anonymous Symbol]                       0x20000270   Section        0  lto-llvm-6753d7.o(.bss..L_MergedGlobals.309)
    tUart4Buffer                             0x20000294   Data          36  lto-llvm-6753d7.o(.bss..L_MergedGlobals.309)
    tUart5Buffer                             0x200002b8   Data          36  lto-llvm-6753d7.o(.bss..L_MergedGlobals.309)
    UART4_data                               0x200002dc   Data         532  lto-llvm-6753d7.o(.bss.UART4_data)
    [Anonymous Symbol]                       0x200002dc   Section        0  lto-llvm-6753d7.o(.bss.UART4_data)
    UART5_data                               0x200004f0   Data         532  lto-llvm-6753d7.o(.bss.UART5_data)
    [Anonymous Symbol]                       0x200004f0   Section        0  lto-llvm-6753d7.o(.bss.UART5_data)
    chUart4RxBuffer                          0x20000704   Data        1024  lto-llvm-6753d7.o(.bss.chUart4RxBuffer)
    [Anonymous Symbol]                       0x20000704   Section        0  lto-llvm-6753d7.o(.bss.chUart4RxBuffer)
    chUart5RxBuffer                          0x20000b04   Data        1024  lto-llvm-6753d7.o(.bss.chUart5RxBuffer)
    [Anonymous Symbol]                       0x20000b04   Section        0  lto-llvm-6753d7.o(.bss.chUart5RxBuffer)
    chUsart1RxBuffer                         0x20000f04   Data        1024  lto-llvm-6753d7.o(.bss.chUsart1RxBuffer)
    [Anonymous Symbol]                       0x20000f04   Section        0  lto-llvm-6753d7.o(.bss.chUsart1RxBuffer)
    chUsart1TxBuffer                         0x20001304   Data        1024  lto-llvm-6753d7.o(.bss.chUsart1TxBuffer)
    [Anonymous Symbol]                       0x20001304   Section        0  lto-llvm-6753d7.o(.bss.chUsart1TxBuffer)
    chUsart2RxBuffer                         0x20001704   Data        1024  lto-llvm-6753d7.o(.bss.chUsart2RxBuffer)
    [Anonymous Symbol]                       0x20001704   Section        0  lto-llvm-6753d7.o(.bss.chUsart2RxBuffer)
    chUsart2TxBuffer                         0x20001b04   Data        1024  lto-llvm-6753d7.o(.bss.chUsart2TxBuffer)
    [Anonymous Symbol]                       0x20001b04   Section        0  lto-llvm-6753d7.o(.bss.chUsart2TxBuffer)
    chUsart3RxBuffer                         0x20001f04   Data        1024  lto-llvm-6753d7.o(.bss.chUsart3RxBuffer)
    [Anonymous Symbol]                       0x20001f04   Section        0  lto-llvm-6753d7.o(.bss.chUsart3RxBuffer)
    direct_pid                               0x20002304   Data          44  lto-llvm-6753d7.o(.bss.direct_pid)
    [Anonymous Symbol]                       0x20002304   Section        0  lto-llvm-6753d7.o(.bss.direct_pid)
    fan_control.run_flag                     0x20002330   Data           1  lto-llvm-6753d7.o(.bss.fan_control.run_flag)
    [Anonymous Symbol]                       0x20002330   Section        0  lto-llvm-6753d7.o(.bss.fan_control.run_flag)
    feed_dog_task.first_in                   0x20002331   Data           1  lto-llvm-6753d7.o(.bss.feed_dog_task.first_in)
    [Anonymous Symbol]                       0x20002331   Section        0  lto-llvm-6753d7.o(.bss.feed_dog_task.first_in)
    object                                   0x20002334   Data         196  lto-llvm-6753d7.o(.bss.object)
    [Anonymous Symbol]                       0x20002334   Section        0  lto-llvm-6753d7.o(.bss.object)
    pc_data                                  0x200023f8   Data        1540  lto-llvm-6753d7.o(.bss.pc_data)
    [Anonymous Symbol]                       0x200023f8   Section        0  lto-llvm-6753d7.o(.bss.pc_data)
    sFWG2_t                                  0x20002a00   Data         384  lto-llvm-6753d7.o(.bss.sFWG2_t)
    [Anonymous Symbol]                       0x20002a00   Section        0  lto-llvm-6753d7.o(.bss.sFWG2_t)
    sdwin                                    0x20002b80   Data         268  lto-llvm-6753d7.o(.bss.sdwin)
    [Anonymous Symbol]                       0x20002b80   Section        0  lto-llvm-6753d7.o(.bss.sdwin)
    STACK                                    0x20002c90   Section     1024  startup_at32f415.o(STACK)

    Global Symbols

    Symbol Name                              Value     Ov Type        Size  Object(Section)

    BuildAttributes$$THM_ISAv4$E$P$D$K$B$S$7EM$PE$A:L22UL41UL21$X:L11$S22US41US21$IEEE1$IW$~IW$USESV6$~STKCKD$USESV7$~SHL$OTIME$ROPI$IEEEF$EBA8$MICROLIB$REQ8$PRES8$EABIv2 0x00000000   Number         0  anon$$obj.o ABSOLUTE
    _printf_a                                0x00000000   Number         0  printfstubs.o ABSOLUTE
    _printf_c                                0x00000000   Number         0  printfstubs.o ABSOLUTE
    _printf_charcount                        0x00000000   Number         0  printfstubs.o ABSOLUTE
    _printf_d                                0x00000000   Number         0  printfstubs.o ABSOLUTE
    _printf_e                                0x00000000   Number         0  printfstubs.o ABSOLUTE
    _printf_f                                0x00000000   Number         0  printfstubs.o ABSOLUTE
    _printf_flags                            0x00000000   Number         0  printfstubs.o ABSOLUTE
    _printf_fp_dec                           0x00000000   Number         0  printfstubs.o ABSOLUTE
    _printf_fp_hex                           0x00000000   Number         0  printfstubs.o ABSOLUTE
    _printf_g                                0x00000000   Number         0  printfstubs.o ABSOLUTE
    _printf_i                                0x00000000   Number         0  printfstubs.o ABSOLUTE
    _printf_int_dec                          0x00000000   Number         0  printfstubs.o ABSOLUTE
    _printf_l                                0x00000000   Number         0  printfstubs.o ABSOLUTE
    _printf_lc                               0x00000000   Number         0  printfstubs.o ABSOLUTE
    _printf_ll                               0x00000000   Number         0  printfstubs.o ABSOLUTE
    _printf_lld                              0x00000000   Number         0  printfstubs.o ABSOLUTE
    _printf_lli                              0x00000000   Number         0  printfstubs.o ABSOLUTE
    _printf_llo                              0x00000000   Number         0  printfstubs.o ABSOLUTE
    _printf_llu                              0x00000000   Number         0  printfstubs.o ABSOLUTE
    _printf_llx                              0x00000000   Number         0  printfstubs.o ABSOLUTE
    _printf_longlong_dec                     0x00000000   Number         0  printfstubs.o ABSOLUTE
    _printf_longlong_hex                     0x00000000   Number         0  printfstubs.o ABSOLUTE
    _printf_longlong_oct                     0x00000000   Number         0  printfstubs.o ABSOLUTE
    _printf_ls                               0x00000000   Number         0  printfstubs.o ABSOLUTE
    _printf_mbtowc                           0x00000000   Number         0  printfstubs.o ABSOLUTE
    _printf_n                                0x00000000   Number         0  printfstubs.o ABSOLUTE
    _printf_o                                0x00000000   Number         0  printfstubs.o ABSOLUTE
    _printf_p                                0x00000000   Number         0  printfstubs.o ABSOLUTE
    _printf_percent                          0x00000000   Number         0  printfstubs.o ABSOLUTE
    _printf_pre_padding                      0x00000000   Number         0  printfstubs.o ABSOLUTE
    _printf_return_value                     0x00000000   Number         0  printfstubs.o ABSOLUTE
    _printf_s                                0x00000000   Number         0  printfstubs.o ABSOLUTE
    _printf_sizespec                         0x00000000   Number         0  printfstubs.o ABSOLUTE
    _printf_str                              0x00000000   Number         0  printfstubs.o ABSOLUTE
    _printf_truncate_signed                  0x00000000   Number         0  printfstubs.o ABSOLUTE
    _printf_truncate_unsigned                0x00000000   Number         0  printfstubs.o ABSOLUTE
    _printf_u                                0x00000000   Number         0  printfstubs.o ABSOLUTE
    _printf_wc                               0x00000000   Number         0  printfstubs.o ABSOLUTE
    _printf_wctomb                           0x00000000   Number         0  printfstubs.o ABSOLUTE
    _printf_widthprec                        0x00000000   Number         0  printfstubs.o ABSOLUTE
    _printf_x                                0x00000000   Number         0  printfstubs.o ABSOLUTE
    __cpp_initialize__aeabi_                  - Undefined Weak Reference
    __cxa_finalize                            - Undefined Weak Reference
    __decompress                              - Undefined Weak Reference
    _clock_init                               - Undefined Weak Reference
    _microlib_exit                            - Undefined Weak Reference
    __Vectors_Size                           0x00000170   Number         0  startup_at32f415.o ABSOLUTE
    __Vectors                                0x08004000   Data           4  startup_at32f415.o(RESET)
    __Vectors_End                            0x08004170   Data           0  startup_at32f415.o(RESET)
    __main                                   0x08004171   Thumb Code     0  entry.o(.ARM.Collect$$$$00000000)
    _main_stk                                0x08004171   Thumb Code     0  entry2.o(.ARM.Collect$$$$00000001)
    _main_scatterload                        0x08004175   Thumb Code     0  entry5.o(.ARM.Collect$$$$00000004)
    __main_after_scatterload                 0x08004179   Thumb Code     0  entry5.o(.ARM.Collect$$$$00000004)
    _main_clock                              0x08004179   Thumb Code     0  entry7b.o(.ARM.Collect$$$$00000008)
    _main_cpp_init                           0x08004179   Thumb Code     0  entry8b.o(.ARM.Collect$$$$0000000A)
    _main_init                               0x08004179   Thumb Code     0  entry9a.o(.ARM.Collect$$$$0000000B)
    __rt_final_cpp                           0x08004181   Thumb Code     0  entry10a.o(.ARM.Collect$$$$0000000D)
    __rt_final_exit                          0x08004181   Thumb Code     0  entry11a.o(.ARM.Collect$$$$0000000F)
    Reset_Handler                            0x08004185   Thumb Code     8  startup_at32f415.o(.text)
    ADC1_IRQHandler                          0x0800419f   Thumb Code     0  startup_at32f415.o(.text)
    CAN1_RX0_IRQHandler                      0x0800419f   Thumb Code     0  startup_at32f415.o(.text)
    CAN1_RX1_IRQHandler                      0x0800419f   Thumb Code     0  startup_at32f415.o(.text)
    CAN1_SE_IRQHandler                       0x0800419f   Thumb Code     0  startup_at32f415.o(.text)
    CAN1_TX_IRQHandler                       0x0800419f   Thumb Code     0  startup_at32f415.o(.text)
    CMP1_IRQHandler                          0x0800419f   Thumb Code     0  startup_at32f415.o(.text)
    CMP2_IRQHandler                          0x0800419f   Thumb Code     0  startup_at32f415.o(.text)
    CRM_IRQHandler                           0x0800419f   Thumb Code     0  startup_at32f415.o(.text)
    DMA1_Channel1_IRQHandler                 0x0800419f   Thumb Code     0  startup_at32f415.o(.text)
    DMA1_Channel2_IRQHandler                 0x0800419f   Thumb Code     0  startup_at32f415.o(.text)
    DMA1_Channel3_IRQHandler                 0x0800419f   Thumb Code     0  startup_at32f415.o(.text)
    DMA1_Channel4_IRQHandler                 0x0800419f   Thumb Code     0  startup_at32f415.o(.text)
    DMA1_Channel5_IRQHandler                 0x0800419f   Thumb Code     0  startup_at32f415.o(.text)
    DMA1_Channel6_IRQHandler                 0x0800419f   Thumb Code     0  startup_at32f415.o(.text)
    DMA1_Channel7_IRQHandler                 0x0800419f   Thumb Code     0  startup_at32f415.o(.text)
    DMA2_Channel1_IRQHandler                 0x0800419f   Thumb Code     0  startup_at32f415.o(.text)
    DMA2_Channel2_IRQHandler                 0x0800419f   Thumb Code     0  startup_at32f415.o(.text)
    DMA2_Channel3_IRQHandler                 0x0800419f   Thumb Code     0  startup_at32f415.o(.text)
    DMA2_Channel4_5_IRQHandler               0x0800419f   Thumb Code     0  startup_at32f415.o(.text)
    DMA2_Channel6_7_IRQHandler               0x0800419f   Thumb Code     0  startup_at32f415.o(.text)
    ERTCAlarm_IRQHandler                     0x0800419f   Thumb Code     0  startup_at32f415.o(.text)
    ERTC_WKUP_IRQHandler                     0x0800419f   Thumb Code     0  startup_at32f415.o(.text)
    EXINT0_IRQHandler                        0x0800419f   Thumb Code     0  startup_at32f415.o(.text)
    EXINT15_10_IRQHandler                    0x0800419f   Thumb Code     0  startup_at32f415.o(.text)
    EXINT1_IRQHandler                        0x0800419f   Thumb Code     0  startup_at32f415.o(.text)
    EXINT2_IRQHandler                        0x0800419f   Thumb Code     0  startup_at32f415.o(.text)
    EXINT3_IRQHandler                        0x0800419f   Thumb Code     0  startup_at32f415.o(.text)
    EXINT4_IRQHandler                        0x0800419f   Thumb Code     0  startup_at32f415.o(.text)
    EXINT9_5_IRQHandler                      0x0800419f   Thumb Code     0  startup_at32f415.o(.text)
    FLASH_IRQHandler                         0x0800419f   Thumb Code     0  startup_at32f415.o(.text)
    I2C1_ERR_IRQHandler                      0x0800419f   Thumb Code     0  startup_at32f415.o(.text)
    I2C1_EVT_IRQHandler                      0x0800419f   Thumb Code     0  startup_at32f415.o(.text)
    I2C2_ERR_IRQHandler                      0x0800419f   Thumb Code     0  startup_at32f415.o(.text)
    I2C2_EVT_IRQHandler                      0x0800419f   Thumb Code     0  startup_at32f415.o(.text)
    OTGFS1_IRQHandler                        0x0800419f   Thumb Code     0  startup_at32f415.o(.text)
    OTGFS1_WKUP_IRQHandler                   0x0800419f   Thumb Code     0  startup_at32f415.o(.text)
    PVM_IRQHandler                           0x0800419f   Thumb Code     0  startup_at32f415.o(.text)
    SDIO1_IRQHandler                         0x0800419f   Thumb Code     0  startup_at32f415.o(.text)
    SPI1_IRQHandler                          0x0800419f   Thumb Code     0  startup_at32f415.o(.text)
    SPI2_IRQHandler                          0x0800419f   Thumb Code     0  startup_at32f415.o(.text)
    TAMP_STAMP_IRQHandler                    0x0800419f   Thumb Code     0  startup_at32f415.o(.text)
    TMR1_BRK_TMR9_IRQHandler                 0x0800419f   Thumb Code     0  startup_at32f415.o(.text)
    TMR1_CH_IRQHandler                       0x0800419f   Thumb Code     0  startup_at32f415.o(.text)
    TMR1_OVF_TMR10_IRQHandler                0x0800419f   Thumb Code     0  startup_at32f415.o(.text)
    TMR1_TRG_HALL_TMR11_IRQHandler           0x0800419f   Thumb Code     0  startup_at32f415.o(.text)
    TMR4_GLOBAL_IRQHandler                   0x0800419f   Thumb Code     0  startup_at32f415.o(.text)
    TMR5_GLOBAL_IRQHandler                   0x0800419f   Thumb Code     0  startup_at32f415.o(.text)
    WWDT_IRQHandler                          0x0800419f   Thumb Code     0  startup_at32f415.o(.text)
    __I$use$fp                               0x080041a9   Thumb Code     0  iusefp.o(.text)
    __aeabi_dadd                             0x080041a9   Thumb Code   322  dadd.o(.text)
    __aeabi_dsub                             0x080042eb   Thumb Code     6  dadd.o(.text)
    __aeabi_drsub                            0x080042f1   Thumb Code     6  dadd.o(.text)
    __aeabi_dmul                             0x080042f7   Thumb Code   228  dmul.o(.text)
    __aeabi_ddiv                             0x080043db   Thumb Code   222  ddiv.o(.text)
    __scatterload                            0x080044b9   Thumb Code    38  init.o(.text)
    __scatterload_rt2                        0x080044b9   Thumb Code     0  init.o(.text)
    __aeabi_llsl                             0x080044e9   Thumb Code    30  llshl.o(.text)
    _ll_shift_l                              0x080044e9   Thumb Code     0  llshl.o(.text)
    __aeabi_llsr                             0x08004507   Thumb Code    32  llushr.o(.text)
    _ll_ushift_r                             0x08004507   Thumb Code     0  llushr.o(.text)
    __aeabi_lasr                             0x08004527   Thumb Code    36  llsshr.o(.text)
    _ll_sshift_r                             0x08004527   Thumb Code     0  llsshr.o(.text)
    _double_round                            0x0800454b   Thumb Code    30  depilogue.o(.text)
    _double_epilogue                         0x08004569   Thumb Code   156  depilogue.o(.text)
    __aeabi_memset                           0x08004605   Thumb Code    14  memseta.o(.text)
    __aeabi_memset4                          0x08004605   Thumb Code     0  memseta.o(.text)
    __aeabi_memset8                          0x08004605   Thumb Code     0  memseta.o(.text)
    __aeabi_memclr                           0x08004613   Thumb Code     4  memseta.o(.text)
    __aeabi_memclr4                          0x08004613   Thumb Code     0  memseta.o(.text)
    __aeabi_memclr8                          0x08004613   Thumb Code     0  memseta.o(.text)
    _memset$wrapper                          0x08004617   Thumb Code    18  memseta.o(.text)
    __aeabi_fadd                             0x08004629   Thumb Code   164  fadd.o(.text)
    __aeabi_fsub                             0x080046cd   Thumb Code     6  fadd.o(.text)
    __aeabi_frsub                            0x080046d3   Thumb Code     6  fadd.o(.text)
    __aeabi_fmul                             0x080046d9   Thumb Code   100  fmul.o(.text)
    __aeabi_fdiv                             0x0800473d   Thumb Code   124  fdiv.o(.text)
    __aeabi_fcmple                           0x080047b9   Thumb Code    28  fcmple.o(.text)
    __aeabi_fcmplt                           0x080047d5   Thumb Code    28  fcmplt.o(.text)
    __aeabi_fcmpge                           0x080047f1   Thumb Code    28  fcmpge.o(.text)
    __aeabi_fcmpgt                           0x0800480d   Thumb Code    28  fcmpgt.o(.text)
    __aeabi_i2f                              0x08004829   Thumb Code    18  fflti.o(.text)
    __aeabi_ui2f                             0x0800483b   Thumb Code    10  ffltui.o(.text)
    __aeabi_i2d                              0x08004845   Thumb Code    34  dflti.o(.text)
    __aeabi_ui2d                             0x08004867   Thumb Code    26  dfltui.o(.text)
    __aeabi_f2iz                             0x08004881   Thumb Code    50  ffixi.o(.text)
    __aeabi_f2uiz                            0x080048b3   Thumb Code    40  ffixui.o(.text)
    __aeabi_d2iz                             0x080048db   Thumb Code    62  dfixi.o(.text)
    __aeabi_d2uiz                            0x08004919   Thumb Code    50  dfixui.o(.text)
    _float_round                             0x0800494b   Thumb Code    18  fepilogue.o(.text)
    _float_epilogue                          0x0800495d   Thumb Code    92  fepilogue.o(.text)
    BusFault_Handler                         0x080049b9   Thumb Code     2  lto-llvm-6753d7.o(.text.BusFault_Handler)
    DebugMon_Handler                         0x080049bb   Thumb Code     2  lto-llvm-6753d7.o(.text.DebugMon_Handler)
    HardFault_Handler                        0x080049bd   Thumb Code     2  lto-llvm-6753d7.o(.text.HardFault_Handler)
    MemManage_Handler                        0x080049bf   Thumb Code     2  lto-llvm-6753d7.o(.text.MemManage_Handler)
    NMI_Handler                              0x080049c1   Thumb Code     2  lto-llvm-6753d7.o(.text.NMI_Handler)
    PendSV_Handler                           0x08005321   Thumb Code     2  lto-llvm-6753d7.o(.text.PendSV_Handler)
    SVC_Handler                              0x08006ac9   Thumb Code     2  lto-llvm-6753d7.o(.text.SVC_Handler)
    SysTick_Handler                          0x08006acd   Thumb Code  1440  lto-llvm-6753d7.o(.text.SysTick_Handler)
    SystemInit                               0x080070c5   Thumb Code   100  lto-llvm-6753d7.o(.text.SystemInit)
    TMR2_GLOBAL_IRQHandler                   0x08007139   Thumb Code   904  lto-llvm-6753d7.o(.text.TMR2_GLOBAL_IRQHandler)
    TMR3_GLOBAL_IRQHandler                   0x080074d9   Thumb Code    32  lto-llvm-6753d7.o(.text.TMR3_GLOBAL_IRQHandler)
    UART4_IRQHandler                         0x08007501   Thumb Code    88  lto-llvm-6753d7.o(.text.UART4_IRQHandler)
    UART5_IRQHandler                         0x0800755d   Thumb Code    88  lto-llvm-6753d7.o(.text.UART5_IRQHandler)
    USART1_IRQHandler                        0x080075b9   Thumb Code    84  lto-llvm-6753d7.o(.text.USART1_IRQHandler)
    USART2_IRQHandler                        0x08007611   Thumb Code    84  lto-llvm-6753d7.o(.text.USART2_IRQHandler)
    USART3_IRQHandler                        0x0800766d   Thumb Code    88  lto-llvm-6753d7.o(.text.USART3_IRQHandler)
    UsageFault_Handler                       0x080076cd   Thumb Code     2  lto-llvm-6753d7.o(.text.UsageFault_Handler)
    main                                     0x0800c16d   Thumb Code  3016  lto-llvm-6753d7.o(.text.main)
    __scatterload_copy                       0x0800dfed   Thumb Code    14  handlers.o(i.__scatterload_copy)
    __scatterload_null                       0x0800dffb   Thumb Code     2  handlers.o(i.__scatterload_null)
    __scatterload_zeroinit                   0x0800dffd   Thumb Code    14  handlers.o(i.__scatterload_zeroinit)
    Region$$Table$$Base                      0x0800e078   Number         0  anon$$obj.o(Region$$Table)
    Region$$Table$$Limit                     0x0800e098   Number         0  anon$$obj.o(Region$$Table)
    __initial_sp                             0x20003090   Data           0  startup_at32f415.o(STACK)



==============================================================================

Memory Map of the image

  Image Entry point : 0x08004171

  Load Region LR_IROM1 (Base: 0x08004000, Size: 0x0000a138, Max: 0x00020000, ABSOLUTE)

    Execution Region ER_IROM1 (Exec base: 0x08004000, Load base: 0x08004000, Size: 0x0000a098, Max: 0x00020000, ABSOLUTE)

    Exec Addr    Load Addr    Size         Type   Attr      Idx    E Section Name        Object

    0x08004000   0x08004000   0x00000170   Data   RO           32    RESET               startup_at32f415.o
    0x08004170   0x08004170   0x00000000   Code   RO           61  * .ARM.Collect$$$$00000000  mc_w.l(entry.o)
    0x08004170   0x08004170   0x00000004   Code   RO          327    .ARM.Collect$$$$00000001  mc_w.l(entry2.o)
    0x08004174   0x08004174   0x00000004   Code   RO          330    .ARM.Collect$$$$00000004  mc_w.l(entry5.o)
    0x08004178   0x08004178   0x00000000   Code   RO          332    .ARM.Collect$$$$00000008  mc_w.l(entry7b.o)
    0x08004178   0x08004178   0x00000000   Code   RO          334    .ARM.Collect$$$$0000000A  mc_w.l(entry8b.o)
    0x08004178   0x08004178   0x00000008   Code   RO          335    .ARM.Collect$$$$0000000B  mc_w.l(entry9a.o)
    0x08004180   0x08004180   0x00000000   Code   RO          337    .ARM.Collect$$$$0000000D  mc_w.l(entry10a.o)
    0x08004180   0x08004180   0x00000000   Code   RO          339    .ARM.Collect$$$$0000000F  mc_w.l(entry11a.o)
    0x08004180   0x08004180   0x00000004   Code   RO          328    .ARM.Collect$$$$00002712  mc_w.l(entry2.o)
    0x08004184   0x08004184   0x00000024   Code   RO           33    .text               startup_at32f415.o
    0x080041a8   0x080041a8   0x00000000   Code   RO          359    .text               mc_w.l(iusefp.o)
    0x080041a8   0x080041a8   0x0000014e   Code   RO          360    .text               mf_w.l(dadd.o)
    0x080042f6   0x080042f6   0x000000e4   Code   RO          362    .text               mf_w.l(dmul.o)
    0x080043da   0x080043da   0x000000de   Code   RO          364    .text               mf_w.l(ddiv.o)
    0x080044b8   0x080044b8   0x00000030   Code   RO          370    .text               mc_w.l(init.o)
    0x080044e8   0x080044e8   0x0000001e   Code   RO          373    .text               mc_w.l(llshl.o)
    0x08004506   0x08004506   0x00000020   Code   RO          375    .text               mc_w.l(llushr.o)
    0x08004526   0x08004526   0x00000024   Code   RO          377    .text               mc_w.l(llsshr.o)
    0x0800454a   0x0800454a   0x000000ba   Code   RO          380    .text               mf_w.l(depilogue.o)
    0x08004604   0x08004604   0x00000024   Code   RO          930    .text               mc_w.l(memseta.o)
    0x08004628   0x08004628   0x000000b0   Code   RO          932    .text               mf_w.l(fadd.o)
    0x080046d8   0x080046d8   0x00000064   Code   RO          934    .text               mf_w.l(fmul.o)
    0x0800473c   0x0800473c   0x0000007c   Code   RO          936    .text               mf_w.l(fdiv.o)
    0x080047b8   0x080047b8   0x0000001c   Code   RO          938    .text               mf_w.l(fcmple.o)
    0x080047d4   0x080047d4   0x0000001c   Code   RO          940    .text               mf_w.l(fcmplt.o)
    0x080047f0   0x080047f0   0x0000001c   Code   RO          942    .text               mf_w.l(fcmpge.o)
    0x0800480c   0x0800480c   0x0000001c   Code   RO          944    .text               mf_w.l(fcmpgt.o)
    0x08004828   0x08004828   0x00000012   Code   RO          946    .text               mf_w.l(fflti.o)
    0x0800483a   0x0800483a   0x0000000a   Code   RO          948    .text               mf_w.l(ffltui.o)
    0x08004844   0x08004844   0x00000022   Code   RO          950    .text               mf_w.l(dflti.o)
    0x08004866   0x08004866   0x0000001a   Code   RO          952    .text               mf_w.l(dfltui.o)
    0x08004880   0x08004880   0x00000032   Code   RO          954    .text               mf_w.l(ffixi.o)
    0x080048b2   0x080048b2   0x00000028   Code   RO          956    .text               mf_w.l(ffixui.o)
    0x080048da   0x080048da   0x0000003e   Code   RO          958    .text               mf_w.l(dfixi.o)
    0x08004918   0x08004918   0x00000032   Code   RO          960    .text               mf_w.l(dfixui.o)
    0x0800494a   0x0800494a   0x0000006e   Code   RO          962    .text               mf_w.l(fepilogue.o)
    0x080049b8   0x080049b8   0x00000002   Code   RO          415    .text.BusFault_Handler  lto-llvm-6753d7.o
    0x080049ba   0x080049ba   0x00000002   Code   RO          421    .text.DebugMon_Handler  lto-llvm-6753d7.o
    0x080049bc   0x080049bc   0x00000002   Code   RO          411    .text.HardFault_Handler  lto-llvm-6753d7.o
    0x080049be   0x080049be   0x00000002   Code   RO          413    .text.MemManage_Handler  lto-llvm-6753d7.o
    0x080049c0   0x080049c0   0x00000002   Code   RO          409    .text.NMI_Handler   lto-llvm-6753d7.o
    0x080049c2   0x080049c2   0x00000008   Code   RO          527    .text.OUTLINED_FUNCTION_0  lto-llvm-6753d7.o
    0x080049ca   0x080049ca   0x0000000e   Code   RO          529    .text.OUTLINED_FUNCTION_1  lto-llvm-6753d7.o
    0x080049d8   0x080049d8   0x00000010   Code   RO          547    .text.OUTLINED_FUNCTION_10  lto-llvm-6753d7.o
    0x080049e8   0x080049e8   0x0000000a   Code   RO          727    .text.OUTLINED_FUNCTION_100  lto-llvm-6753d7.o
    0x080049f2   0x080049f2   0x0000000a   Code   RO          729    .text.OUTLINED_FUNCTION_101  lto-llvm-6753d7.o
    0x080049fc   0x080049fc   0x0000000a   Code   RO          731    .text.OUTLINED_FUNCTION_102  lto-llvm-6753d7.o
    0x08004a06   0x08004a06   0x0000000a   Code   RO          733    .text.OUTLINED_FUNCTION_103  lto-llvm-6753d7.o
    0x08004a10   0x08004a10   0x0000000a   Code   RO          735    .text.OUTLINED_FUNCTION_104  lto-llvm-6753d7.o
    0x08004a1a   0x08004a1a   0x0000000a   Code   RO          737    .text.OUTLINED_FUNCTION_105  lto-llvm-6753d7.o
    0x08004a24   0x08004a24   0x0000000a   Code   RO          739    .text.OUTLINED_FUNCTION_106  lto-llvm-6753d7.o
    0x08004a2e   0x08004a2e   0x0000000a   Code   RO          741    .text.OUTLINED_FUNCTION_107  lto-llvm-6753d7.o
    0x08004a38   0x08004a38   0x0000000a   Code   RO          743    .text.OUTLINED_FUNCTION_108  lto-llvm-6753d7.o
    0x08004a42   0x08004a42   0x0000000a   Code   RO          745    .text.OUTLINED_FUNCTION_109  lto-llvm-6753d7.o
    0x08004a4c   0x08004a4c   0x00000008   Code   RO          549    .text.OUTLINED_FUNCTION_11  lto-llvm-6753d7.o
    0x08004a54   0x08004a54   0x0000000a   Code   RO          747    .text.OUTLINED_FUNCTION_110  lto-llvm-6753d7.o
    0x08004a5e   0x08004a5e   0x0000000a   Code   RO          749    .text.OUTLINED_FUNCTION_111  lto-llvm-6753d7.o
    0x08004a68   0x08004a68   0x0000000a   Code   RO          751    .text.OUTLINED_FUNCTION_112  lto-llvm-6753d7.o
    0x08004a72   0x08004a72   0x0000000a   Code   RO          753    .text.OUTLINED_FUNCTION_113  lto-llvm-6753d7.o
    0x08004a7c   0x08004a7c   0x0000000a   Code   RO          755    .text.OUTLINED_FUNCTION_114  lto-llvm-6753d7.o
    0x08004a86   0x08004a86   0x0000000a   Code   RO          757    .text.OUTLINED_FUNCTION_115  lto-llvm-6753d7.o
    0x08004a90   0x08004a90   0x0000000a   Code   RO          759    .text.OUTLINED_FUNCTION_116  lto-llvm-6753d7.o
    0x08004a9a   0x08004a9a   0x0000000e   Code   RO          761    .text.OUTLINED_FUNCTION_117  lto-llvm-6753d7.o
    0x08004aa8   0x08004aa8   0x0000000e   Code   RO          763    .text.OUTLINED_FUNCTION_118  lto-llvm-6753d7.o
    0x08004ab6   0x08004ab6   0x0000000a   Code   RO          765    .text.OUTLINED_FUNCTION_119  lto-llvm-6753d7.o
    0x08004ac0   0x08004ac0   0x00000012   Code   RO          551    .text.OUTLINED_FUNCTION_12  lto-llvm-6753d7.o
    0x08004ad2   0x08004ad2   0x0000000a   Code   RO          767    .text.OUTLINED_FUNCTION_120  lto-llvm-6753d7.o
    0x08004adc   0x08004adc   0x0000000a   Code   RO          769    .text.OUTLINED_FUNCTION_121  lto-llvm-6753d7.o
    0x08004ae6   0x08004ae6   0x0000000a   Code   RO          771    .text.OUTLINED_FUNCTION_122  lto-llvm-6753d7.o
    0x08004af0   0x08004af0   0x0000000a   Code   RO          773    .text.OUTLINED_FUNCTION_123  lto-llvm-6753d7.o
    0x08004afa   0x08004afa   0x0000000a   Code   RO          775    .text.OUTLINED_FUNCTION_124  lto-llvm-6753d7.o
    0x08004b04   0x08004b04   0x0000000e   Code   RO          777    .text.OUTLINED_FUNCTION_125  lto-llvm-6753d7.o
    0x08004b12   0x08004b12   0x0000000a   Code   RO          779    .text.OUTLINED_FUNCTION_126  lto-llvm-6753d7.o
    0x08004b1c   0x08004b1c   0x0000000a   Code   RO          781    .text.OUTLINED_FUNCTION_127  lto-llvm-6753d7.o
    0x08004b26   0x08004b26   0x0000000a   Code   RO          783    .text.OUTLINED_FUNCTION_128  lto-llvm-6753d7.o
    0x08004b30   0x08004b30   0x0000000a   Code   RO          785    .text.OUTLINED_FUNCTION_129  lto-llvm-6753d7.o
    0x08004b3a   0x08004b3a   0x00000012   Code   RO          553    .text.OUTLINED_FUNCTION_13  lto-llvm-6753d7.o
    0x08004b4c   0x08004b4c   0x00000008   Code   RO          787    .text.OUTLINED_FUNCTION_130  lto-llvm-6753d7.o
    0x08004b54   0x08004b54   0x0000000a   Code   RO          789    .text.OUTLINED_FUNCTION_131  lto-llvm-6753d7.o
    0x08004b5e   0x08004b5e   0x0000000a   Code   RO          791    .text.OUTLINED_FUNCTION_132  lto-llvm-6753d7.o
    0x08004b68   0x08004b68   0x0000000a   Code   RO          793    .text.OUTLINED_FUNCTION_133  lto-llvm-6753d7.o
    0x08004b72   0x08004b72   0x0000000a   Code   RO          795    .text.OUTLINED_FUNCTION_134  lto-llvm-6753d7.o
    0x08004b7c   0x08004b7c   0x0000000a   Code   RO          797    .text.OUTLINED_FUNCTION_135  lto-llvm-6753d7.o
    0x08004b86   0x08004b86   0x0000000a   Code   RO          799    .text.OUTLINED_FUNCTION_136  lto-llvm-6753d7.o
    0x08004b90   0x08004b90   0x0000000a   Code   RO          801    .text.OUTLINED_FUNCTION_137  lto-llvm-6753d7.o
    0x08004b9a   0x08004b9a   0x0000000a   Code   RO          803    .text.OUTLINED_FUNCTION_138  lto-llvm-6753d7.o
    0x08004ba4   0x08004ba4   0x0000000a   Code   RO          805    .text.OUTLINED_FUNCTION_139  lto-llvm-6753d7.o
    0x08004bae   0x08004bae   0x0000000e   Code   RO          555    .text.OUTLINED_FUNCTION_14  lto-llvm-6753d7.o
    0x08004bbc   0x08004bbc   0x0000000a   Code   RO          807    .text.OUTLINED_FUNCTION_140  lto-llvm-6753d7.o
    0x08004bc6   0x08004bc6   0x0000000a   Code   RO          809    .text.OUTLINED_FUNCTION_141  lto-llvm-6753d7.o
    0x08004bd0   0x08004bd0   0x0000000a   Code   RO          811    .text.OUTLINED_FUNCTION_142  lto-llvm-6753d7.o
    0x08004bda   0x08004bda   0x0000000a   Code   RO          813    .text.OUTLINED_FUNCTION_143  lto-llvm-6753d7.o
    0x08004be4   0x08004be4   0x0000000a   Code   RO          815    .text.OUTLINED_FUNCTION_144  lto-llvm-6753d7.o
    0x08004bee   0x08004bee   0x0000000a   Code   RO          817    .text.OUTLINED_FUNCTION_145  lto-llvm-6753d7.o
    0x08004bf8   0x08004bf8   0x0000000a   Code   RO          819    .text.OUTLINED_FUNCTION_146  lto-llvm-6753d7.o
    0x08004c02   0x08004c02   0x0000000a   Code   RO          821    .text.OUTLINED_FUNCTION_147  lto-llvm-6753d7.o
    0x08004c0c   0x08004c0c   0x0000000a   Code   RO          823    .text.OUTLINED_FUNCTION_148  lto-llvm-6753d7.o
    0x08004c16   0x08004c16   0x0000000a   Code   RO          825    .text.OUTLINED_FUNCTION_149  lto-llvm-6753d7.o
    0x08004c20   0x08004c20   0x00000016   Code   RO          557    .text.OUTLINED_FUNCTION_15  lto-llvm-6753d7.o
    0x08004c36   0x08004c36   0x0000000a   Code   RO          827    .text.OUTLINED_FUNCTION_150  lto-llvm-6753d7.o
    0x08004c40   0x08004c40   0x0000000a   Code   RO          829    .text.OUTLINED_FUNCTION_151  lto-llvm-6753d7.o
    0x08004c4a   0x08004c4a   0x0000000a   Code   RO          831    .text.OUTLINED_FUNCTION_152  lto-llvm-6753d7.o
    0x08004c54   0x08004c54   0x0000000a   Code   RO          833    .text.OUTLINED_FUNCTION_153  lto-llvm-6753d7.o
    0x08004c5e   0x08004c5e   0x0000000a   Code   RO          835    .text.OUTLINED_FUNCTION_154  lto-llvm-6753d7.o
    0x08004c68   0x08004c68   0x0000000a   Code   RO          837    .text.OUTLINED_FUNCTION_155  lto-llvm-6753d7.o
    0x08004c72   0x08004c72   0x0000000a   Code   RO          839    .text.OUTLINED_FUNCTION_156  lto-llvm-6753d7.o
    0x08004c7c   0x08004c7c   0x0000000a   Code   RO          841    .text.OUTLINED_FUNCTION_157  lto-llvm-6753d7.o
    0x08004c86   0x08004c86   0x0000000a   Code   RO          843    .text.OUTLINED_FUNCTION_158  lto-llvm-6753d7.o
    0x08004c90   0x08004c90   0x0000000a   Code   RO          845    .text.OUTLINED_FUNCTION_159  lto-llvm-6753d7.o
    0x08004c9a   0x08004c9a   0x00000010   Code   RO          559    .text.OUTLINED_FUNCTION_16  lto-llvm-6753d7.o
    0x08004caa   0x08004caa   0x0000000a   Code   RO          847    .text.OUTLINED_FUNCTION_160  lto-llvm-6753d7.o
    0x08004cb4   0x08004cb4   0x0000000a   Code   RO          849    .text.OUTLINED_FUNCTION_161  lto-llvm-6753d7.o
    0x08004cbe   0x08004cbe   0x0000000a   Code   RO          851    .text.OUTLINED_FUNCTION_162  lto-llvm-6753d7.o
    0x08004cc8   0x08004cc8   0x0000000a   Code   RO          853    .text.OUTLINED_FUNCTION_163  lto-llvm-6753d7.o
    0x08004cd2   0x08004cd2   0x0000000a   Code   RO          855    .text.OUTLINED_FUNCTION_164  lto-llvm-6753d7.o
    0x08004cdc   0x08004cdc   0x0000000a   Code   RO          857    .text.OUTLINED_FUNCTION_165  lto-llvm-6753d7.o
    0x08004ce6   0x08004ce6   0x0000000a   Code   RO          859    .text.OUTLINED_FUNCTION_166  lto-llvm-6753d7.o
    0x08004cf0   0x08004cf0   0x0000000a   Code   RO          861    .text.OUTLINED_FUNCTION_167  lto-llvm-6753d7.o
    0x08004cfa   0x08004cfa   0x0000000a   Code   RO          863    .text.OUTLINED_FUNCTION_168  lto-llvm-6753d7.o
    0x08004d04   0x08004d04   0x0000000e   Code   RO          865    .text.OUTLINED_FUNCTION_169  lto-llvm-6753d7.o
    0x08004d12   0x08004d12   0x00000010   Code   RO          561    .text.OUTLINED_FUNCTION_17  lto-llvm-6753d7.o
    0x08004d22   0x08004d22   0x0000000a   Code   RO          867    .text.OUTLINED_FUNCTION_170  lto-llvm-6753d7.o
    0x08004d2c   0x08004d2c   0x0000000a   Code   RO          869    .text.OUTLINED_FUNCTION_171  lto-llvm-6753d7.o
    0x08004d36   0x08004d36   0x0000000a   Code   RO          871    .text.OUTLINED_FUNCTION_172  lto-llvm-6753d7.o
    0x08004d40   0x08004d40   0x0000000a   Code   RO          873    .text.OUTLINED_FUNCTION_173  lto-llvm-6753d7.o
    0x08004d4a   0x08004d4a   0x0000000a   Code   RO          875    .text.OUTLINED_FUNCTION_174  lto-llvm-6753d7.o
    0x08004d54   0x08004d54   0x0000000a   Code   RO          877    .text.OUTLINED_FUNCTION_175  lto-llvm-6753d7.o
    0x08004d5e   0x08004d5e   0x0000000a   Code   RO          879    .text.OUTLINED_FUNCTION_176  lto-llvm-6753d7.o
    0x08004d68   0x08004d68   0x0000000a   Code   RO          881    .text.OUTLINED_FUNCTION_177  lto-llvm-6753d7.o
    0x08004d72   0x08004d72   0x0000000a   Code   RO          883    .text.OUTLINED_FUNCTION_178  lto-llvm-6753d7.o
    0x08004d7c   0x08004d7c   0x0000000a   Code   RO          885    .text.OUTLINED_FUNCTION_179  lto-llvm-6753d7.o
    0x08004d86   0x08004d86   0x00000010   Code   RO          563    .text.OUTLINED_FUNCTION_18  lto-llvm-6753d7.o
    0x08004d96   0x08004d96   0x0000000a   Code   RO          887    .text.OUTLINED_FUNCTION_180  lto-llvm-6753d7.o
    0x08004da0   0x08004da0   0x0000000a   Code   RO          889    .text.OUTLINED_FUNCTION_181  lto-llvm-6753d7.o
    0x08004daa   0x08004daa   0x0000000a   Code   RO          891    .text.OUTLINED_FUNCTION_182  lto-llvm-6753d7.o
    0x08004db4   0x08004db4   0x00000010   Code   RO          565    .text.OUTLINED_FUNCTION_19  lto-llvm-6753d7.o
    0x08004dc4   0x08004dc4   0x0000000e   Code   RO          531    .text.OUTLINED_FUNCTION_2  lto-llvm-6753d7.o
    0x08004dd2   0x08004dd2   0x00000010   Code   RO          567    .text.OUTLINED_FUNCTION_20  lto-llvm-6753d7.o
    0x08004de2   0x08004de2   0x00000010   Code   RO          569    .text.OUTLINED_FUNCTION_21  lto-llvm-6753d7.o
    0x08004df2   0x08004df2   0x00000008   Code   RO          571    .text.OUTLINED_FUNCTION_22  lto-llvm-6753d7.o
    0x08004dfa   0x08004dfa   0x00000008   Code   RO          573    .text.OUTLINED_FUNCTION_23  lto-llvm-6753d7.o
    0x08004e02   0x08004e02   0x0000000a   Code   RO          575    .text.OUTLINED_FUNCTION_24  lto-llvm-6753d7.o
    0x08004e0c   0x08004e0c   0x00000012   Code   RO          577    .text.OUTLINED_FUNCTION_25  lto-llvm-6753d7.o
    0x08004e1e   0x08004e1e   0x0000000e   Code   RO          579    .text.OUTLINED_FUNCTION_26  lto-llvm-6753d7.o
    0x08004e2c   0x08004e2c   0x0000000e   Code   RO          581    .text.OUTLINED_FUNCTION_27  lto-llvm-6753d7.o
    0x08004e3a   0x08004e3a   0x00000008   Code   RO          583    .text.OUTLINED_FUNCTION_28  lto-llvm-6753d7.o
    0x08004e42   0x08004e42   0x00000018   Code   RO          585    .text.OUTLINED_FUNCTION_29  lto-llvm-6753d7.o
    0x08004e5a   0x08004e5a   0x0000000c   Code   RO          533    .text.OUTLINED_FUNCTION_3  lto-llvm-6753d7.o
    0x08004e66   0x08004e66   0x00000008   Code   RO          587    .text.OUTLINED_FUNCTION_30  lto-llvm-6753d7.o
    0x08004e6e   0x08004e6e   0x00000006   Code   RO          589    .text.OUTLINED_FUNCTION_31  lto-llvm-6753d7.o
    0x08004e74   0x08004e74   0x00000010   Code   RO          591    .text.OUTLINED_FUNCTION_32  lto-llvm-6753d7.o
    0x08004e84   0x08004e84   0x0000001a   Code   RO          593    .text.OUTLINED_FUNCTION_33  lto-llvm-6753d7.o
    0x08004e9e   0x08004e9e   0x00000010   Code   RO          595    .text.OUTLINED_FUNCTION_34  lto-llvm-6753d7.o
    0x08004eae   0x08004eae   0x0000000c   Code   RO          597    .text.OUTLINED_FUNCTION_35  lto-llvm-6753d7.o
    0x08004eba   0x08004eba   0x0000000c   Code   RO          599    .text.OUTLINED_FUNCTION_36  lto-llvm-6753d7.o
    0x08004ec6   0x08004ec6   0x00000018   Code   RO          601    .text.OUTLINED_FUNCTION_37  lto-llvm-6753d7.o
    0x08004ede   0x08004ede   0x0000000c   Code   RO          603    .text.OUTLINED_FUNCTION_38  lto-llvm-6753d7.o
    0x08004eea   0x08004eea   0x0000000c   Code   RO          605    .text.OUTLINED_FUNCTION_39  lto-llvm-6753d7.o
    0x08004ef6   0x08004ef6   0x0000000c   Code   RO          535    .text.OUTLINED_FUNCTION_4  lto-llvm-6753d7.o
    0x08004f02   0x08004f02   0x00000008   Code   RO          607    .text.OUTLINED_FUNCTION_40  lto-llvm-6753d7.o
    0x08004f0a   0x08004f0a   0x0000000c   Code   RO          609    .text.OUTLINED_FUNCTION_41  lto-llvm-6753d7.o
    0x08004f16   0x08004f16   0x0000000c   Code   RO          611    .text.OUTLINED_FUNCTION_42  lto-llvm-6753d7.o
    0x08004f22   0x08004f22   0x0000000c   Code   RO          613    .text.OUTLINED_FUNCTION_43  lto-llvm-6753d7.o
    0x08004f2e   0x08004f2e   0x00000016   Code   RO          615    .text.OUTLINED_FUNCTION_44  lto-llvm-6753d7.o
    0x08004f44   0x08004f44   0x00000008   Code   RO          617    .text.OUTLINED_FUNCTION_45  lto-llvm-6753d7.o
    0x08004f4c   0x08004f4c   0x00000010   Code   RO          619    .text.OUTLINED_FUNCTION_46  lto-llvm-6753d7.o
    0x08004f5c   0x08004f5c   0x00000010   Code   RO          621    .text.OUTLINED_FUNCTION_47  lto-llvm-6753d7.o
    0x08004f6c   0x08004f6c   0x00000008   Code   RO          623    .text.OUTLINED_FUNCTION_48  lto-llvm-6753d7.o
    0x08004f74   0x08004f74   0x00000014   Code   RO          625    .text.OUTLINED_FUNCTION_49  lto-llvm-6753d7.o
    0x08004f88   0x08004f88   0x0000000c   Code   RO          537    .text.OUTLINED_FUNCTION_5  lto-llvm-6753d7.o
    0x08004f94   0x08004f94   0x00000008   Code   RO          627    .text.OUTLINED_FUNCTION_50  lto-llvm-6753d7.o
    0x08004f9c   0x08004f9c   0x00000008   Code   RO          629    .text.OUTLINED_FUNCTION_51  lto-llvm-6753d7.o
    0x08004fa4   0x08004fa4   0x00000008   Code   RO          631    .text.OUTLINED_FUNCTION_52  lto-llvm-6753d7.o
    0x08004fac   0x08004fac   0x00000008   Code   RO          633    .text.OUTLINED_FUNCTION_53  lto-llvm-6753d7.o
    0x08004fb4   0x08004fb4   0x00000008   Code   RO          635    .text.OUTLINED_FUNCTION_54  lto-llvm-6753d7.o
    0x08004fbc   0x08004fbc   0x00000012   Code   RO          637    .text.OUTLINED_FUNCTION_55  lto-llvm-6753d7.o
    0x08004fce   0x08004fce   0x0000000a   Code   RO          639    .text.OUTLINED_FUNCTION_56  lto-llvm-6753d7.o
    0x08004fd8   0x08004fd8   0x0000000a   Code   RO          641    .text.OUTLINED_FUNCTION_57  lto-llvm-6753d7.o
    0x08004fe2   0x08004fe2   0x0000000c   Code   RO          643    .text.OUTLINED_FUNCTION_58  lto-llvm-6753d7.o
    0x08004fee   0x08004fee   0x0000000e   Code   RO          645    .text.OUTLINED_FUNCTION_59  lto-llvm-6753d7.o
    0x08004ffc   0x08004ffc   0x00000006   Code   RO          539    .text.OUTLINED_FUNCTION_6  lto-llvm-6753d7.o
    0x08005002   0x08005002   0x0000000a   Code   RO          647    .text.OUTLINED_FUNCTION_60  lto-llvm-6753d7.o
    0x0800500c   0x0800500c   0x00000012   Code   RO          649    .text.OUTLINED_FUNCTION_61  lto-llvm-6753d7.o
    0x0800501e   0x0800501e   0x0000000c   Code   RO          651    .text.OUTLINED_FUNCTION_62  lto-llvm-6753d7.o
    0x0800502a   0x0800502a   0x0000000a   Code   RO          653    .text.OUTLINED_FUNCTION_63  lto-llvm-6753d7.o
    0x08005034   0x08005034   0x0000000a   Code   RO          655    .text.OUTLINED_FUNCTION_64  lto-llvm-6753d7.o
    0x0800503e   0x0800503e   0x0000000a   Code   RO          657    .text.OUTLINED_FUNCTION_65  lto-llvm-6753d7.o
    0x08005048   0x08005048   0x0000000a   Code   RO          659    .text.OUTLINED_FUNCTION_66  lto-llvm-6753d7.o
    0x08005052   0x08005052   0x00000008   Code   RO          661    .text.OUTLINED_FUNCTION_67  lto-llvm-6753d7.o
    0x0800505a   0x0800505a   0x00000010   Code   RO          663    .text.OUTLINED_FUNCTION_68  lto-llvm-6753d7.o
    0x0800506a   0x0800506a   0x00000008   Code   RO          665    .text.OUTLINED_FUNCTION_69  lto-llvm-6753d7.o
    0x08005072   0x08005072   0x0000004a   Code   RO          541    .text.OUTLINED_FUNCTION_7  lto-llvm-6753d7.o
    0x080050bc   0x080050bc   0x00000010   Code   RO          667    .text.OUTLINED_FUNCTION_70  lto-llvm-6753d7.o
    0x080050cc   0x080050cc   0x0000000c   Code   RO          669    .text.OUTLINED_FUNCTION_71  lto-llvm-6753d7.o
    0x080050d8   0x080050d8   0x00000010   Code   RO          671    .text.OUTLINED_FUNCTION_72  lto-llvm-6753d7.o
    0x080050e8   0x080050e8   0x00000006   Code   RO          673    .text.OUTLINED_FUNCTION_73  lto-llvm-6753d7.o
    0x080050ee   0x080050ee   0x00000008   Code   RO          675    .text.OUTLINED_FUNCTION_74  lto-llvm-6753d7.o
    0x080050f6   0x080050f6   0x00000006   Code   RO          677    .text.OUTLINED_FUNCTION_75  lto-llvm-6753d7.o
    0x080050fc   0x080050fc   0x0000000e   Code   RO          679    .text.OUTLINED_FUNCTION_76  lto-llvm-6753d7.o
    0x0800510a   0x0800510a   0x0000000e   Code   RO          681    .text.OUTLINED_FUNCTION_77  lto-llvm-6753d7.o
    0x08005118   0x08005118   0x0000000e   Code   RO          683    .text.OUTLINED_FUNCTION_78  lto-llvm-6753d7.o
    0x08005126   0x08005126   0x0000000a   Code   RO          685    .text.OUTLINED_FUNCTION_79  lto-llvm-6753d7.o
    0x08005130   0x08005130   0x00000048   Code   RO          543    .text.OUTLINED_FUNCTION_8  lto-llvm-6753d7.o
    0x08005178   0x08005178   0x0000000a   Code   RO          687    .text.OUTLINED_FUNCTION_80  lto-llvm-6753d7.o
    0x08005182   0x08005182   0x0000000a   Code   RO          689    .text.OUTLINED_FUNCTION_81  lto-llvm-6753d7.o
    0x0800518c   0x0800518c   0x0000000a   Code   RO          691    .text.OUTLINED_FUNCTION_82  lto-llvm-6753d7.o
    0x08005196   0x08005196   0x0000000a   Code   RO          693    .text.OUTLINED_FUNCTION_83  lto-llvm-6753d7.o
    0x080051a0   0x080051a0   0x0000000a   Code   RO          695    .text.OUTLINED_FUNCTION_84  lto-llvm-6753d7.o
    0x080051aa   0x080051aa   0x0000000a   Code   RO          697    .text.OUTLINED_FUNCTION_85  lto-llvm-6753d7.o
    0x080051b4   0x080051b4   0x0000000a   Code   RO          699    .text.OUTLINED_FUNCTION_86  lto-llvm-6753d7.o
    0x080051be   0x080051be   0x0000000a   Code   RO          701    .text.OUTLINED_FUNCTION_87  lto-llvm-6753d7.o
    0x080051c8   0x080051c8   0x0000000a   Code   RO          703    .text.OUTLINED_FUNCTION_88  lto-llvm-6753d7.o
    0x080051d2   0x080051d2   0x0000000a   Code   RO          705    .text.OUTLINED_FUNCTION_89  lto-llvm-6753d7.o
    0x080051dc   0x080051dc   0x00000016   Code   RO          545    .text.OUTLINED_FUNCTION_9  lto-llvm-6753d7.o
    0x080051f2   0x080051f2   0x00000006   Code   RO          707    .text.OUTLINED_FUNCTION_90  lto-llvm-6753d7.o
    0x080051f8   0x080051f8   0x0000000a   Code   RO          709    .text.OUTLINED_FUNCTION_91  lto-llvm-6753d7.o
    0x08005202   0x08005202   0x0000000a   Code   RO          711    .text.OUTLINED_FUNCTION_92  lto-llvm-6753d7.o
    0x0800520c   0x0800520c   0x0000000a   Code   RO          713    .text.OUTLINED_FUNCTION_93  lto-llvm-6753d7.o
    0x08005216   0x08005216   0x0000000a   Code   RO          715    .text.OUTLINED_FUNCTION_94  lto-llvm-6753d7.o
    0x08005220   0x08005220   0x0000000a   Code   RO          717    .text.OUTLINED_FUNCTION_95  lto-llvm-6753d7.o
    0x0800522a   0x0800522a   0x0000000a   Code   RO          719    .text.OUTLINED_FUNCTION_96  lto-llvm-6753d7.o
    0x08005234   0x08005234   0x0000000a   Code   RO          721    .text.OUTLINED_FUNCTION_97  lto-llvm-6753d7.o
    0x0800523e   0x0800523e   0x0000000e   Code   RO          723    .text.OUTLINED_FUNCTION_98  lto-llvm-6753d7.o
    0x0800524c   0x0800524c   0x0000000a   Code   RO          725    .text.OUTLINED_FUNCTION_99  lto-llvm-6753d7.o
    0x08005256   0x08005256   0x00000002   PAD
    0x08005258   0x08005258   0x000000c8   Code   RO          471    .text.PID_Position_Calc  lto-llvm-6753d7.o
    0x08005320   0x08005320   0x00000002   Code   RO          423    .text.PendSV_Handler  lto-llvm-6753d7.o
    0x08005322   0x08005322   0x00000002   PAD
    0x08005324   0x08005324   0x000017a4   Code   RO          497    .text.RecvDataFromLCD  lto-llvm-6753d7.o
    0x08006ac8   0x08006ac8   0x00000002   Code   RO          419    .text.SVC_Handler   lto-llvm-6753d7.o
    0x08006aca   0x08006aca   0x00000002   PAD
    0x08006acc   0x08006acc   0x000005f8   Code   RO          425    .text.SysTick_Handler  lto-llvm-6753d7.o
    0x080070c4   0x080070c4   0x00000074   Code   RO          457    .text.SystemInit    lto-llvm-6753d7.o
    0x08007138   0x08007138   0x000003a0   Code   RO          427    .text.TMR2_GLOBAL_IRQHandler  lto-llvm-6753d7.o
    0x080074d8   0x080074d8   0x00000028   Code   RO          429    .text.TMR3_GLOBAL_IRQHandler  lto-llvm-6753d7.o
    0x08007500   0x08007500   0x0000005c   Code   RO          515    .text.UART4_IRQHandler  lto-llvm-6753d7.o
    0x0800755c   0x0800755c   0x0000005c   Code   RO          517    .text.UART5_IRQHandler  lto-llvm-6753d7.o
    0x080075b8   0x080075b8   0x00000058   Code   RO          509    .text.USART1_IRQHandler  lto-llvm-6753d7.o
    0x08007610   0x08007610   0x0000005c   Code   RO          511    .text.USART2_IRQHandler  lto-llvm-6753d7.o
    0x0800766c   0x0800766c   0x00000060   Code   RO          513    .text.USART3_IRQHandler  lto-llvm-6753d7.o
    0x080076cc   0x080076cc   0x00000002   Code   RO          417    .text.UsageFault_Handler  lto-llvm-6753d7.o
    0x080076ce   0x080076ce   0x0000002e   Code   RO          495    .text.WriteDataToLCD  lto-llvm-6753d7.o
    0x080076fc   0x080076fc   0x00000024   Code   RO          447    .text.__NVIC_SystemReset  lto-llvm-6753d7.o
    0x08007720   0x08007720   0x00000024   Code   RO          453    .text.adc_ordinary_channel_set  lto-llvm-6753d7.o
    0x08007744   0x08007744   0x00000010   Code   RO          475    .text.beep_off      lto-llvm-6753d7.o
    0x08007754   0x08007754   0x00000010   Code   RO          473    .text.beep_on       lto-llvm-6753d7.o
    0x08007764   0x08007764   0x000000a0   Code   RO          389    .text.beep_task     lto-llvm-6753d7.o
    0x08007804   0x08007804   0x00000042   Code   RO          519    .text.convert_data  lto-llvm-6753d7.o
    0x08007846   0x08007846   0x00000002   PAD
    0x08007848   0x08007848   0x00000014   Code   RO          455    .text.crc_block_calculate  lto-llvm-6753d7.o
    0x0800785c   0x0800785c   0x000000f8   Code   RO          431    .text.crm_clocks_freq_get  lto-llvm-6753d7.o
    0x08007954   0x08007954   0x0000002a   Code   RO          477    .text.data_check_len  lto-llvm-6753d7.o
    0x0800797e   0x0800797e   0x00000002   PAD
    0x08007980   0x08007980   0x00000114   Code   RO          491    .text.direct_linear_correction  lto-llvm-6753d7.o
    0x08007a94   0x08007a94   0x000018fc   Code   RO          391    .text.dwin_task     lto-llvm-6753d7.o
    0x08009390   0x08009390   0x00000024   Code   RO          397    .text.feed_dog_task  lto-llvm-6753d7.o
    0x080093b4   0x080093b4   0x0000001c   Code   RO          441    .text.flash_halfword_program  lto-llvm-6753d7.o
    0x080093d0   0x080093d0   0x00000028   Code   RO          433    .text.flash_operation_status_get  lto-llvm-6753d7.o
    0x080093f8   0x080093f8   0x0000001c   Code   RO          435    .text.flash_operation_wait_for  lto-llvm-6753d7.o
    0x08009414   0x08009414   0x0000002c   Code   RO          437    .text.flash_sector_erase  lto-llvm-6753d7.o
    0x08009440   0x08009440   0x00001c84   Code   RO          407    .text.flash_task    lto-llvm-6753d7.o
    0x0800b0c4   0x0800b0c4   0x0000002c   Code   RO          439    .text.flash_word_program  lto-llvm-6753d7.o
    0x0800b0f0   0x0800b0f0   0x00000028   Code   RO          523    .text.flash_wred_halfword  lto-llvm-6753d7.o
    0x0800b118   0x0800b118   0x00000020   Code   RO          521    .text.get_adcval    lto-llvm-6753d7.o
    0x0800b138   0x0800b138   0x000001e8   Code   RO          479    .text.get_data_from_a  lto-llvm-6753d7.o
    0x0800b320   0x0800b320   0x000001f0   Code   RO          481    .text.get_data_from_b  lto-llvm-6753d7.o
    0x0800b510   0x0800b510   0x0000000c   Code   RO          487    .text.get_key_ch    lto-llvm-6753d7.o
    0x0800b51c   0x0800b51c   0x0000000c   Code   RO          485    .text.get_key_down  lto-llvm-6753d7.o
    0x0800b528   0x0800b528   0x00000010   Code   RO          489    .text.get_key_touch  lto-llvm-6753d7.o
    0x0800b538   0x0800b538   0x00000010   Code   RO          483    .text.get_key_up    lto-llvm-6753d7.o
    0x0800b548   0x0800b548   0x000000a8   Code   RO          443    .text.gpio_init     lto-llvm-6753d7.o
    0x0800b5f0   0x0800b5f0   0x00000044   Code   RO          385    .text.iap_task      lto-llvm-6753d7.o
    0x0800b634   0x0800b634   0x00000090   Code   RO          525    .text.key_event_check  lto-llvm-6753d7.o
    0x0800b6c4   0x0800b6c4   0x00000aa8   Code   RO          387    .text.key_task      lto-llvm-6753d7.o
    0x0800c16c   0x0800c16c   0x00000ccc   Code   RO          383    .text.main          lto-llvm-6753d7.o
    0x0800ce38   0x0800ce38   0x00000004   Code   RO          445    .text.nvic_system_reset  lto-llvm-6753d7.o
    0x0800ce3c   0x0800ce3c   0x00000274   Code   RO          395    .text.output_task   lto-llvm-6753d7.o
    0x0800d0b0   0x0800d0b0   0x00000208   Code   RO          399    .text.pc_comm_task  lto-llvm-6753d7.o
    0x0800d2b8   0x0800d2b8   0x0000001e   Code   RO          499    .text.queue_init    lto-llvm-6753d7.o
    0x0800d2d6   0x0800d2d6   0x00000026   Code   RO          503    .text.queue_read    lto-llvm-6753d7.o
    0x0800d2fc   0x0800d2fc   0x00000032   Code   RO          501    .text.queue_write   lto-llvm-6753d7.o
    0x0800d32e   0x0800d32e   0x00000002   PAD
    0x0800d330   0x0800d330   0x00000018   Code   RO          405    .text.record_task   lto-llvm-6753d7.o
    0x0800d348   0x0800d348   0x00000064   Code   RO          493    .text.temp_get_filter_move_average  lto-llvm-6753d7.o
    0x0800d3ac   0x0800d3ac   0x000000c4   Code   RO          451    .text.tmr_output_channel_config  lto-llvm-6753d7.o
    0x0800d470   0x0800d470   0x0000002c   Code   RO          463    .text.tmt_create    lto-llvm-6753d7.o
    0x0800d49c   0x0800d49c   0x0000005c   Code   RO          465    .text.tmt_delete    lto-llvm-6753d7.o
    0x0800d4f8   0x0800d4f8   0x00000034   Code   RO          459    .text.tmt_run       lto-llvm-6753d7.o
    0x0800d52c   0x0800d52c   0x0000002c   Code   RO          469    .text.tmt_run_ctrl  lto-llvm-6753d7.o
    0x0800d558   0x0800d558   0x00000030   Code   RO          467    .text.tmt_time_ctrl  lto-llvm-6753d7.o
    0x0800d588   0x0800d588   0x00000020   Code   RO          461    .text.tmt_update_tick  lto-llvm-6753d7.o
    0x0800d5a8   0x0800d5a8   0x000003f4   Code   RO          401    .text.uart4_comm_task  lto-llvm-6753d7.o
    0x0800d99c   0x0800d99c   0x00000400   Code   RO          403    .text.uart5_comm_task  lto-llvm-6753d7.o
    0x0800dd9c   0x0800dd9c   0x0000006c   Code   RO          449    .text.usart_init    lto-llvm-6753d7.o
    0x0800de08   0x0800de08   0x0000003c   Code   RO          507    .text.usart_receiveData  lto-llvm-6753d7.o
    0x0800de44   0x0800de44   0x00000058   Code   RO          505    .text.usart_sendData  lto-llvm-6753d7.o
    0x0800de9c   0x0800de9c   0x00000150   Code   RO          393    .text.work_task     lto-llvm-6753d7.o
    0x0800dfec   0x0800dfec   0x0000000e   Code   RO          966    i.__scatterload_copy  mc_w.l(handlers.o)
    0x0800dffa   0x0800dffa   0x00000002   Code   RO          967    i.__scatterload_null  mc_w.l(handlers.o)
    0x0800dffc   0x0800dffc   0x0000000e   Code   RO          968    i.__scatterload_zeroinit  mc_w.l(handlers.o)
    0x0800e00a   0x0800e00a   0x00000002   PAD
    0x0800e00c   0x0800e00c   0x00000010   Data   RO          915    .rodata..Lswitch.table.usart_receiveData  lto-llvm-6753d7.o
    0x0800e01c   0x0800e01c   0x00000008   Data   RO          895    .rodata.cst8        lto-llvm-6753d7.o
    0x0800e024   0x0800e024   0x00000029   Data   RO          899    .rodata.direct_handle_temp_cal_buff  lto-llvm-6753d7.o
    0x0800e04d   0x0800e04d   0x00000029   Data   RO          900    .rodata.direct_handle_wind_20_cal_buff  lto-llvm-6753d7.o
    0x0800e076   0x0800e076   0x00000002   PAD
    0x0800e078   0x0800e078   0x00000020   Data   RO          965    Region$$Table       anon$$obj.o


    Execution Region RW_IRAM1 (Exec base: 0x20000000, Load base: 0x0800e098, Size: 0x00003090, Max: 0x00008000, ABSOLUTE)

    Exec Addr    Load Addr    Size         Type   Attr      Idx    E Section Name        Object

    0x20000000   0x0800e098   0x00000058   Data   RW          917    .data..L_MergedGlobals  lto-llvm-6753d7.o
    0x20000058   0x0800e0f0   0x00000002   Data   RW          902    .data.hot_control.relay_open_delay  lto-llvm-6753d7.o
    0x2000005a   0x0800e0f2   0x00000001   Data   RW          916    .data.key_event_check.key_event  lto-llvm-6753d7.o
    0x2000005b   0x0800e0f3   0x00000001   PAD
    0x2000005c   0x0800e0f4   0x00000040   Data   RW          898    .data.keys          lto-llvm-6753d7.o
    0x2000009c   0x0800e134   0x00000004   PAD
    0x200000a0        -       0x0000007e   Zero   RW          918    .bss..L_MergedGlobals.305  lto-llvm-6753d7.o
    0x2000011e        -       0x0000007e   Zero   RW          919    .bss..L_MergedGlobals.306  lto-llvm-6753d7.o
    0x2000019c   0x0800e134   0x00000004   PAD
    0x200001a0        -       0x00000070   Zero   RW          920    .bss..L_MergedGlobals.307  lto-llvm-6753d7.o
    0x20000210        -       0x00000060   Zero   RW          921    .bss..L_MergedGlobals.308  lto-llvm-6753d7.o
    0x20000270        -       0x0000006c   Zero   RW          922    .bss..L_MergedGlobals.309  lto-llvm-6753d7.o
    0x200002dc        -       0x00000214   Zero   RW          904    .bss.UART4_data     lto-llvm-6753d7.o
    0x200004f0        -       0x00000214   Zero   RW          905    .bss.UART5_data     lto-llvm-6753d7.o
    0x20000704        -       0x00000400   Zero   RW          913    .bss.chUart4RxBuffer  lto-llvm-6753d7.o
    0x20000b04        -       0x00000400   Zero   RW          914    .bss.chUart5RxBuffer  lto-llvm-6753d7.o
    0x20000f04        -       0x00000400   Zero   RW          908    .bss.chUsart1RxBuffer  lto-llvm-6753d7.o
    0x20001304        -       0x00000400   Zero   RW          909    .bss.chUsart1TxBuffer  lto-llvm-6753d7.o
    0x20001704        -       0x00000400   Zero   RW          910    .bss.chUsart2RxBuffer  lto-llvm-6753d7.o
    0x20001b04        -       0x00000400   Zero   RW          911    .bss.chUsart2TxBuffer  lto-llvm-6753d7.o
    0x20001f04        -       0x00000400   Zero   RW          912    .bss.chUsart3RxBuffer  lto-llvm-6753d7.o
    0x20002304        -       0x0000002c   Zero   RW          897    .bss.direct_pid     lto-llvm-6753d7.o
    0x20002330        -       0x00000001   Zero   RW          901    .bss.fan_control.run_flag  lto-llvm-6753d7.o
    0x20002331        -       0x00000001   Zero   RW          893    .bss.feed_dog_task.first_in  lto-llvm-6753d7.o
    0x20002332   0x0800e134   0x00000002   PAD
    0x20002334        -       0x000000c4   Zero   RW          896    .bss.object         lto-llvm-6753d7.o
    0x200023f8        -       0x00000604   Zero   RW          903    .bss.pc_data        lto-llvm-6753d7.o
    0x200029fc   0x0800e134   0x00000004   PAD
    0x20002a00        -       0x00000180   Zero   RW          907    .bss.sFWG2_t        lto-llvm-6753d7.o
    0x20002b80        -       0x0000010c   Zero   RW          906    .bss.sdwin          lto-llvm-6753d7.o
    0x20002c8c   0x0800e134   0x00000004   PAD
    0x20002c90        -       0x00000400   Zero   RW           30    STACK               startup_at32f415.o


==============================================================================

Image component sizes


      Code (inc. data)   RO Data    RW Data    ZI Data      Debug   Object Name

     38440       2172        106        155      11234     223279   lto-llvm-6753d7.o
        36          8        368          0       1024        788   startup_at32f415.o

    ----------------------------------------------------------------------
     38488       2180        508        156      12276     224067   Object Totals
         0          0         32          0          0          0   (incl. Generated)
        12          0          2          1         18          0   (incl. Padding)

    ----------------------------------------------------------------------

      Code (inc. data)   RO Data    RW Data    ZI Data      Debug   Library Member Name

         0          0          0          0          0          0   entry.o
         0          0          0          0          0          0   entry10a.o
         0          0          0          0          0          0   entry11a.o
         8          4          0          0          0          0   entry2.o
         4          0          0          0          0          0   entry5.o
         0          0          0          0          0          0   entry7b.o
         0          0          0          0          0          0   entry8b.o
         8          4          0          0          0          0   entry9a.o
        30          0          0          0          0          0   handlers.o
        48         10          0          0          0         68   init.o
         0          0          0          0          0          0   iusefp.o
        30          0          0          0          0         68   llshl.o
        36          0          0          0          0         68   llsshr.o
        32          0          0          0          0         68   llushr.o
        36          0          0          0          0        108   memseta.o
       334          0          0          0          0        148   dadd.o
       222          0          0          0          0        100   ddiv.o
       186          0          0          0          0        176   depilogue.o
        62          0          0          0          0         80   dfixi.o
        50          0          0          0          0         76   dfixui.o
        34          0          0          0          0         76   dflti.o
        26          0          0          0          0         76   dfltui.o
       228          0          0          0          0         96   dmul.o
       176          0          0          0          0        140   fadd.o
        28          0          0          0          0         68   fcmpge.o
        28          0          0          0          0         68   fcmpgt.o
        28          0          0          0          0         68   fcmple.o
        28          0          0          0          0         68   fcmplt.o
       124          0          0          0          0         88   fdiv.o
       110          0          0          0          0        168   fepilogue.o
        50          0          0          0          0         68   ffixi.o
        40          0          0          0          0         68   ffixui.o
        18          0          0          0          0         68   fflti.o
        10          0          0          0          0         68   ffltui.o
       100          0          0          0          0         76   fmul.o

    ----------------------------------------------------------------------
      2116         18          0          0          0       2224   Library Totals
         2          0          0          0          0          0   (incl. Padding)

    ----------------------------------------------------------------------

      Code (inc. data)   RO Data    RW Data    ZI Data      Debug   Library Name

       232         18          0          0          0        380   mc_w.l
      1882          0          0          0          0       1844   mf_w.l

    ----------------------------------------------------------------------
      2116         18          0          0          0       2224   Library Totals

    ----------------------------------------------------------------------

==============================================================================


      Code (inc. data)   RO Data    RW Data    ZI Data      Debug   

     40604       2198        508        156      12276     225299   Grand Totals
     40604       2198        508        156      12276     225299   ELF Image Totals
     40604       2198        508        156          0          0   ROM Totals

==============================================================================

    Total RO  Size (Code + RO Data)                41112 (  40.15kB)
    Total RW  Size (RW Data + ZI Data)             12432 (  12.14kB)
    Total ROM Size (Code + RO Data + RW Data)      41268 (  40.30kB)

==============================================================================

