Component: Arm Compiler for Embedded 6.22 Tool: armlink [5ee90200]

==============================================================================

Section Cross References

    startup_at32f415.o(RESET) refers to startup_at32f415.o(STACK) for __initial_sp
    startup_at32f415.o(RESET) refers to startup_at32f415.o(.text) for Reset_Handler
    startup_at32f415.o(RESET) refers to lto-llvm-06888a.o(.text.NMI_Handler) for NMI_Handler
    startup_at32f415.o(RESET) refers to lto-llvm-06888a.o(.text.HardFault_Handler) for HardFault_Handler
    startup_at32f415.o(RESET) refers to lto-llvm-06888a.o(.text.MemManage_Handler) for MemManage_Handler
    startup_at32f415.o(RESET) refers to lto-llvm-06888a.o(.text.BusFault_Handler) for BusFault_Handler
    startup_at32f415.o(RESET) refers to lto-llvm-06888a.o(.text.UsageFault_Handler) for UsageFault_Handler
    startup_at32f415.o(RESET) refers to lto-llvm-06888a.o(.text.SVC_Handler) for SVC_Handler
    startup_at32f415.o(RESET) refers to lto-llvm-06888a.o(.text.DebugMon_Handler) for DebugMon_Handler
    startup_at32f415.o(RESET) refers to lto-llvm-06888a.o(.text.PendSV_Handler) for PendSV_Handler
    startup_at32f415.o(RESET) refers to lto-llvm-06888a.o(.text.SysTick_Handler) for SysTick_Handler
    startup_at32f415.o(RESET) refers to lto-llvm-06888a.o(.text.TMR2_GLOBAL_IRQHandler) for TMR2_GLOBAL_IRQHandler
    startup_at32f415.o(RESET) refers to lto-llvm-06888a.o(.text.TMR3_GLOBAL_IRQHandler) for TMR3_GLOBAL_IRQHandler
    startup_at32f415.o(RESET) refers to lto-llvm-06888a.o(.text.USART1_IRQHandler) for USART1_IRQHandler
    startup_at32f415.o(RESET) refers to lto-llvm-06888a.o(.text.USART2_IRQHandler) for USART2_IRQHandler
    startup_at32f415.o(RESET) refers to lto-llvm-06888a.o(.text.USART3_IRQHandler) for USART3_IRQHandler
    startup_at32f415.o(RESET) refers to lto-llvm-06888a.o(.text.UART4_IRQHandler) for UART4_IRQHandler
    startup_at32f415.o(RESET) refers to lto-llvm-06888a.o(.text.UART5_IRQHandler) for UART5_IRQHandler
    startup_at32f415.o(.text) refers to lto-llvm-06888a.o(.text.SystemInit) for SystemInit
    startup_at32f415.o(.text) refers to entry.o(.ARM.Collect$$$$00000000) for __main
    entry.o(.ARM.Collect$$$$00000000) refers (Special) to entry10a.o(.ARM.Collect$$$$0000000D) for __rt_final_cpp
    entry.o(.ARM.Collect$$$$00000000) refers (Special) to entry11a.o(.ARM.Collect$$$$0000000F) for __rt_final_exit
    entry.o(.ARM.Collect$$$$00000000) refers (Special) to entry7b.o(.ARM.Collect$$$$00000008) for _main_clock
    entry.o(.ARM.Collect$$$$00000000) refers (Special) to entry8b.o(.ARM.Collect$$$$0000000A) for _main_cpp_init
    entry.o(.ARM.Collect$$$$00000000) refers (Special) to entry9a.o(.ARM.Collect$$$$0000000B) for _main_init
    entry.o(.ARM.Collect$$$$00000000) refers (Special) to entry5.o(.ARM.Collect$$$$00000004) for _main_scatterload
    entry.o(.ARM.Collect$$$$00000000) refers (Special) to entry2.o(.ARM.Collect$$$$00000001) for _main_stk
    putchar.o(i.putchar) refers to fputc.o(i.fputc) for fputc
    putchar.o(i.putchar) refers to stdout.o(.data) for __stdout
    printfb.o(i.__0fprintf$bare) refers to printfb.o(i._printf_core) for _printf_core
    printfb.o(i.__0fprintf$bare) refers to fputc.o(i.fputc) for fputc
    printfb.o(i.__0printf$bare) refers to printfb.o(i._printf_core) for _printf_core
    printfb.o(i.__0printf$bare) refers to fputc.o(i.fputc) for fputc
    printfb.o(i.__0printf$bare) refers to stdout.o(.data) for __stdout
    printfb.o(i.__0snprintf$bare) refers to printfb.o(i._printf_core) for _printf_core
    printfb.o(i.__0snprintf$bare) refers to printfb.o(i._snputc) for _snputc
    printfb.o(i.__0sprintf$bare) refers to printfb.o(i._printf_core) for _printf_core
    printfb.o(i.__0sprintf$bare) refers to printfb.o(i._sputc) for _sputc
    printfb.o(i.__0vfprintf$bare) refers to printfb.o(i._printf_core) for _printf_core
    printfb.o(i.__0vfprintf$bare) refers to fputc.o(i.fputc) for fputc
    printfb.o(i.__0vprintf$bare) refers to printfb.o(i._printf_core) for _printf_core
    printfb.o(i.__0vprintf$bare) refers to fputc.o(i.fputc) for fputc
    printfb.o(i.__0vprintf$bare) refers to stdout.o(.data) for __stdout
    printfb.o(i.__0vsnprintf$bare) refers to printfb.o(i._printf_core) for _printf_core
    printfb.o(i.__0vsnprintf$bare) refers to printfb.o(i._snputc) for _snputc
    printfb.o(i.__0vsprintf$bare) refers to printfb.o(i._printf_core) for _printf_core
    printfb.o(i.__0vsprintf$bare) refers to printfb.o(i._sputc) for _sputc
    printf0.o(i.__0fprintf$0) refers to printf0.o(i._printf_core) for _printf_core
    printf0.o(i.__0fprintf$0) refers to fputc.o(i.fputc) for fputc
    printf0.o(i.__0printf$0) refers to printf0.o(i._printf_core) for _printf_core
    printf0.o(i.__0printf$0) refers to fputc.o(i.fputc) for fputc
    printf0.o(i.__0printf$0) refers to stdout.o(.data) for __stdout
    printf0.o(i.__0snprintf$0) refers to printf0.o(i._printf_core) for _printf_core
[...]
    key_ch                                   0x2000005c   Data          20  lto-llvm-06888a.o(.data..L_MergedGlobals)
    key_up                                   0x20000070   Data          20  lto-llvm-06888a.o(.data..L_MergedGlobals.312)
    [Anonymous Symbol]                       0x20000070   Section        0  lto-llvm-06888a.o(.data..L_MergedGlobals.312)
    key_down                                 0x20000084   Data          20  lto-llvm-06888a.o(.data..L_MergedGlobals.312)
    hot_control.relay_open_delay             0x20000098   Data           2  lto-llvm-06888a.o(.data.hot_control.relay_open_delay)
    [Anonymous Symbol]                       0x20000098   Section        0  lto-llvm-06888a.o(.data.hot_control.relay_open_delay)
    pc_event                                 0x2000009a   Data           1  lto-llvm-06888a.o(.data.pc_event)
    [Anonymous Symbol]                       0x2000009a   Section        0  lto-llvm-06888a.o(.data.pc_event)
    beep_task.time                           0x200000a0   Data           1  lto-llvm-06888a.o(.bss..L_MergedGlobals.313)
    [Anonymous Symbol]                       0x200000a0   Section        0  lto-llvm-06888a.o(.bss..L_MergedGlobals.313)
    SysTick_Handler.first_in                 0x200000a1   Data           1  lto-llvm-06888a.o(.bss..L_MergedGlobals.313)
    Direct_Handle_PWM_Out.last_code_mode_step 0x200000a2   Data           1  lto-llvm-06888a.o(.bss..L_MergedGlobals.313)
    Direct_Handle_PWM_Out.change_flag        0x200000a3   Data           1  lto-llvm-06888a.o(.bss..L_MergedGlobals.313)
    code_mode_time.first_in                  0x200000a4   Data           1  lto-llvm-06888a.o(.bss..L_MergedGlobals.313)
    BeepProc.s_tate                          0x200000a5   Data           1  lto-llvm-06888a.o(.bss..L_MergedGlobals.313)
    FlashProc.sflash.0                       0x200000a6   Data           1  lto-llvm-06888a.o(.bss..L_MergedGlobals.313)
    FlashProc.last_fwg2_work_mode            0x200000a7   Data           1  lto-llvm-06888a.o(.bss..L_MergedGlobals.313)
    FlashProc.last_temp_uint                 0x200000a8   Data           1  lto-llvm-06888a.o(.bss..L_MergedGlobals.313)
    FlashProc.last_speak_state               0x200000a9   Data           1  lto-llvm-06888a.o(.bss..L_MergedGlobals.313)
    FlashProc.last_display_lock_state        0x200000aa   Data           1  lto-llvm-06888a.o(.bss..L_MergedGlobals.313)
    FlashProc.last_fn_key_long_set           0x200000ab   Data           1  lto-llvm-06888a.o(.bss..L_MergedGlobals.313)
    FlashProc.last_fn_key_short_set          0x200000ac   Data           1  lto-llvm-06888a.o(.bss..L_MergedGlobals.313)
    FlashProc.last_adjust_key_set            0x200000ad   Data           1  lto-llvm-06888a.o(.bss..L_MergedGlobals.313)
    FlashProc.last_ota_state                 0x200000ae   Data           1  lto-llvm-06888a.o(.bss..L_MergedGlobals.313)
    FlashProc.last_touch_key_set             0x200000af   Data           1  lto-llvm-06888a.o(.bss..L_MergedGlobals.313)
    FlashProc.last_uart_state                0x200000b0   Data           1  lto-llvm-06888a.o(.bss..L_MergedGlobals.313)
    FlashProc.last_enhance_state             0x200000b1   Data           1  lto-llvm-06888a.o(.bss..L_MergedGlobals.313)
    FlashProc.last_set_touch_set_temp_state  0x200000b2   Data           1  lto-llvm-06888a.o(.bss..L_MergedGlobals.313)
    FlashProc.flash_count                    0x200000b3   Data           1  lto-llvm-06888a.o(.bss..L_MergedGlobals.313)
    FlashProc.first_start_flag               0x200000b4   Data           1  lto-llvm-06888a.o(.bss..L_MergedGlobals.313)
    KeyProc.first_in                         0x200000b5   Data           1  lto-llvm-06888a.o(.bss..L_MergedGlobals.313)
    KeyProc.set_done                         0x200000b6   Data           1  lto-llvm-06888a.o(.bss..L_MergedGlobals.313)
    KeyProc.channel_switch_flag              0x200000b7   Data           1  lto-llvm-06888a.o(.bss..L_MergedGlobals.313)
    KeyProc.channel_switch_time              0x200000b8   Data           1  lto-llvm-06888a.o(.bss..L_MergedGlobals.313)
    show_popup_flag                          0x200000b9   Data           1  lto-llvm-06888a.o(.bss..L_MergedGlobals.313)
    show_page.show_step                      0x200000ba   Data           1  lto-llvm-06888a.o(.bss..L_MergedGlobals.313)
    show_page.first_in_cal                   0x200000bb   Data           1  lto-llvm-06888a.o(.bss..L_MergedGlobals.313)
    show_page.last_fwg2_enhance_state        0x200000bc   Data           1  lto-llvm-06888a.o(.bss..L_MergedGlobals.313)
    show_page.last_handle_work_mode          0x200000bd   Data           1  lto-llvm-06888a.o(.bss..L_MergedGlobals.313)
    DwinRun.first_in                         0x200000be   Data           1  lto-llvm-06888a.o(.bss..L_MergedGlobals.313)
    DwinRun.state                            0x200000bf   Data           1  lto-llvm-06888a.o(.bss..L_MergedGlobals.313)
    RecvDataFromLCD.channel_1_long_press_flag 0x200000c0   Data           1  lto-llvm-06888a.o(.bss..L_MergedGlobals.313)
    RecvDataFromLCD.channel_2_long_press_flag 0x200000c1   Data           1  lto-llvm-06888a.o(.bss..L_MergedGlobals.313)
    RecvDataFromLCD.channel_3_long_press_flag 0x200000c2   Data           1  lto-llvm-06888a.o(.bss..L_MergedGlobals.313)
    RecvDataFromLCD.channel_4_long_press_flag 0x200000c3   Data           1  lto-llvm-06888a.o(.bss..L_MergedGlobals.313)
    RecvDataFromLCD.channel_1_long_press_time 0x200000c4   Data           1  lto-llvm-06888a.o(.bss..L_MergedGlobals.313)
    RecvDataFromLCD.channel_2_long_press_time 0x200000c5   Data           1  lto-llvm-06888a.o(.bss..L_MergedGlobals.313)
    RecvDataFromLCD.channel_3_long_press_time 0x200000c6   Data           1  lto-llvm-06888a.o(.bss..L_MergedGlobals.313)
    RecvDataFromLCD.channel_4_long_press_time 0x200000c7   Data           1  lto-llvm-06888a.o(.bss..L_MergedGlobals.313)
    RecvDataFromLCD.last_fn_key_long_set     0x200000c8   Data           1  lto-llvm-06888a.o(.bss..L_MergedGlobals.313)
    RecvDataFromLCD.last_fn_key_short_set    0x200000c9   Data           1  lto-llvm-06888a.o(.bss..L_MergedGlobals.313)
    show_direct_temp.show_step               0x200000ca   Data           1  lto-llvm-06888a.o(.bss..L_MergedGlobals.313)
    get_direct_temp_state.last_page          0x200000cb   Data           1  lto-llvm-06888a.o(.bss..L_MergedGlobals.313)
    get_direct_temp_state.refresh_temp_time  0x200000cc   Data           1  lto-llvm-06888a.o(.bss..L_MergedGlobals.313)
    get_direct_temp_state.last_setting_temp_state 0x200000cd   Data           1  lto-llvm-06888a.o(.bss..L_MergedGlobals.313)
    show_direct_wind.show_step               0x200000ce   Data           1  lto-llvm-06888a.o(.bss..L_MergedGlobals.313)
    show_direct_wind.handle_move             0x200000cf   Data           1  lto-llvm-06888a.o(.bss..L_MergedGlobals.313)
    get_direct_wind_state.last_page          0x200000d0   Data           1  lto-llvm-06888a.o(.bss..L_MergedGlobals.313)
    get_direct_wind_state.last_stop_set_wind 0x200000d1   Data           1  lto-llvm-06888a.o(.bss..L_MergedGlobals.313)
    get_direct_wind_state.last_cold_mode_set_wind 0x200000d2   Data           1  lto-llvm-06888a.o(.bss..L_MergedGlobals.313)
    get_direct_wind_state.last_setting_wind_state 0x200000d3   Data           1  lto-llvm-06888a.o(.bss..L_MergedGlobals.313)
    get_direct_wind_state.first_in_cold_wind_mode 0x200000d4   Data           1  lto-llvm-06888a.o(.bss..L_MergedGlobals.313)
    show_direct_time.show_step               0x200000d5   Data           1  lto-llvm-06888a.o(.bss..L_MergedGlobals.313)
    get_direct_time_state.last_page          0x200000d6   Data           1  lto-llvm-06888a.o(.bss..L_MergedGlobals.313)
    get_direct_time_state.last_countdown_flag 0x200000d7   Data           1  lto-llvm-06888a.o(.bss..L_MergedGlobals.313)
    show_code_mode_value.state               0x200000d8   Data           1  lto-llvm-06888a.o(.bss..L_MergedGlobals.313)
    get_code_mode_value.last_page            0x200000d9   Data           1  lto-llvm-06888a.o(.bss..L_MergedGlobals.313)
    show_menu_setting.state                  0x200000da   Data           1  lto-llvm-06888a.o(.bss..L_MergedGlobals.313)
    check_menu_setting.last_page             0x200000db   Data           1  lto-llvm-06888a.o(.bss..L_MergedGlobals.313)
    check_menu_setting.last_reset_flag       0x200000dc   Data           1  lto-llvm-06888a.o(.bss..L_MergedGlobals.313)
    check_menu_setting.last_touch_set_temp_state 0x200000dd   Data           1  lto-llvm-06888a.o(.bss..L_MergedGlobals.313)
    show_ch.show_step                        0x200000de   Data           1  lto-llvm-06888a.o(.bss..L_MergedGlobals.313)
    check_channel.last_reset_flag            0x200000df   Data           1  lto-llvm-06888a.o(.bss..L_MergedGlobals.313)
    show_curve.state                         0x200000e0   Data           1  lto-llvm-06888a.o(.bss..L_MergedGlobals.313)
    show_direct_run_state.show_step          0x200000e1   Data           1  lto-llvm-06888a.o(.bss..L_MergedGlobals.313)
    out_value                                0x200000e2   Data           1  lto-llvm-06888a.o(.bss..L_MergedGlobals.313)
    get_direct_run_state.fan_run_flag        0x200000e3   Data           1  lto-llvm-06888a.o(.bss..L_MergedGlobals.313)
    get_direct_run_state.last_fan_run_flag   0x200000e4   Data           1  lto-llvm-06888a.o(.bss..L_MergedGlobals.313)
    get_direct_run_state.last_output         0x200000e5   Data           1  lto-llvm-06888a.o(.bss..L_MergedGlobals.313)
    get_direct_run_state.output_refresh_time 0x200000e6   Data           1  lto-llvm-06888a.o(.bss..L_MergedGlobals.313)
    get_direct_run_state.last_out_value      0x200000e7   Data           1  lto-llvm-06888a.o(.bss..L_MergedGlobals.313)
    show_code_mode_state.state               0x200000e8   Data           1  lto-llvm-06888a.o(.bss..L_MergedGlobals.313)
    get_code_mode_state.refresh_temp_time    0x200000e9   Data           1  lto-llvm-06888a.o(.bss..L_MergedGlobals.313)
    get_code_mode_state.refresh_wind_time    0x200000ea   Data           1  lto-llvm-06888a.o(.bss..L_MergedGlobals.313)
    sbeep.1                                  0x200000ec   Data           1  lto-llvm-06888a.o(.bss..L_MergedGlobals.313)
    iap_flag                                 0x200000ed   Data           1  lto-llvm-06888a.o(.bss..L_MergedGlobals.313)
    adc1_ordinary_value                      0x200000ee   Data           2  lto-llvm-06888a.o(.bss..L_MergedGlobals.313)
    Direct_Handle_PWM_Out.Direct_handle_last_set_temp 0x200000f0   Data           2  lto-llvm-06888a.o(.bss..L_MergedGlobals.313)
    Direct_Handle_PWM_Out.direct_hot_run_time_ms 0x200000f2   Data           2  lto-llvm-06888a.o(.bss..L_MergedGlobals.313)
    Direct_Handle_PWM_Out.set_temp           0x200000f4   Data           2  lto-llvm-06888a.o(.bss..L_MergedGlobals.313)
    Direct_Handle_PWM_Out.delay_time         0x200000f6   Data           2  lto-llvm-06888a.o(.bss..L_MergedGlobals.313)
    FlashProc.last_direct_set_temp           0x200000f8   Data           2  lto-llvm-06888a.o(.bss..L_MergedGlobals.313)
    FlashProc.last_direct_set_wind           0x200000fa   Data           2  lto-llvm-06888a.o(.bss..L_MergedGlobals.313)
    FlashProc.last_direct_set_cold_mode_wind 0x200000fc   Data           2  lto-llvm-06888a.o(.bss..L_MergedGlobals.313)
    FlashProc.last_set_direct_calibration_temp 0x200000fe   Data           2  lto-llvm-06888a.o(.bss..L_MergedGlobals.313)
    FlashProc.last_set_quick_work_temp       0x20000100   Data           2  lto-llvm-06888a.o(.bss..L_MergedGlobals.313)
    FlashProc.last_set_quick_work_time       0x20000102   Data           2  lto-llvm-06888a.o(.bss..L_MergedGlobals.313)
    FlashProc.last_set_countdown_time        0x20000104   Data           2  lto-llvm-06888a.o(.bss..L_MergedGlobals.313)
    FlashProc.last_ch1_set_temp              0x20000106   Data           2  lto-llvm-06888a.o(.bss..L_MergedGlobals.313)
    FlashProc.last_ch1_set_wind              0x20000108   Data           2  lto-llvm-06888a.o(.bss..L_MergedGlobals.313)
    FlashProc.last_ch1_set_time              0x2000010a   Data           2  lto-llvm-06888a.o(.bss..L_MergedGlobals.313)
    FlashProc.last_ch2_set_temp              0x2000010c   Data           2  lto-llvm-06888a.o(.bss..L_MergedGlobals.313)
    FlashProc.last_ch2_set_wind              0x2000010e   Data           2  lto-llvm-06888a.o(.bss..L_MergedGlobals.313)
    FlashProc.last_ch2_set_time              0x20000110   Data           2  lto-llvm-06888a.o(.bss..L_MergedGlobals.313)
    FlashProc.last_ch3_set_temp              0x20000112   Data           2  lto-llvm-06888a.o(.bss..L_MergedGlobals.313)
    FlashProc.last_ch3_set_wind              0x20000114   Data           2  lto-llvm-06888a.o(.bss..L_MergedGlobals.313)
    FlashProc.last_ch3_set_time              0x20000116   Data           2  lto-llvm-06888a.o(.bss..L_MergedGlobals.313)
    FlashProc.last_ch4_set_temp              0x20000118   Data           2  lto-llvm-06888a.o(.bss..L_MergedGlobals.313)
    FlashProc.last_ch4_set_wind              0x2000011a   Data           2  lto-llvm-06888a.o(.bss..L_MergedGlobals.313)
    FlashProc.last_ch4_set_time              0x2000011c   Data           2  lto-llvm-06888a.o(.bss..L_MergedGlobals.313)
    FlashProc.last_code0_pre_temp            0x2000011e   Data           2  lto-llvm-06888a.o(.bss..L_MergedGlobals.314)
    [Anonymous Symbol]                       0x2000011e   Section        0  lto-llvm-06888a.o(.bss..L_MergedGlobals.314)
    FlashProc.last_code0_pre_wind            0x20000120   Data           2  lto-llvm-06888a.o(.bss..L_MergedGlobals.314)
    FlashProc.last_code0_pre_time            0x20000122   Data           2  lto-llvm-06888a.o(.bss..L_MergedGlobals.314)
    FlashProc.last_code0_temp_1              0x20000124   Data           2  lto-llvm-06888a.o(.bss..L_MergedGlobals.314)
    FlashProc.last_code0_wind_1              0x20000126   Data           2  lto-llvm-06888a.o(.bss..L_MergedGlobals.314)
    FlashProc.last_code0_time_1              0x20000128   Data           2  lto-llvm-06888a.o(.bss..L_MergedGlobals.314)
    FlashProc.last_code0_temp_2              0x2000012a   Data           2  lto-llvm-06888a.o(.bss..L_MergedGlobals.314)
    FlashProc.last_code0_wind_2              0x2000012c   Data           2  lto-llvm-06888a.o(.bss..L_MergedGlobals.314)
    FlashProc.last_code0_time_2              0x2000012e   Data           2  lto-llvm-06888a.o(.bss..L_MergedGlobals.314)
    FlashProc.last_code0_temp_3              0x20000130   Data           2  lto-llvm-06888a.o(.bss..L_MergedGlobals.314)
    FlashProc.last_code0_wind_3              0x20000132   Data           2  lto-llvm-06888a.o(.bss..L_MergedGlobals.314)
    FlashProc.last_code0_time_3              0x20000134   Data           2  lto-llvm-06888a.o(.bss..L_MergedGlobals.314)
    FlashProc.last_code0_temp_4              0x20000136   Data           2  lto-llvm-06888a.o(.bss..L_MergedGlobals.314)
    FlashProc.last_code0_wind_4              0x20000138   Data           2  lto-llvm-06888a.o(.bss..L_MergedGlobals.314)
    FlashProc.last_code0_time_4              0x2000013a   Data           2  lto-llvm-06888a.o(.bss..L_MergedGlobals.314)
    FlashProc.last_code1_pre_temp            0x2000013c   Data           2  lto-llvm-06888a.o(.bss..L_MergedGlobals.314)
    FlashProc.last_code1_pre_wind            0x2000013e   Data           2  lto-llvm-06888a.o(.bss..L_MergedGlobals.314)
    FlashProc.last_code1_pre_time            0x20000140   Data           2  lto-llvm-06888a.o(.bss..L_MergedGlobals.314)
    FlashProc.last_code1_temp_1              0x20000142   Data           2  lto-llvm-06888a.o(.bss..L_MergedGlobals.314)
    FlashProc.last_code1_wind_1              0x20000144   Data           2  lto-llvm-06888a.o(.bss..L_MergedGlobals.314)
    FlashProc.last_code1_time_1              0x20000146   Data           2  lto-llvm-06888a.o(.bss..L_MergedGlobals.314)
    FlashProc.last_code1_temp_2              0x20000148   Data           2  lto-llvm-06888a.o(.bss..L_MergedGlobals.314)
    FlashProc.last_code1_wind_2              0x2000014a   Data           2  lto-llvm-06888a.o(.bss..L_MergedGlobals.314)
    FlashProc.last_code1_time_2              0x2000014c   Data           2  lto-llvm-06888a.o(.bss..L_MergedGlobals.314)
    FlashProc.last_code1_temp_3              0x2000014e   Data           2  lto-llvm-06888a.o(.bss..L_MergedGlobals.314)
    FlashProc.last_code1_wind_3              0x20000150   Data           2  lto-llvm-06888a.o(.bss..L_MergedGlobals.314)
    FlashProc.last_code1_time_3              0x20000152   Data           2  lto-llvm-06888a.o(.bss..L_MergedGlobals.314)
    FlashProc.last_code1_temp_4              0x20000154   Data           2  lto-llvm-06888a.o(.bss..L_MergedGlobals.314)
    FlashProc.last_code1_wind_4              0x20000156   Data           2  lto-llvm-06888a.o(.bss..L_MergedGlobals.314)
    FlashProc.last_code1_time_4              0x20000158   Data           2  lto-llvm-06888a.o(.bss..L_MergedGlobals.314)
    FlashProc.last_code2_pre_temp            0x2000015a   Data           2  lto-llvm-06888a.o(.bss..L_MergedGlobals.314)
    FlashProc.last_code2_pre_wind            0x2000015c   Data           2  lto-llvm-06888a.o(.bss..L_MergedGlobals.314)
    FlashProc.last_code2_pre_time            0x2000015e   Data           2  lto-llvm-06888a.o(.bss..L_MergedGlobals.314)
    FlashProc.last_code2_temp_1              0x20000160   Data           2  lto-llvm-06888a.o(.bss..L_MergedGlobals.314)
    FlashProc.last_code2_wind_1              0x20000162   Data           2  lto-llvm-06888a.o(.bss..L_MergedGlobals.314)
    FlashProc.last_code2_time_1              0x20000164   Data           2  lto-llvm-06888a.o(.bss..L_MergedGlobals.314)
    FlashProc.last_code2_temp_2              0x20000166   Data           2  lto-llvm-06888a.o(.bss..L_MergedGlobals.314)
    FlashProc.last_code2_wind_2              0x20000168   Data           2  lto-llvm-06888a.o(.bss..L_MergedGlobals.314)
    FlashProc.last_code2_time_2              0x2000016a   Data           2  lto-llvm-06888a.o(.bss..L_MergedGlobals.314)
    FlashProc.last_code2_temp_3              0x2000016c   Data           2  lto-llvm-06888a.o(.bss..L_MergedGlobals.314)
    FlashProc.last_code2_wind_3              0x2000016e   Data           2  lto-llvm-06888a.o(.bss..L_MergedGlobals.314)
    FlashProc.last_code2_time_3              0x20000170   Data           2  lto-llvm-06888a.o(.bss..L_MergedGlobals.314)
    FlashProc.last_code2_temp_4              0x20000172   Data           2  lto-llvm-06888a.o(.bss..L_MergedGlobals.314)
    FlashProc.last_code2_wind_4              0x20000174   Data           2  lto-llvm-06888a.o(.bss..L_MergedGlobals.314)
    FlashProc.last_code2_time_4              0x20000176   Data           2  lto-llvm-06888a.o(.bss..L_MergedGlobals.314)
    FlashProc.last_code3_pre_temp            0x20000178   Data           2  lto-llvm-06888a.o(.bss..L_MergedGlobals.314)
    FlashProc.last_code3_pre_wind            0x2000017a   Data           2  lto-llvm-06888a.o(.bss..L_MergedGlobals.314)
    FlashProc.last_code3_pre_time            0x2000017c   Data           2  lto-llvm-06888a.o(.bss..L_MergedGlobals.314)
    FlashProc.last_code3_temp_1              0x2000017e   Data           2  lto-llvm-06888a.o(.bss..L_MergedGlobals.314)
    FlashProc.last_code3_wind_1              0x20000180   Data           2  lto-llvm-06888a.o(.bss..L_MergedGlobals.314)
    FlashProc.last_code3_time_1              0x20000182   Data           2  lto-llvm-06888a.o(.bss..L_MergedGlobals.314)
    FlashProc.last_code3_temp_2              0x20000184   Data           2  lto-llvm-06888a.o(.bss..L_MergedGlobals.314)
    FlashProc.last_code3_wind_2              0x20000186   Data           2  lto-llvm-06888a.o(.bss..L_MergedGlobals.314)
    FlashProc.last_code3_time_2              0x20000188   Data           2  lto-llvm-06888a.o(.bss..L_MergedGlobals.314)
    FlashProc.last_code3_temp_3              0x2000018a   Data           2  lto-llvm-06888a.o(.bss..L_MergedGlobals.314)
    FlashProc.last_code3_wind_3              0x2000018c   Data           2  lto-llvm-06888a.o(.bss..L_MergedGlobals.314)
    FlashProc.last_code3_time_3              0x2000018e   Data           2  lto-llvm-06888a.o(.bss..L_MergedGlobals.314)
    FlashProc.last_code3_temp_4              0x20000190   Data           2  lto-llvm-06888a.o(.bss..L_MergedGlobals.314)
    FlashProc.last_code3_wind_4              0x20000192   Data           2  lto-llvm-06888a.o(.bss..L_MergedGlobals.314)
    FlashProc.last_code3_time_4              0x20000194   Data           2  lto-llvm-06888a.o(.bss..L_MergedGlobals.314)
    FlashProc.last_code4_pre_temp            0x20000196   Data           2  lto-llvm-06888a.o(.bss..L_MergedGlobals.314)
    FlashProc.last_code4_pre_wind            0x20000198   Data           2  lto-llvm-06888a.o(.bss..L_MergedGlobals.314)
    FlashProc.last_code4_pre_time            0x2000019a   Data           2  lto-llvm-06888a.o(.bss..L_MergedGlobals.314)
    FlashProc.last_code4_temp_1              0x200001a0   Data           2  lto-llvm-06888a.o(.bss..L_MergedGlobals.315)
    [Anonymous Symbol]                       0x200001a0   Section        0  lto-llvm-06888a.o(.bss..L_MergedGlobals.315)
    FlashProc.last_code4_wind_1              0x200001a2   Data           2  lto-llvm-06888a.o(.bss..L_MergedGlobals.315)
    FlashProc.last_code4_time_1              0x200001a4   Data           2  lto-llvm-06888a.o(.bss..L_MergedGlobals.315)
    FlashProc.last_code4_temp_2              0x200001a6   Data           2  lto-llvm-06888a.o(.bss..L_MergedGlobals.315)
    FlashProc.last_code4_wind_2              0x200001a8   Data           2  lto-llvm-06888a.o(.bss..L_MergedGlobals.315)
    FlashProc.last_code4_time_2              0x200001aa   Data           2  lto-llvm-06888a.o(.bss..L_MergedGlobals.315)
    FlashProc.last_code4_temp_3              0x200001ac   Data           2  lto-llvm-06888a.o(.bss..L_MergedGlobals.315)
    FlashProc.last_code4_wind_3              0x200001ae   Data           2  lto-llvm-06888a.o(.bss..L_MergedGlobals.315)
    FlashProc.last_code4_time_3              0x200001b0   Data           2  lto-llvm-06888a.o(.bss..L_MergedGlobals.315)
    FlashProc.last_code4_temp_4              0x200001b2   Data           2  lto-llvm-06888a.o(.bss..L_MergedGlobals.315)
    FlashProc.last_code4_wind_4              0x200001b4   Data           2  lto-llvm-06888a.o(.bss..L_MergedGlobals.315)
    FlashProc.last_code4_time_4              0x200001b6   Data           2  lto-llvm-06888a.o(.bss..L_MergedGlobals.315)
    FlashProc.flash_version                  0x200001b8   Data           2  lto-llvm-06888a.o(.bss..L_MergedGlobals.315)
    FlashProc.a_ver                          0x200001ba   Data           2  lto-llvm-06888a.o(.bss..L_MergedGlobals.315)
    FlashProc.b_ver                          0x200001bc   Data           2  lto-llvm-06888a.o(.bss..L_MergedGlobals.315)
    get_page.time                            0x200001be   Data           2  lto-llvm-06888a.o(.bss..L_MergedGlobals.315)
    show_direct_temp.show_set_temp           0x200001c0   Data           2  lto-llvm-06888a.o(.bss..L_MergedGlobals.315)
    get_direct_temp_state.last_show_temp     0x200001c2   Data           2  lto-llvm-06888a.o(.bss..L_MergedGlobals.315)
    get_direct_time_state.last_show_time     0x200001c4   Data           2  lto-llvm-06888a.o(.bss..L_MergedGlobals.315)
    get_code_mode_state.last_show_temp       0x200001c6   Data           2  lto-llvm-06888a.o(.bss..L_MergedGlobals.315)
    get_code_mode_state.last_show_wind       0x200001c8   Data           2  lto-llvm-06888a.o(.bss..L_MergedGlobals.315)
    get_code_mode_state.last_show_stop_wind  0x200001ca   Data           2  lto-llvm-06888a.o(.bss..L_MergedGlobals.315)
    get_code_mode_state.last_show_time       0x200001cc   Data           2  lto-llvm-06888a.o(.bss..L_MergedGlobals.315)
    pc_comm_handle.time_1                    0x200001ce   Data           2  lto-llvm-06888a.o(.bss..L_MergedGlobals.315)
    pc_comm_handle.time_2                    0x200001d0   Data           2  lto-llvm-06888a.o(.bss..L_MergedGlobals.315)
    sum                                      0x200001d2   Data           2  lto-llvm-06888a.o(.bss..L_MergedGlobals.315)
    curNum                                   0x200001d4   Data           2  lto-llvm-06888a.o(.bss..L_MergedGlobals.315)
    key_event                                0x200001d6   Data           3  lto-llvm-06888a.o(.bss..L_MergedGlobals.315)
    tmr3_ch1_readvalue                       0x200001dc   Data           4  lto-llvm-06888a.o(.bss..L_MergedGlobals.315)
    timebase_ticks                           0x200001e0   Data           4  lto-llvm-06888a.o(.bss..L_MergedGlobals.315)
    change_temp                              0x200001e4   Data           4  lto-llvm-06888a.o(.bss..L_MergedGlobals.315)
    change_temp_f_display                    0x200001e8   Data           4  lto-llvm-06888a.o(.bss..L_MergedGlobals.315)
    change_wind                              0x200001ec   Data           4  lto-llvm-06888a.o(.bss..L_MergedGlobals.315)
    WriteDataToUART4.crc_value               0x200001f0   Data           4  lto-llvm-06888a.o(.bss..L_MergedGlobals.315)
    change_temp.261                          0x200001f4   Data           4  lto-llvm-06888a.o(.bss..L_MergedGlobals.315)
    change_temp_f_display.262                0x200001f8   Data           4  lto-llvm-06888a.o(.bss..L_MergedGlobals.315)
    change_wind.263                          0x200001fc   Data           4  lto-llvm-06888a.o(.bss..L_MergedGlobals.315)
    WriteDataToUART5.crc_value               0x20000200   Data           4  lto-llvm-06888a.o(.bss..L_MergedGlobals.315)
    BeepProc.s_BeepStartTime                 0x20000208   Data           8  lto-llvm-06888a.o(.bss..L_MergedGlobals.315)
    FlashProc.last_system_run_time_m         0x20000210   Data           8  lto-llvm-06888a.o(.bss..L_MergedGlobals.315)
    FlashProc.last_direct_hot_work_time_m    0x20000218   Data           8  lto-llvm-06888a.o(.bss..L_MergedGlobals.316)
    [Anonymous Symbol]                       0x20000218   Section        0  lto-llvm-06888a.o(.bss..L_MergedGlobals.316)
    tmt                                      0x20000220   Data          24  lto-llvm-06888a.o(.bss..L_MergedGlobals.316)
    tUsart1Buffer                            0x20000238   Data          36  lto-llvm-06888a.o(.bss..L_MergedGlobals.316)
    tUsart2Buffer                            0x2000025c   Data          36  lto-llvm-06888a.o(.bss..L_MergedGlobals.316)
    tUsart3Buffer                            0x20000280   Data          36  lto-llvm-06888a.o(.bss..L_MergedGlobals.317)
    [Anonymous Symbol]                       0x20000280   Section        0  lto-llvm-06888a.o(.bss..L_MergedGlobals.317)
    tUart4Buffer                             0x200002a4   Data          36  lto-llvm-06888a.o(.bss..L_MergedGlobals.317)
    tUart5Buffer                             0x200002c8   Data          36  lto-llvm-06888a.o(.bss..L_MergedGlobals.317)
    UART4_data                               0x200002ec   Data         532  lto-llvm-06888a.o(.bss.UART4_data)
    [Anonymous Symbol]                       0x200002ec   Section        0  lto-llvm-06888a.o(.bss.UART4_data)
    UART5_data                               0x20000500   Data         532  lto-llvm-06888a.o(.bss.UART5_data)
    [Anonymous Symbol]                       0x20000500   Section        0  lto-llvm-06888a.o(.bss.UART5_data)
    chUart4RxBuffer                          0x20000714   Data        1024  lto-llvm-06888a.o(.bss.chUart4RxBuffer)
    [Anonymous Symbol]                       0x20000714   Section        0  lto-llvm-06888a.o(.bss.chUart4RxBuffer)
    chUart5RxBuffer                          0x20000b14   Data        1024  lto-llvm-06888a.o(.bss.chUart5RxBuffer)
    [Anonymous Symbol]                       0x20000b14   Section        0  lto-llvm-06888a.o(.bss.chUart5RxBuffer)
    chUsart1RxBuffer                         0x20000f14   Data        1024  lto-llvm-06888a.o(.bss.chUsart1RxBuffer)
    [Anonymous Symbol]                       0x20000f14   Section        0  lto-llvm-06888a.o(.bss.chUsart1RxBuffer)
    chUsart1TxBuffer                         0x20001314   Data        1024  lto-llvm-06888a.o(.bss.chUsart1TxBuffer)
    [Anonymous Symbol]                       0x20001314   Section        0  lto-llvm-06888a.o(.bss.chUsart1TxBuffer)
    chUsart2RxBuffer                         0x20001714   Data        1024  lto-llvm-06888a.o(.bss.chUsart2RxBuffer)
    [Anonymous Symbol]                       0x20001714   Section        0  lto-llvm-06888a.o(.bss.chUsart2RxBuffer)
    chUsart2TxBuffer                         0x20001b14   Data        1024  lto-llvm-06888a.o(.bss.chUsart2TxBuffer)
    [Anonymous Symbol]                       0x20001b14   Section        0  lto-llvm-06888a.o(.bss.chUsart2TxBuffer)
    chUsart3RxBuffer                         0x20001f14   Data        1024  lto-llvm-06888a.o(.bss.chUsart3RxBuffer)
    [Anonymous Symbol]                       0x20001f14   Section        0  lto-llvm-06888a.o(.bss.chUsart3RxBuffer)
    direct_pid                               0x20002314   Data          44  lto-llvm-06888a.o(.bss.direct_pid)
    [Anonymous Symbol]                       0x20002314   Section        0  lto-llvm-06888a.o(.bss.direct_pid)
    fan_control.run_flag                     0x20002340   Data           1  lto-llvm-06888a.o(.bss.fan_control.run_flag)
    [Anonymous Symbol]                       0x20002340   Section        0  lto-llvm-06888a.o(.bss.fan_control.run_flag)
    feed_dog_task.first_in                   0x20002341   Data           1  lto-llvm-06888a.o(.bss.feed_dog_task.first_in)
    [Anonymous Symbol]                       0x20002341   Section        0  lto-llvm-06888a.o(.bss.feed_dog_task.first_in)
    object                                   0x20002344   Data         196  lto-llvm-06888a.o(.bss.object)
    [Anonymous Symbol]                       0x20002344   Section        0  lto-llvm-06888a.o(.bss.object)
    pc_data                                  0x20002408   Data        1540  lto-llvm-06888a.o(.bss.pc_data)
    [Anonymous Symbol]                       0x20002408   Section        0  lto-llvm-06888a.o(.bss.pc_data)
    sFWG2_t                                  0x20002a10   Data         384  lto-llvm-06888a.o(.bss.sFWG2_t)
    [Anonymous Symbol]                       0x20002a10   Section        0  lto-llvm-06888a.o(.bss.sFWG2_t)
    sdwin                                    0x20002b90   Data         268  lto-llvm-06888a.o(.bss.sdwin)
    [Anonymous Symbol]                       0x20002b90   Section        0  lto-llvm-06888a.o(.bss.sdwin)
    STACK                                    0x20002ca0   Section     1024  startup_at32f415.o(STACK)

    Global Symbols

    Symbol Name                              Value     Ov Type        Size  Object(Section)

    BuildAttributes$$THM_ISAv4$E$P$D$K$B$S$7EM$PE$A:L22UL41UL21$X:L11$S22US41US21$IEEE1$IW$~IW$USESV6$~STKCKD$USESV7$~SHL$OTIME$ROPI$IEEEF$EBA8$MICROLIB$REQ8$PRES8$EABIv2 0x00000000   Number         0  anon$$obj.o ABSOLUTE
    _printf_a                                0x00000000   Number         0  printfstubs.o ABSOLUTE
    _printf_c                                0x00000000   Number         0  printfstubs.o ABSOLUTE
    _printf_charcount                        0x00000000   Number         0  printfstubs.o ABSOLUTE
    _printf_d                                0x00000000   Number         0  printfstubs.o ABSOLUTE
    _printf_e                                0x00000000   Number         0  printfstubs.o ABSOLUTE
    _printf_f                                0x00000000   Number         0  printfstubs.o ABSOLUTE
    _printf_flags                            0x00000000   Number         0  printfstubs.o ABSOLUTE
    _printf_fp_dec                           0x00000000   Number         0  printfstubs.o ABSOLUTE
    _printf_fp_hex                           0x00000000   Number         0  printfstubs.o ABSOLUTE
    _printf_g                                0x00000000   Number         0  printfstubs.o ABSOLUTE
    _printf_i                                0x00000000   Number         0  printfstubs.o ABSOLUTE
    _printf_int_dec                          0x00000000   Number         0  printfstubs.o ABSOLUTE
    _printf_l                                0x00000000   Number         0  printfstubs.o ABSOLUTE
    _printf_lc                               0x00000000   Number         0  printfstubs.o ABSOLUTE
    _printf_ll                               0x00000000   Number         0  printfstubs.o ABSOLUTE
    _printf_lld                              0x00000000   Number         0  printfstubs.o ABSOLUTE
    _printf_lli                              0x00000000   Number         0  printfstubs.o ABSOLUTE
    _printf_llo                              0x00000000   Number         0  printfstubs.o ABSOLUTE
    _printf_llu                              0x00000000   Number         0  printfstubs.o ABSOLUTE
    _printf_llx                              0x00000000   Number         0  printfstubs.o ABSOLUTE
    _printf_longlong_dec                     0x00000000   Number         0  printfstubs.o ABSOLUTE
    _printf_longlong_hex                     0x00000000   Number         0  printfstubs.o ABSOLUTE
    _printf_longlong_oct                     0x00000000   Number         0  printfstubs.o ABSOLUTE
    _printf_ls                               0x00000000   Number         0  printfstubs.o ABSOLUTE
    _printf_mbtowc                           0x00000000   Number         0  printfstubs.o ABSOLUTE
    _printf_n                                0x00000000   Number         0  printfstubs.o ABSOLUTE
    _printf_o                                0x00000000   Number         0  printfstubs.o ABSOLUTE
    _printf_p                                0x00000000   Number         0  printfstubs.o ABSOLUTE
    _printf_percent                          0x00000000   Number         0  printfstubs.o ABSOLUTE
    _printf_pre_padding                      0x00000000   Number         0  printfstubs.o ABSOLUTE
    _printf_return_value                     0x00000000   Number         0  printfstubs.o ABSOLUTE
    _printf_s                                0x00000000   Number         0  printfstubs.o ABSOLUTE
    _printf_sizespec                         0x00000000   Number         0  printfstubs.o ABSOLUTE
    _printf_str                              0x00000000   Number         0  printfstubs.o ABSOLUTE
    _printf_truncate_signed                  0x00000000   Number         0  printfstubs.o ABSOLUTE
    _printf_truncate_unsigned                0x00000000   Number         0  printfstubs.o ABSOLUTE
    _printf_u                                0x00000000   Number         0  printfstubs.o ABSOLUTE
    _printf_wc                               0x00000000   Number         0  printfstubs.o ABSOLUTE
    _printf_wctomb                           0x00000000   Number         0  printfstubs.o ABSOLUTE
    _printf_widthprec                        0x00000000   Number         0  printfstubs.o ABSOLUTE
    _printf_x                                0x00000000   Number         0  printfstubs.o ABSOLUTE
    __cpp_initialize__aeabi_                  - Undefined Weak Reference
    __cxa_finalize                            - Undefined Weak Reference
    __decompress                              - Undefined Weak Reference
    _clock_init                               - Undefined Weak Reference
    _microlib_exit                            - Undefined Weak Reference
    __Vectors_Size                           0x00000170   Number         0  startup_at32f415.o ABSOLUTE
    __Vectors                                0x08004000   Data           4  startup_at32f415.o(RESET)
    __Vectors_End                            0x08004170   Data           0  startup_at32f415.o(RESET)
    __main                                   0x08004171   Thumb Code     0  entry.o(.ARM.Collect$$$$00000000)
    _main_stk                                0x08004171   Thumb Code     0  entry2.o(.ARM.Collect$$$$00000001)
    _main_scatterload                        0x08004175   Thumb Code     0  entry5.o(.ARM.Collect$$$$00000004)
    __main_after_scatterload                 0x08004179   Thumb Code     0  entry5.o(.ARM.Collect$$$$00000004)
    _main_clock                              0x08004179   Thumb Code     0  entry7b.o(.ARM.Collect$$$$00000008)
    _main_cpp_init                           0x08004179   Thumb Code     0  entry8b.o(.ARM.Collect$$$$0000000A)
    _main_init                               0x08004179   Thumb Code     0  entry9a.o(.ARM.Collect$$$$0000000B)
    __rt_final_cpp                           0x08004181   Thumb Code     0  entry10a.o(.ARM.Collect$$$$0000000D)
    __rt_final_exit                          0x08004181   Thumb Code     0  entry11a.o(.ARM.Collect$$$$0000000F)
    Reset_Handler                            0x08004185   Thumb Code     8  startup_at32f415.o(.text)
    ADC1_IRQHandler                          0x0800419f   Thumb Code     0  startup_at32f415.o(.text)
    CAN1_RX0_IRQHandler                      0x0800419f   Thumb Code     0  startup_at32f415.o(.text)
    CAN1_RX1_IRQHandler                      0x0800419f   Thumb Code     0  startup_at32f415.o(.text)
    CAN1_SE_IRQHandler                       0x0800419f   Thumb Code     0  startup_at32f415.o(.text)
    CAN1_TX_IRQHandler                       0x0800419f   Thumb Code     0  startup_at32f415.o(.text)
    CMP1_IRQHandler                          0x0800419f   Thumb Code     0  startup_at32f415.o(.text)
    CMP2_IRQHandler                          0x0800419f   Thumb Code     0  startup_at32f415.o(.text)
    CRM_IRQHandler                           0x0800419f   Thumb Code     0  startup_at32f415.o(.text)
    DMA1_Channel1_IRQHandler                 0x0800419f   Thumb Code     0  startup_at32f415.o(.text)
    DMA1_Channel2_IRQHandler                 0x0800419f   Thumb Code     0  startup_at32f415.o(.text)
    DMA1_Channel3_IRQHandler                 0x0800419f   Thumb Code     0  startup_at32f415.o(.text)
    DMA1_Channel4_IRQHandler                 0x0800419f   Thumb Code     0  startup_at32f415.o(.text)
    DMA1_Channel5_IRQHandler                 0x0800419f   Thumb Code     0  startup_at32f415.o(.text)
    DMA1_Channel6_IRQHandler                 0x0800419f   Thumb Code     0  startup_at32f415.o(.text)
    DMA1_Channel7_IRQHandler                 0x0800419f   Thumb Code     0  startup_at32f415.o(.text)
    DMA2_Channel1_IRQHandler                 0x0800419f   Thumb Code     0  startup_at32f415.o(.text)
    DMA2_Channel2_IRQHandler                 0x0800419f   Thumb Code     0  startup_at32f415.o(.text)
    DMA2_Channel3_IRQHandler                 0x0800419f   Thumb Code     0  startup_at32f415.o(.text)
    DMA2_Channel4_5_IRQHandler               0x0800419f   Thumb Code     0  startup_at32f415.o(.text)
    DMA2_Channel6_7_IRQHandler               0x0800419f   Thumb Code     0  startup_at32f415.o(.text)
    ERTCAlarm_IRQHandler                     0x0800419f   Thumb Code     0  startup_at32f415.o(.text)
    ERTC_WKUP_IRQHandler                     0x0800419f   Thumb Code     0  startup_at32f415.o(.text)
    EXINT0_IRQHandler                        0x0800419f   Thumb Code     0  startup_at32f415.o(.text)
    EXINT15_10_IRQHandler                    0x0800419f   Thumb Code     0  startup_at32f415.o(.text)
    EXINT1_IRQHandler                        0x0800419f   Thumb Code     0  startup_at32f415.o(.text)
    EXINT2_IRQHandler                        0x0800419f   Thumb Code     0  startup_at32f415.o(.text)
    EXINT3_IRQHandler                        0x0800419f   Thumb Code     0  startup_at32f415.o(.text)
    EXINT4_IRQHandler                        0x0800419f   Thumb Code     0  startup_at32f415.o(.text)
    EXINT9_5_IRQHandler                      0x0800419f   Thumb Code     0  startup_at32f415.o(.text)
    FLASH_IRQHandler                         0x0800419f   Thumb Code     0  startup_at32f415.o(.text)
    I2C1_ERR_IRQHandler                      0x0800419f   Thumb Code     0  startup_at32f415.o(.text)
    I2C1_EVT_IRQHandler                      0x0800419f   Thumb Code     0  startup_at32f415.o(.text)
    I2C2_ERR_IRQHandler                      0x0800419f   Thumb Code     0  startup_at32f415.o(.text)
    I2C2_EVT_IRQHandler                      0x0800419f   Thumb Code     0  startup_at32f415.o(.text)
    OTGFS1_IRQHandler                        0x0800419f   Thumb Code     0  startup_at32f415.o(.text)
    OTGFS1_WKUP_IRQHandler                   0x0800419f   Thumb Code     0  startup_at32f415.o(.text)
    PVM_IRQHandler                           0x0800419f   Thumb Code     0  startup_at32f415.o(.text)
    SDIO1_IRQHandler                         0x0800419f   Thumb Code     0  startup_at32f415.o(.text)
    SPI1_IRQHandler                          0x0800419f   Thumb Code     0  startup_at32f415.o(.text)
    SPI2_IRQHandler                          0x0800419f   Thumb Code     0  startup_at32f415.o(.text)
    TAMP_STAMP_IRQHandler                    0x0800419f   Thumb Code     0  startup_at32f415.o(.text)
    TMR1_BRK_TMR9_IRQHandler                 0x0800419f   Thumb Code     0  startup_at32f415.o(.text)
    TMR1_CH_IRQHandler                       0x0800419f   Thumb Code     0  startup_at32f415.o(.text)
    TMR1_OVF_TMR10_IRQHandler                0x0800419f   Thumb Code     0  startup_at32f415.o(.text)
    TMR1_TRG_HALL_TMR11_IRQHandler           0x0800419f   Thumb Code     0  startup_at32f415.o(.text)
    TMR4_GLOBAL_IRQHandler                   0x0800419f   Thumb Code     0  startup_at32f415.o(.text)
    TMR5_GLOBAL_IRQHandler                   0x0800419f   Thumb Code     0  startup_at32f415.o(.text)
    WWDT_IRQHandler                          0x0800419f   Thumb Code     0  startup_at32f415.o(.text)
    __I$use$fp                               0x080041a9   Thumb Code     0  iusefp.o(.text)
    __aeabi_dadd                             0x080041a9   Thumb Code   322  dadd.o(.text)
    __aeabi_dsub                             0x080042eb   Thumb Code     6  dadd.o(.text)
    __aeabi_drsub                            0x080042f1   Thumb Code     6  dadd.o(.text)
    __aeabi_dmul                             0x080042f7   Thumb Code   228  dmul.o(.text)
    __aeabi_ddiv                             0x080043db   Thumb Code   222  ddiv.o(.text)
    __scatterload                            0x080044b9   Thumb Code    38  init.o(.text)
    __scatterload_rt2                        0x080044b9   Thumb Code     0  init.o(.text)
    __aeabi_llsl                             0x080044e9   Thumb Code    30  llshl.o(.text)
    _ll_shift_l                              0x080044e9   Thumb Code     0  llshl.o(.text)
    __aeabi_llsr                             0x08004507   Thumb Code    32  llushr.o(.text)
    _ll_ushift_r                             0x08004507   Thumb Code     0  llushr.o(.text)
    __aeabi_lasr                             0x08004527   Thumb Code    36  llsshr.o(.text)
    _ll_sshift_r                             0x08004527   Thumb Code     0  llsshr.o(.text)
    _double_round                            0x0800454b   Thumb Code    30  depilogue.o(.text)
    _double_epilogue                         0x08004569   Thumb Code   156  depilogue.o(.text)
    __aeabi_memset                           0x08004605   Thumb Code    14  memseta.o(.text)
    __aeabi_memset4                          0x08004605   Thumb Code     0  memseta.o(.text)
    __aeabi_memset8                          0x08004605   Thumb Code     0  memseta.o(.text)
    __aeabi_memclr                           0x08004613   Thumb Code     4  memseta.o(.text)
    __aeabi_memclr4                          0x08004613   Thumb Code     0  memseta.o(.text)
    __aeabi_memclr8                          0x08004613   Thumb Code     0  memseta.o(.text)
    _memset$wrapper                          0x08004617   Thumb Code    18  memseta.o(.text)
    __aeabi_fadd                             0x08004629   Thumb Code   164  fadd.o(.text)
    __aeabi_fsub                             0x080046cd   Thumb Code     6  fadd.o(.text)
    __aeabi_frsub                            0x080046d3   Thumb Code     6  fadd.o(.text)
    __aeabi_fmul                             0x080046d9   Thumb Code   100  fmul.o(.text)
    __aeabi_fdiv                             0x0800473d   Thumb Code   124  fdiv.o(.text)
    __aeabi_fcmple                           0x080047b9   Thumb Code    28  fcmple.o(.text)
    __aeabi_fcmplt                           0x080047d5   Thumb Code    28  fcmplt.o(.text)
    __aeabi_fcmpge                           0x080047f1   Thumb Code    28  fcmpge.o(.text)
    __aeabi_fcmpgt                           0x0800480d   Thumb Code    28  fcmpgt.o(.text)
    __aeabi_dcmpgt                           0x08004829   Thumb Code    54  dcmpgt.o(.text)
    __aeabi_i2f                              0x0800485f   Thumb Code    18  fflti.o(.text)
    __aeabi_ui2f                             0x08004871   Thumb Code    10  ffltui.o(.text)
    __aeabi_i2d                              0x0800487b   Thumb Code    34  dflti.o(.text)
    __aeabi_ui2d                             0x0800489d   Thumb Code    26  dfltui.o(.text)
    __aeabi_f2iz                             0x080048b7   Thumb Code    50  ffixi.o(.text)
    __aeabi_f2uiz                            0x080048e9   Thumb Code    40  ffixui.o(.text)
    __aeabi_d2iz                             0x08004911   Thumb Code    62  dfixi.o(.text)
    __aeabi_d2uiz                            0x0800494f   Thumb Code    50  dfixui.o(.text)
    __aeabi_f2d                              0x08004981   Thumb Code    38  f2d.o(.text)
    __aeabi_d2f                              0x080049a7   Thumb Code    56  d2f.o(.text)
    _float_round                             0x080049df   Thumb Code    18  fepilogue.o(.text)
    _float_epilogue                          0x080049f1   Thumb Code    92  fepilogue.o(.text)
    BusFault_Handler                         0x08004a4d   Thumb Code     2  lto-llvm-06888a.o(.text.BusFault_Handler)
    DebugMon_Handler                         0x08004a4f   Thumb Code     2  lto-llvm-06888a.o(.text.DebugMon_Handler)
    HardFault_Handler                        0x08004a51   Thumb Code     2  lto-llvm-06888a.o(.text.HardFault_Handler)
    MemManage_Handler                        0x08004a53   Thumb Code     2  lto-llvm-06888a.o(.text.MemManage_Handler)
    NMI_Handler                              0x08004a55   Thumb Code     2  lto-llvm-06888a.o(.text.NMI_Handler)
    PendSV_Handler                           0x080055b1   Thumb Code     2  lto-llvm-06888a.o(.text.PendSV_Handler)
    SVC_Handler                              0x08006bb1   Thumb Code     2  lto-llvm-06888a.o(.text.SVC_Handler)
    SysTick_Handler                          0x08006bb5   Thumb Code  1440  lto-llvm-06888a.o(.text.SysTick_Handler)
    SystemInit                               0x080071ad   Thumb Code   100  lto-llvm-06888a.o(.text.SystemInit)
    TMR2_GLOBAL_IRQHandler                   0x08007221   Thumb Code  1064  lto-llvm-06888a.o(.text.TMR2_GLOBAL_IRQHandler)
    TMR3_GLOBAL_IRQHandler                   0x0800766d   Thumb Code    32  lto-llvm-06888a.o(.text.TMR3_GLOBAL_IRQHandler)
    UART4_IRQHandler                         0x08007691   Thumb Code    88  lto-llvm-06888a.o(.text.UART4_IRQHandler)
    UART5_IRQHandler                         0x080076ed   Thumb Code    88  lto-llvm-06888a.o(.text.UART5_IRQHandler)
    USART1_IRQHandler                        0x08007749   Thumb Code    84  lto-llvm-06888a.o(.text.USART1_IRQHandler)
    USART2_IRQHandler                        0x080077a1   Thumb Code    84  lto-llvm-06888a.o(.text.USART2_IRQHandler)
    USART3_IRQHandler                        0x080077fd   Thumb Code    88  lto-llvm-06888a.o(.text.USART3_IRQHandler)
    UsageFault_Handler                       0x0800785d   Thumb Code     2  lto-llvm-06888a.o(.text.UsageFault_Handler)
    main                                     0x0800c585   Thumb Code  2988  lto-llvm-06888a.o(.text.main)
    __scatterload_copy                       0x0800e989   Thumb Code    14  handlers.o(i.__scatterload_copy)
    __scatterload_null                       0x0800e997   Thumb Code     2  handlers.o(i.__scatterload_null)
    __scatterload_zeroinit                   0x0800e999   Thumb Code    14  handlers.o(i.__scatterload_zeroinit)
    Region$$Table$$Base                      0x0800ea14   Number         0  anon$$obj.o(Region$$Table)
    Region$$Table$$Limit                     0x0800ea34   Number         0  anon$$obj.o(Region$$Table)
    __initial_sp                             0x200030a0   Data           0  startup_at32f415.o(STACK)



==============================================================================

Memory Map of the image

  Image Entry point : 0x08004171

  Load Region LR_IROM1 (Base: 0x08004000, Size: 0x0000aad8, Max: 0x00020000, ABSOLUTE)

    Execution Region ER_IROM1 (Exec base: 0x08004000, Load base: 0x08004000, Size: 0x0000aa34, Max: 0x00020000, ABSOLUTE)

    Exec Addr    Load Addr    Size         Type   Attr      Idx    E Section Name        Object

    0x08004000   0x08004000   0x00000170   Data   RO           32    RESET               startup_at32f415.o
    0x08004170   0x08004170   0x00000000   Code   RO           61  * .ARM.Collect$$$$00000000  mc_w.l(entry.o)
    0x08004170   0x08004170   0x00000004   Code   RO          327    .ARM.Collect$$$$00000001  mc_w.l(entry2.o)
    0x08004174   0x08004174   0x00000004   Code   RO          330    .ARM.Collect$$$$00000004  mc_w.l(entry5.o)
    0x08004178   0x08004178   0x00000000   Code   RO          332    .ARM.Collect$$$$00000008  mc_w.l(entry7b.o)
    0x08004178   0x08004178   0x00000000   Code   RO          334    .ARM.Collect$$$$0000000A  mc_w.l(entry8b.o)
    0x08004178   0x08004178   0x00000008   Code   RO          335    .ARM.Collect$$$$0000000B  mc_w.l(entry9a.o)
    0x08004180   0x08004180   0x00000000   Code   RO          337    .ARM.Collect$$$$0000000D  mc_w.l(entry10a.o)
    0x08004180   0x08004180   0x00000000   Code   RO          339    .ARM.Collect$$$$0000000F  mc_w.l(entry11a.o)
    0x08004180   0x08004180   0x00000004   Code   RO          328    .ARM.Collect$$$$00002712  mc_w.l(entry2.o)
    0x08004184   0x08004184   0x00000024   Code   RO           33    .text               startup_at32f415.o
    0x080041a8   0x080041a8   0x00000000   Code   RO          359    .text               mc_w.l(iusefp.o)
    0x080041a8   0x080041a8   0x0000014e   Code   RO          360    .text               mf_w.l(dadd.o)
    0x080042f6   0x080042f6   0x000000e4   Code   RO          362    .text               mf_w.l(dmul.o)
    0x080043da   0x080043da   0x000000de   Code   RO          364    .text               mf_w.l(ddiv.o)
    0x080044b8   0x080044b8   0x00000030   Code   RO          370    .text               mc_w.l(init.o)
    0x080044e8   0x080044e8   0x0000001e   Code   RO          373    .text               mc_w.l(llshl.o)
    0x08004506   0x08004506   0x00000020   Code   RO          375    .text               mc_w.l(llushr.o)
    0x08004526   0x08004526   0x00000024   Code   RO          377    .text               mc_w.l(llsshr.o)
    0x0800454a   0x0800454a   0x000000ba   Code   RO          380    .text               mf_w.l(depilogue.o)
    0x08004604   0x08004604   0x00000024   Code   RO          970    .text               mc_w.l(memseta.o)
    0x08004628   0x08004628   0x000000b0   Code   RO          972    .text               mf_w.l(fadd.o)
    0x080046d8   0x080046d8   0x00000064   Code   RO          974    .text               mf_w.l(fmul.o)
    0x0800473c   0x0800473c   0x0000007c   Code   RO          976    .text               mf_w.l(fdiv.o)
    0x080047b8   0x080047b8   0x0000001c   Code   RO          978    .text               mf_w.l(fcmple.o)
    0x080047d4   0x080047d4   0x0000001c   Code   RO          980    .text               mf_w.l(fcmplt.o)
    0x080047f0   0x080047f0   0x0000001c   Code   RO          982    .text               mf_w.l(fcmpge.o)
    0x0800480c   0x0800480c   0x0000001c   Code   RO          984    .text               mf_w.l(fcmpgt.o)
    0x08004828   0x08004828   0x00000036   Code   RO          986    .text               mf_w.l(dcmpgt.o)
    0x0800485e   0x0800485e   0x00000012   Code   RO          988    .text               mf_w.l(fflti.o)
    0x08004870   0x08004870   0x0000000a   Code   RO          990    .text               mf_w.l(ffltui.o)
    0x0800487a   0x0800487a   0x00000022   Code   RO          992    .text               mf_w.l(dflti.o)
    0x0800489c   0x0800489c   0x0000001a   Code   RO          994    .text               mf_w.l(dfltui.o)
    0x080048b6   0x080048b6   0x00000032   Code   RO          996    .text               mf_w.l(ffixi.o)
    0x080048e8   0x080048e8   0x00000028   Code   RO          998    .text               mf_w.l(ffixui.o)
    0x08004910   0x08004910   0x0000003e   Code   RO         1000    .text               mf_w.l(dfixi.o)
    0x0800494e   0x0800494e   0x00000032   Code   RO         1002    .text               mf_w.l(dfixui.o)
    0x08004980   0x08004980   0x00000026   Code   RO         1004    .text               mf_w.l(f2d.o)
    0x080049a6   0x080049a6   0x00000038   Code   RO         1006    .text               mf_w.l(d2f.o)
    0x080049de   0x080049de   0x0000006e   Code   RO         1008    .text               mf_w.l(fepilogue.o)
    0x08004a4c   0x08004a4c   0x00000002   Code   RO          415    .text.BusFault_Handler  lto-llvm-06888a.o
    0x08004a4e   0x08004a4e   0x00000002   Code   RO          421    .text.DebugMon_Handler  lto-llvm-06888a.o
    0x08004a50   0x08004a50   0x00000002   Code   RO          411    .text.HardFault_Handler  lto-llvm-06888a.o
    0x08004a52   0x08004a52   0x00000002   Code   RO          413    .text.MemManage_Handler  lto-llvm-06888a.o
    0x08004a54   0x08004a54   0x00000002   Code   RO          409    .text.NMI_Handler   lto-llvm-06888a.o
    0x08004a56   0x08004a56   0x00000008   Code   RO          521    .text.OUTLINED_FUNCTION_0  lto-llvm-06888a.o
    0x08004a5e   0x08004a5e   0x0000000e   Code   RO          523    .text.OUTLINED_FUNCTION_1  lto-llvm-06888a.o
    0x08004a6c   0x08004a6c   0x00000014   Code   RO          541    .text.OUTLINED_FUNCTION_10  lto-llvm-06888a.o
    0x08004a80   0x08004a80   0x0000000a   Code   RO          721    .text.OUTLINED_FUNCTION_100  lto-llvm-06888a.o
    0x08004a8a   0x08004a8a   0x0000000a   Code   RO          723    .text.OUTLINED_FUNCTION_101  lto-llvm-06888a.o
    0x08004a94   0x08004a94   0x0000000a   Code   RO          725    .text.OUTLINED_FUNCTION_102  lto-llvm-06888a.o
    0x08004a9e   0x08004a9e   0x0000000a   Code   RO          727    .text.OUTLINED_FUNCTION_103  lto-llvm-06888a.o
    0x08004aa8   0x08004aa8   0x0000000a   Code   RO          729    .text.OUTLINED_FUNCTION_104  lto-llvm-06888a.o
    0x08004ab2   0x08004ab2   0x0000000a   Code   RO          731    .text.OUTLINED_FUNCTION_105  lto-llvm-06888a.o
    0x08004abc   0x08004abc   0x0000000a   Code   RO          733    .text.OUTLINED_FUNCTION_106  lto-llvm-06888a.o
    0x08004ac6   0x08004ac6   0x0000000a   Code   RO          735    .text.OUTLINED_FUNCTION_107  lto-llvm-06888a.o
    0x08004ad0   0x08004ad0   0x0000000a   Code   RO          737    .text.OUTLINED_FUNCTION_108  lto-llvm-06888a.o
    0x08004ada   0x08004ada   0x0000000a   Code   RO          739    .text.OUTLINED_FUNCTION_109  lto-llvm-06888a.o
    0x08004ae4   0x08004ae4   0x0000004a   Code   RO          543    .text.OUTLINED_FUNCTION_11  lto-llvm-06888a.o
    0x08004b2e   0x08004b2e   0x0000000a   Code   RO          741    .text.OUTLINED_FUNCTION_110  lto-llvm-06888a.o
    0x08004b38   0x08004b38   0x0000000a   Code   RO          743    .text.OUTLINED_FUNCTION_111  lto-llvm-06888a.o
    0x08004b42   0x08004b42   0x0000000a   Code   RO          745    .text.OUTLINED_FUNCTION_112  lto-llvm-06888a.o
    0x08004b4c   0x08004b4c   0x0000000a   Code   RO          747    .text.OUTLINED_FUNCTION_113  lto-llvm-06888a.o
    0x08004b56   0x08004b56   0x0000000a   Code   RO          749    .text.OUTLINED_FUNCTION_114  lto-llvm-06888a.o
    0x08004b60   0x08004b60   0x0000000a   Code   RO          751    .text.OUTLINED_FUNCTION_115  lto-llvm-06888a.o
    0x08004b6a   0x08004b6a   0x0000000a   Code   RO          753    .text.OUTLINED_FUNCTION_116  lto-llvm-06888a.o
    0x08004b74   0x08004b74   0x0000000a   Code   RO          755    .text.OUTLINED_FUNCTION_117  lto-llvm-06888a.o
    0x08004b7e   0x08004b7e   0x0000000a   Code   RO          757    .text.OUTLINED_FUNCTION_118  lto-llvm-06888a.o
    0x08004b88   0x08004b88   0x0000000a   Code   RO          759    .text.OUTLINED_FUNCTION_119  lto-llvm-06888a.o
    0x08004b92   0x08004b92   0x00000048   Code   RO          545    .text.OUTLINED_FUNCTION_12  lto-llvm-06888a.o
    0x08004bda   0x08004bda   0x0000000a   Code   RO          761    .text.OUTLINED_FUNCTION_120  lto-llvm-06888a.o
    0x08004be4   0x08004be4   0x0000000a   Code   RO          763    .text.OUTLINED_FUNCTION_121  lto-llvm-06888a.o
    0x08004bee   0x08004bee   0x0000000a   Code   RO          765    .text.OUTLINED_FUNCTION_122  lto-llvm-06888a.o
    0x08004bf8   0x08004bf8   0x0000000a   Code   RO          767    .text.OUTLINED_FUNCTION_123  lto-llvm-06888a.o
    0x08004c02   0x08004c02   0x0000000a   Code   RO          769    .text.OUTLINED_FUNCTION_124  lto-llvm-06888a.o
    0x08004c0c   0x08004c0c   0x0000000a   Code   RO          771    .text.OUTLINED_FUNCTION_125  lto-llvm-06888a.o
    0x08004c16   0x08004c16   0x0000000a   Code   RO          773    .text.OUTLINED_FUNCTION_126  lto-llvm-06888a.o
    0x08004c20   0x08004c20   0x0000000a   Code   RO          775    .text.OUTLINED_FUNCTION_127  lto-llvm-06888a.o
    0x08004c2a   0x08004c2a   0x0000000a   Code   RO          777    .text.OUTLINED_FUNCTION_128  lto-llvm-06888a.o
    0x08004c34   0x08004c34   0x00000006   Code   RO          779    .text.OUTLINED_FUNCTION_129  lto-llvm-06888a.o
    0x08004c3a   0x08004c3a   0x0000000e   Code   RO          547    .text.OUTLINED_FUNCTION_13  lto-llvm-06888a.o
    0x08004c48   0x08004c48   0x00000008   Code   RO          781    .text.OUTLINED_FUNCTION_130  lto-llvm-06888a.o
    0x08004c50   0x08004c50   0x0000000a   Code   RO          783    .text.OUTLINED_FUNCTION_131  lto-llvm-06888a.o
    0x08004c5a   0x08004c5a   0x00000006   Code   RO          785    .text.OUTLINED_FUNCTION_132  lto-llvm-06888a.o
    0x08004c60   0x08004c60   0x0000000a   Code   RO          787    .text.OUTLINED_FUNCTION_133  lto-llvm-06888a.o
    0x08004c6a   0x08004c6a   0x0000000a   Code   RO          789    .text.OUTLINED_FUNCTION_134  lto-llvm-06888a.o
    0x08004c74   0x08004c74   0x0000000e   Code   RO          791    .text.OUTLINED_FUNCTION_135  lto-llvm-06888a.o
    0x08004c82   0x08004c82   0x0000000a   Code   RO          793    .text.OUTLINED_FUNCTION_136  lto-llvm-06888a.o
    0x08004c8c   0x08004c8c   0x0000000e   Code   RO          795    .text.OUTLINED_FUNCTION_137  lto-llvm-06888a.o
    0x08004c9a   0x08004c9a   0x0000000e   Code   RO          797    .text.OUTLINED_FUNCTION_138  lto-llvm-06888a.o
    0x08004ca8   0x08004ca8   0x0000000a   Code   RO          799    .text.OUTLINED_FUNCTION_139  lto-llvm-06888a.o
    0x08004cb2   0x08004cb2   0x00000016   Code   RO          549    .text.OUTLINED_FUNCTION_14  lto-llvm-06888a.o
    0x08004cc8   0x08004cc8   0x0000000a   Code   RO          801    .text.OUTLINED_FUNCTION_140  lto-llvm-06888a.o
    0x08004cd2   0x08004cd2   0x0000000a   Code   RO          803    .text.OUTLINED_FUNCTION_141  lto-llvm-06888a.o
    0x08004cdc   0x08004cdc   0x0000000a   Code   RO          805    .text.OUTLINED_FUNCTION_142  lto-llvm-06888a.o
    0x08004ce6   0x08004ce6   0x0000000a   Code   RO          807    .text.OUTLINED_FUNCTION_143  lto-llvm-06888a.o
    0x08004cf0   0x08004cf0   0x0000000a   Code   RO          809    .text.OUTLINED_FUNCTION_144  lto-llvm-06888a.o
    0x08004cfa   0x08004cfa   0x0000000a   Code   RO          811    .text.OUTLINED_FUNCTION_145  lto-llvm-06888a.o
    0x08004d04   0x08004d04   0x0000000a   Code   RO          813    .text.OUTLINED_FUNCTION_146  lto-llvm-06888a.o
    0x08004d0e   0x08004d0e   0x0000000a   Code   RO          815    .text.OUTLINED_FUNCTION_147  lto-llvm-06888a.o
    0x08004d18   0x08004d18   0x0000000a   Code   RO          817    .text.OUTLINED_FUNCTION_148  lto-llvm-06888a.o
    0x08004d22   0x08004d22   0x0000000a   Code   RO          819    .text.OUTLINED_FUNCTION_149  lto-llvm-06888a.o
    0x08004d2c   0x08004d2c   0x00000014   Code   RO          551    .text.OUTLINED_FUNCTION_15  lto-llvm-06888a.o
    0x08004d40   0x08004d40   0x0000000e   Code   RO          821    .text.OUTLINED_FUNCTION_150  lto-llvm-06888a.o
    0x08004d4e   0x08004d4e   0x0000000e   Code   RO          823    .text.OUTLINED_FUNCTION_151  lto-llvm-06888a.o
    0x08004d5c   0x08004d5c   0x0000000a   Code   RO          825    .text.OUTLINED_FUNCTION_152  lto-llvm-06888a.o
    0x08004d66   0x08004d66   0x00000008   Code   RO          827    .text.OUTLINED_FUNCTION_153  lto-llvm-06888a.o
    0x08004d6e   0x08004d6e   0x0000000a   Code   RO          829    .text.OUTLINED_FUNCTION_154  lto-llvm-06888a.o
    0x08004d78   0x08004d78   0x0000000a   Code   RO          831    .text.OUTLINED_FUNCTION_155  lto-llvm-06888a.o
    0x08004d82   0x08004d82   0x0000000a   Code   RO          833    .text.OUTLINED_FUNCTION_156  lto-llvm-06888a.o
    0x08004d8c   0x08004d8c   0x0000000a   Code   RO          835    .text.OUTLINED_FUNCTION_157  lto-llvm-06888a.o
    0x08004d96   0x08004d96   0x0000000a   Code   RO          837    .text.OUTLINED_FUNCTION_158  lto-llvm-06888a.o
    0x08004da0   0x08004da0   0x00000006   Code   RO          839    .text.OUTLINED_FUNCTION_159  lto-llvm-06888a.o
    0x08004da6   0x08004da6   0x00000008   Code   RO          553    .text.OUTLINED_FUNCTION_16  lto-llvm-06888a.o
    0x08004dae   0x08004dae   0x0000000a   Code   RO          841    .text.OUTLINED_FUNCTION_160  lto-llvm-06888a.o
    0x08004db8   0x08004db8   0x0000000a   Code   RO          843    .text.OUTLINED_FUNCTION_161  lto-llvm-06888a.o
    0x08004dc2   0x08004dc2   0x0000000a   Code   RO          845    .text.OUTLINED_FUNCTION_162  lto-llvm-06888a.o
    0x08004dcc   0x08004dcc   0x0000000a   Code   RO          847    .text.OUTLINED_FUNCTION_163  lto-llvm-06888a.o
    0x08004dd6   0x08004dd6   0x0000000a   Code   RO          849    .text.OUTLINED_FUNCTION_164  lto-llvm-06888a.o
    0x08004de0   0x08004de0   0x0000000a   Code   RO          851    .text.OUTLINED_FUNCTION_165  lto-llvm-06888a.o
    0x08004dea   0x08004dea   0x0000000a   Code   RO          853    .text.OUTLINED_FUNCTION_166  lto-llvm-06888a.o
    0x08004df4   0x08004df4   0x0000000a   Code   RO          855    .text.OUTLINED_FUNCTION_167  lto-llvm-06888a.o
    0x08004dfe   0x08004dfe   0x0000000a   Code   RO          857    .text.OUTLINED_FUNCTION_168  lto-llvm-06888a.o
    0x08004e08   0x08004e08   0x0000000a   Code   RO          859    .text.OUTLINED_FUNCTION_169  lto-llvm-06888a.o
    0x08004e12   0x08004e12   0x00000008   Code   RO          555    .text.OUTLINED_FUNCTION_17  lto-llvm-06888a.o
    0x08004e1a   0x08004e1a   0x0000000a   Code   RO          861    .text.OUTLINED_FUNCTION_170  lto-llvm-06888a.o
    0x08004e24   0x08004e24   0x0000000a   Code   RO          863    .text.OUTLINED_FUNCTION_171  lto-llvm-06888a.o
    0x08004e2e   0x08004e2e   0x0000000a   Code   RO          865    .text.OUTLINED_FUNCTION_172  lto-llvm-06888a.o
    0x08004e38   0x08004e38   0x0000000a   Code   RO          867    .text.OUTLINED_FUNCTION_173  lto-llvm-06888a.o
    0x08004e42   0x08004e42   0x0000000a   Code   RO          869    .text.OUTLINED_FUNCTION_174  lto-llvm-06888a.o
    0x08004e4c   0x08004e4c   0x0000000a   Code   RO          871    .text.OUTLINED_FUNCTION_175  lto-llvm-06888a.o
    0x08004e56   0x08004e56   0x0000000a   Code   RO          873    .text.OUTLINED_FUNCTION_176  lto-llvm-06888a.o
    0x08004e60   0x08004e60   0x0000000a   Code   RO          875    .text.OUTLINED_FUNCTION_177  lto-llvm-06888a.o
    0x08004e6a   0x08004e6a   0x0000000a   Code   RO          877    .text.OUTLINED_FUNCTION_178  lto-llvm-06888a.o
    0x08004e74   0x08004e74   0x0000000a   Code   RO          879    .text.OUTLINED_FUNCTION_179  lto-llvm-06888a.o
    0x08004e7e   0x08004e7e   0x00000012   Code   RO          557    .text.OUTLINED_FUNCTION_18  lto-llvm-06888a.o
    0x08004e90   0x08004e90   0x0000000a   Code   RO          881    .text.OUTLINED_FUNCTION_180  lto-llvm-06888a.o
    0x08004e9a   0x08004e9a   0x0000000a   Code   RO          883    .text.OUTLINED_FUNCTION_181  lto-llvm-06888a.o
    0x08004ea4   0x08004ea4   0x0000000a   Code   RO          885    .text.OUTLINED_FUNCTION_182  lto-llvm-06888a.o
    0x08004eae   0x08004eae   0x0000000a   Code   RO          887    .text.OUTLINED_FUNCTION_183  lto-llvm-06888a.o
    0x08004eb8   0x08004eb8   0x0000000a   Code   RO          889    .text.OUTLINED_FUNCTION_184  lto-llvm-06888a.o
    0x08004ec2   0x08004ec2   0x0000000a   Code   RO          891    .text.OUTLINED_FUNCTION_185  lto-llvm-06888a.o
    0x08004ecc   0x08004ecc   0x0000000a   Code   RO          893    .text.OUTLINED_FUNCTION_186  lto-llvm-06888a.o
    0x08004ed6   0x08004ed6   0x0000000a   Code   RO          895    .text.OUTLINED_FUNCTION_187  lto-llvm-06888a.o
    0x08004ee0   0x08004ee0   0x0000000a   Code   RO          897    .text.OUTLINED_FUNCTION_188  lto-llvm-06888a.o
    0x08004eea   0x08004eea   0x0000000a   Code   RO          899    .text.OUTLINED_FUNCTION_189  lto-llvm-06888a.o
    0x08004ef4   0x08004ef4   0x00000012   Code   RO          559    .text.OUTLINED_FUNCTION_19  lto-llvm-06888a.o
    0x08004f06   0x08004f06   0x0000000a   Code   RO          901    .text.OUTLINED_FUNCTION_190  lto-llvm-06888a.o
    0x08004f10   0x08004f10   0x0000000a   Code   RO          903    .text.OUTLINED_FUNCTION_191  lto-llvm-06888a.o
    0x08004f1a   0x08004f1a   0x0000000a   Code   RO          905    .text.OUTLINED_FUNCTION_192  lto-llvm-06888a.o
    0x08004f24   0x08004f24   0x0000000a   Code   RO          907    .text.OUTLINED_FUNCTION_193  lto-llvm-06888a.o
    0x08004f2e   0x08004f2e   0x0000000a   Code   RO          909    .text.OUTLINED_FUNCTION_194  lto-llvm-06888a.o
    0x08004f38   0x08004f38   0x0000000a   Code   RO          911    .text.OUTLINED_FUNCTION_195  lto-llvm-06888a.o
    0x08004f42   0x08004f42   0x0000000a   Code   RO          913    .text.OUTLINED_FUNCTION_196  lto-llvm-06888a.o
    0x08004f4c   0x08004f4c   0x0000000a   Code   RO          915    .text.OUTLINED_FUNCTION_197  lto-llvm-06888a.o
    0x08004f56   0x08004f56   0x0000000a   Code   RO          917    .text.OUTLINED_FUNCTION_198  lto-llvm-06888a.o
    0x08004f60   0x08004f60   0x0000000a   Code   RO          919    .text.OUTLINED_FUNCTION_199  lto-llvm-06888a.o
    0x08004f6a   0x08004f6a   0x0000000e   Code   RO          525    .text.OUTLINED_FUNCTION_2  lto-llvm-06888a.o
    0x08004f78   0x08004f78   0x00000012   Code   RO          561    .text.OUTLINED_FUNCTION_20  lto-llvm-06888a.o
    0x08004f8a   0x08004f8a   0x0000000a   Code   RO          921    .text.OUTLINED_FUNCTION_200  lto-llvm-06888a.o
    0x08004f94   0x08004f94   0x0000000a   Code   RO          923    .text.OUTLINED_FUNCTION_201  lto-llvm-06888a.o
    0x08004f9e   0x08004f9e   0x0000000a   Code   RO          925    .text.OUTLINED_FUNCTION_202  lto-llvm-06888a.o
    0x08004fa8   0x08004fa8   0x0000000a   Code   RO          927    .text.OUTLINED_FUNCTION_203  lto-llvm-06888a.o
    0x08004fb2   0x08004fb2   0x0000000a   Code   RO          929    .text.OUTLINED_FUNCTION_204  lto-llvm-06888a.o
    0x08004fbc   0x08004fbc   0x0000000a   Code   RO          931    .text.OUTLINED_FUNCTION_205  lto-llvm-06888a.o
    0x08004fc6   0x08004fc6   0x0000000e   Code   RO          563    .text.OUTLINED_FUNCTION_21  lto-llvm-06888a.o
    0x08004fd4   0x08004fd4   0x00000016   Code   RO          565    .text.OUTLINED_FUNCTION_22  lto-llvm-06888a.o
    0x08004fea   0x08004fea   0x00000010   Code   RO          567    .text.OUTLINED_FUNCTION_23  lto-llvm-06888a.o
    0x08004ffa   0x08004ffa   0x00000008   Code   RO          569    .text.OUTLINED_FUNCTION_24  lto-llvm-06888a.o
    0x08005002   0x08005002   0x00000010   Code   RO          571    .text.OUTLINED_FUNCTION_25  lto-llvm-06888a.o
    0x08005012   0x08005012   0x00000010   Code   RO          573    .text.OUTLINED_FUNCTION_26  lto-llvm-06888a.o
    0x08005022   0x08005022   0x00000010   Code   RO          575    .text.OUTLINED_FUNCTION_27  lto-llvm-06888a.o
    0x08005032   0x08005032   0x00000010   Code   RO          577    .text.OUTLINED_FUNCTION_28  lto-llvm-06888a.o
    0x08005042   0x08005042   0x00000010   Code   RO          579    .text.OUTLINED_FUNCTION_29  lto-llvm-06888a.o
    0x08005052   0x08005052   0x0000000c   Code   RO          527    .text.OUTLINED_FUNCTION_3  lto-llvm-06888a.o
    0x0800505e   0x0800505e   0x00000006   Code   RO          581    .text.OUTLINED_FUNCTION_30  lto-llvm-06888a.o
    0x08005064   0x08005064   0x00000008   Code   RO          583    .text.OUTLINED_FUNCTION_31  lto-llvm-06888a.o
    0x0800506c   0x0800506c   0x00000018   Code   RO          585    .text.OUTLINED_FUNCTION_32  lto-llvm-06888a.o
    0x08005084   0x08005084   0x00000008   Code   RO          587    .text.OUTLINED_FUNCTION_33  lto-llvm-06888a.o
    0x0800508c   0x0800508c   0x00000006   Code   RO          589    .text.OUTLINED_FUNCTION_34  lto-llvm-06888a.o
    0x08005092   0x08005092   0x0000001a   Code   RO          591    .text.OUTLINED_FUNCTION_35  lto-llvm-06888a.o
    0x080050ac   0x080050ac   0x0000001a   Code   RO          593    .text.OUTLINED_FUNCTION_36  lto-llvm-06888a.o
    0x080050c6   0x080050c6   0x0000001a   Code   RO          595    .text.OUTLINED_FUNCTION_37  lto-llvm-06888a.o
    0x080050e0   0x080050e0   0x0000001a   Code   RO          597    .text.OUTLINED_FUNCTION_38  lto-llvm-06888a.o
    0x080050fa   0x080050fa   0x0000001a   Code   RO          599    .text.OUTLINED_FUNCTION_39  lto-llvm-06888a.o
    0x08005114   0x08005114   0x00000016   Code   RO          529    .text.OUTLINED_FUNCTION_4  lto-llvm-06888a.o
    0x0800512a   0x0800512a   0x0000001a   Code   RO          601    .text.OUTLINED_FUNCTION_40  lto-llvm-06888a.o
    0x08005144   0x08005144   0x0000001a   Code   RO          603    .text.OUTLINED_FUNCTION_41  lto-llvm-06888a.o
    0x0800515e   0x0800515e   0x0000001a   Code   RO          605    .text.OUTLINED_FUNCTION_42  lto-llvm-06888a.o
    0x08005178   0x08005178   0x0000000c   Code   RO          607    .text.OUTLINED_FUNCTION_43  lto-llvm-06888a.o
    0x08005184   0x08005184   0x0000000c   Code   RO          609    .text.OUTLINED_FUNCTION_44  lto-llvm-06888a.o
    0x08005190   0x08005190   0x00000008   Code   RO          611    .text.OUTLINED_FUNCTION_45  lto-llvm-06888a.o
    0x08005198   0x08005198   0x0000000c   Code   RO          613    .text.OUTLINED_FUNCTION_46  lto-llvm-06888a.o
    0x080051a4   0x080051a4   0x00000018   Code   RO          615    .text.OUTLINED_FUNCTION_47  lto-llvm-06888a.o
    0x080051bc   0x080051bc   0x0000000c   Code   RO          617    .text.OUTLINED_FUNCTION_48  lto-llvm-06888a.o
    0x080051c8   0x080051c8   0x00000018   Code   RO          619    .text.OUTLINED_FUNCTION_49  lto-llvm-06888a.o
    0x080051e0   0x080051e0   0x0000000c   Code   RO          531    .text.OUTLINED_FUNCTION_5  lto-llvm-06888a.o
    0x080051ec   0x080051ec   0x00000018   Code   RO          621    .text.OUTLINED_FUNCTION_50  lto-llvm-06888a.o
    0x08005204   0x08005204   0x00000018   Code   RO          623    .text.OUTLINED_FUNCTION_51  lto-llvm-06888a.o
    0x0800521c   0x0800521c   0x00000018   Code   RO          625    .text.OUTLINED_FUNCTION_52  lto-llvm-06888a.o
    0x08005234   0x08005234   0x00000018   Code   RO          627    .text.OUTLINED_FUNCTION_53  lto-llvm-06888a.o
    0x0800524c   0x0800524c   0x0000000c   Code   RO          629    .text.OUTLINED_FUNCTION_54  lto-llvm-06888a.o
    0x08005258   0x08005258   0x00000008   Code   RO          631    .text.OUTLINED_FUNCTION_55  lto-llvm-06888a.o
    0x08005260   0x08005260   0x00000016   Code   RO          633    .text.OUTLINED_FUNCTION_56  lto-llvm-06888a.o
    0x08005276   0x08005276   0x0000000e   Code   RO          635    .text.OUTLINED_FUNCTION_57  lto-llvm-06888a.o
    0x08005284   0x08005284   0x00000008   Code   RO          637    .text.OUTLINED_FUNCTION_58  lto-llvm-06888a.o
    0x0800528c   0x0800528c   0x00000016   Code   RO          639    .text.OUTLINED_FUNCTION_59  lto-llvm-06888a.o
    0x080052a2   0x080052a2   0x0000000c   Code   RO          533    .text.OUTLINED_FUNCTION_6  lto-llvm-06888a.o
    0x080052ae   0x080052ae   0x00000010   Code   RO          641    .text.OUTLINED_FUNCTION_60  lto-llvm-06888a.o
    0x080052be   0x080052be   0x00000010   Code   RO          643    .text.OUTLINED_FUNCTION_61  lto-llvm-06888a.o
    0x080052ce   0x080052ce   0x00000010   Code   RO          645    .text.OUTLINED_FUNCTION_62  lto-llvm-06888a.o
    0x080052de   0x080052de   0x00000008   Code   RO          647    .text.OUTLINED_FUNCTION_63  lto-llvm-06888a.o
    0x080052e6   0x080052e6   0x00000008   Code   RO          649    .text.OUTLINED_FUNCTION_64  lto-llvm-06888a.o
    0x080052ee   0x080052ee   0x00000008   Code   RO          651    .text.OUTLINED_FUNCTION_65  lto-llvm-06888a.o
    0x080052f6   0x080052f6   0x00000008   Code   RO          653    .text.OUTLINED_FUNCTION_66  lto-llvm-06888a.o
    0x080052fe   0x080052fe   0x00000008   Code   RO          655    .text.OUTLINED_FUNCTION_67  lto-llvm-06888a.o
    0x08005306   0x08005306   0x00000014   Code   RO          657    .text.OUTLINED_FUNCTION_68  lto-llvm-06888a.o
    0x0800531a   0x0800531a   0x00000008   Code   RO          659    .text.OUTLINED_FUNCTION_69  lto-llvm-06888a.o
    0x08005322   0x08005322   0x00000018   Code   RO          535    .text.OUTLINED_FUNCTION_7  lto-llvm-06888a.o
    0x0800533a   0x0800533a   0x00000014   Code   RO          661    .text.OUTLINED_FUNCTION_70  lto-llvm-06888a.o
    0x0800534e   0x0800534e   0x0000000a   Code   RO          663    .text.OUTLINED_FUNCTION_71  lto-llvm-06888a.o
    0x08005358   0x08005358   0x00000012   Code   RO          665    .text.OUTLINED_FUNCTION_72  lto-llvm-06888a.o
    0x0800536a   0x0800536a   0x00000012   Code   RO          667    .text.OUTLINED_FUNCTION_73  lto-llvm-06888a.o
    0x0800537c   0x0800537c   0x00000012   Code   RO          669    .text.OUTLINED_FUNCTION_74  lto-llvm-06888a.o
    0x0800538e   0x0800538e   0x0000000a   Code   RO          671    .text.OUTLINED_FUNCTION_75  lto-llvm-06888a.o
    0x08005398   0x08005398   0x00000012   Code   RO          673    .text.OUTLINED_FUNCTION_76  lto-llvm-06888a.o
    0x080053aa   0x080053aa   0x00000012   Code   RO          675    .text.OUTLINED_FUNCTION_77  lto-llvm-06888a.o
    0x080053bc   0x080053bc   0x0000000a   Code   RO          677    .text.OUTLINED_FUNCTION_78  lto-llvm-06888a.o
    0x080053c6   0x080053c6   0x0000000e   Code   RO          679    .text.OUTLINED_FUNCTION_79  lto-llvm-06888a.o
    0x080053d4   0x080053d4   0x00000006   Code   RO          537    .text.OUTLINED_FUNCTION_8  lto-llvm-06888a.o
    0x080053da   0x080053da   0x0000000a   Code   RO          681    .text.OUTLINED_FUNCTION_80  lto-llvm-06888a.o
    0x080053e4   0x080053e4   0x0000000a   Code   RO          683    .text.OUTLINED_FUNCTION_81  lto-llvm-06888a.o
    0x080053ee   0x080053ee   0x0000000a   Code   RO          685    .text.OUTLINED_FUNCTION_82  lto-llvm-06888a.o
    0x080053f8   0x080053f8   0x0000000a   Code   RO          687    .text.OUTLINED_FUNCTION_83  lto-llvm-06888a.o
    0x08005402   0x08005402   0x00000012   Code   RO          689    .text.OUTLINED_FUNCTION_84  lto-llvm-06888a.o
    0x08005414   0x08005414   0x00000010   Code   RO          691    .text.OUTLINED_FUNCTION_85  lto-llvm-06888a.o
    0x08005424   0x08005424   0x00000008   Code   RO          693    .text.OUTLINED_FUNCTION_86  lto-llvm-06888a.o
    0x0800542c   0x0800542c   0x00000010   Code   RO          695    .text.OUTLINED_FUNCTION_87  lto-llvm-06888a.o
    0x0800543c   0x0800543c   0x00000010   Code   RO          697    .text.OUTLINED_FUNCTION_88  lto-llvm-06888a.o
    0x0800544c   0x0800544c   0x00000010   Code   RO          699    .text.OUTLINED_FUNCTION_89  lto-llvm-06888a.o
    0x0800545c   0x0800545c   0x00000016   Code   RO          539    .text.OUTLINED_FUNCTION_9  lto-llvm-06888a.o
    0x08005472   0x08005472   0x00000010   Code   RO          701    .text.OUTLINED_FUNCTION_90  lto-llvm-06888a.o
    0x08005482   0x08005482   0x00000010   Code   RO          703    .text.OUTLINED_FUNCTION_91  lto-llvm-06888a.o
    0x08005492   0x08005492   0x00000008   Code   RO          705    .text.OUTLINED_FUNCTION_92  lto-llvm-06888a.o
    0x0800549a   0x0800549a   0x0000000c   Code   RO          707    .text.OUTLINED_FUNCTION_93  lto-llvm-06888a.o
    0x080054a6   0x080054a6   0x00000010   Code   RO          709    .text.OUTLINED_FUNCTION_94  lto-llvm-06888a.o
    0x080054b6   0x080054b6   0x0000000a   Code   RO          711    .text.OUTLINED_FUNCTION_95  lto-llvm-06888a.o
    0x080054c0   0x080054c0   0x0000000a   Code   RO          713    .text.OUTLINED_FUNCTION_96  lto-llvm-06888a.o
    0x080054ca   0x080054ca   0x0000000a   Code   RO          715    .text.OUTLINED_FUNCTION_97  lto-llvm-06888a.o
    0x080054d4   0x080054d4   0x0000000a   Code   RO          717    .text.OUTLINED_FUNCTION_98  lto-llvm-06888a.o
    0x080054de   0x080054de   0x0000000a   Code   RO          719    .text.OUTLINED_FUNCTION_99  lto-llvm-06888a.o
    0x080054e8   0x080054e8   0x000000c8   Code   RO          473    .text.PID_Position_Calc  lto-llvm-06888a.o
    0x080055b0   0x080055b0   0x00000002   Code   RO          423    .text.PendSV_Handler  lto-llvm-06888a.o
    0x080055b2   0x080055b2   0x00000002   PAD
    0x080055b4   0x080055b4   0x000015fc   Code   RO          491    .text.RecvDataFromLCD  lto-llvm-06888a.o
    0x08006bb0   0x08006bb0   0x00000002   Code   RO          419    .text.SVC_Handler   lto-llvm-06888a.o
    0x08006bb2   0x08006bb2   0x00000002   PAD
    0x08006bb4   0x08006bb4   0x000005f8   Code   RO          425    .text.SysTick_Handler  lto-llvm-06888a.o
    0x080071ac   0x080071ac   0x00000074   Code   RO          459    .text.SystemInit    lto-llvm-06888a.o
    0x08007220   0x08007220   0x0000044c   Code   RO          427    .text.TMR2_GLOBAL_IRQHandler  lto-llvm-06888a.o
    0x0800766c   0x0800766c   0x00000024   Code   RO          429    .text.TMR3_GLOBAL_IRQHandler  lto-llvm-06888a.o
    0x08007690   0x08007690   0x0000005c   Code   RO          509    .text.UART4_IRQHandler  lto-llvm-06888a.o
    0x080076ec   0x080076ec   0x0000005c   Code   RO          511    .text.UART5_IRQHandler  lto-llvm-06888a.o
    0x08007748   0x08007748   0x00000058   Code   RO          503    .text.USART1_IRQHandler  lto-llvm-06888a.o
    0x080077a0   0x080077a0   0x0000005c   Code   RO          505    .text.USART2_IRQHandler  lto-llvm-06888a.o
    0x080077fc   0x080077fc   0x00000060   Code   RO          507    .text.USART3_IRQHandler  lto-llvm-06888a.o
    0x0800785c   0x0800785c   0x00000002   Code   RO          417    .text.UsageFault_Handler  lto-llvm-06888a.o
    0x0800785e   0x0800785e   0x0000002e   Code   RO          489    .text.WriteDataToLCD  lto-llvm-06888a.o
    0x0800788c   0x0800788c   0x00000024   Code   RO          447    .text.__NVIC_SystemReset  lto-llvm-06888a.o
    0x080078b0   0x080078b0   0x00000024   Code   RO          455    .text.adc_ordinary_channel_set  lto-llvm-06888a.o
    0x080078d4   0x080078d4   0x00000010   Code   RO          477    .text.beep_off      lto-llvm-06888a.o
    0x080078e4   0x080078e4   0x00000010   Code   RO          475    .text.beep_on       lto-llvm-06888a.o
    0x080078f4   0x080078f4   0x000000a0   Code   RO          389    .text.beep_task     lto-llvm-06888a.o
    0x08007994   0x08007994   0x00000042   Code   RO          513    .text.convert_data  lto-llvm-06888a.o
    0x080079d6   0x080079d6   0x00000002   PAD
    0x080079d8   0x080079d8   0x00000014   Code   RO          457    .text.crc_block_calculate  lto-llvm-06888a.o
    0x080079ec   0x080079ec   0x000000f8   Code   RO          431    .text.crm_clocks_freq_get  lto-llvm-06888a.o
    0x08007ae4   0x08007ae4   0x0000002a   Code   RO          479    .text.data_check_len  lto-llvm-06888a.o
    0x08007b0e   0x08007b0e   0x00000002   PAD
    0x08007b10   0x08007b10   0x00000114   Code   RO          485    .text.direct_linear_correction  lto-llvm-06888a.o
    0x08007c24   0x08007c24   0x00001a5c   Code   RO          391    .text.dwin_task     lto-llvm-06888a.o
    0x08009680   0x08009680   0x00000024   Code   RO          397    .text.feed_dog_task  lto-llvm-06888a.o
    0x080096a4   0x080096a4   0x0000001c   Code   RO          441    .text.flash_halfword_program  lto-llvm-06888a.o
    0x080096c0   0x080096c0   0x00000028   Code   RO          433    .text.flash_operation_status_get  lto-llvm-06888a.o
    0x080096e8   0x080096e8   0x0000001c   Code   RO          435    .text.flash_operation_wait_for  lto-llvm-06888a.o
    0x08009704   0x08009704   0x0000002c   Code   RO          437    .text.flash_sector_erase  lto-llvm-06888a.o
    0x08009730   0x08009730   0x00001d14   Code   RO          407    .text.flash_task    lto-llvm-06888a.o
    0x0800b444   0x0800b444   0x0000002c   Code   RO          439    .text.flash_word_program  lto-llvm-06888a.o
    0x0800b470   0x0800b470   0x00000028   Code   RO          517    .text.flash_wred_halfword  lto-llvm-06888a.o
    0x0800b498   0x0800b498   0x00000020   Code   RO          515    .text.get_adcval    lto-llvm-06888a.o
    0x0800b4b8   0x0800b4b8   0x000001f0   Code   RO          481    .text.get_data_from_a  lto-llvm-06888a.o
    0x0800b6a8   0x0800b6a8   0x000001f4   Code   RO          483    .text.get_data_from_b  lto-llvm-06888a.o
    0x0800b89c   0x0800b89c   0x000000a8   Code   RO          443    .text.gpio_init     lto-llvm-06888a.o
    0x0800b944   0x0800b944   0x00000044   Code   RO          385    .text.iap_task      lto-llvm-06888a.o
    0x0800b988   0x0800b988   0x0000001e   Code   RO          519    .text.key_set_timing_simple  lto-llvm-06888a.o
    0x0800b9a6   0x0800b9a6   0x00000002   PAD
    0x0800b9a8   0x0800b9a8   0x00000bdc   Code   RO          387    .text.key_task      lto-llvm-06888a.o
    0x0800c584   0x0800c584   0x00000cb4   Code   RO          383    .text.main          lto-llvm-06888a.o
    0x0800d238   0x0800d238   0x00000058   Code   RO          449    .text.nvic_irq_enable  lto-llvm-06888a.o
    0x0800d290   0x0800d290   0x00000004   Code   RO          445    .text.nvic_system_reset  lto-llvm-06888a.o
    0x0800d294   0x0800d294   0x000002f0   Code   RO          395    .text.output_task   lto-llvm-06888a.o
    0x0800d584   0x0800d584   0x00000208   Code   RO          399    .text.pc_comm_task  lto-llvm-06888a.o
    0x0800d78c   0x0800d78c   0x0000001e   Code   RO          493    .text.queue_init    lto-llvm-06888a.o
    0x0800d7aa   0x0800d7aa   0x00000026   Code   RO          497    .text.queue_read    lto-llvm-06888a.o
    0x0800d7d0   0x0800d7d0   0x00000032   Code   RO          495    .text.queue_write   lto-llvm-06888a.o
    0x0800d802   0x0800d802   0x00000002   PAD
    0x0800d804   0x0800d804   0x00000018   Code   RO          405    .text.record_task   lto-llvm-06888a.o
    0x0800d81c   0x0800d81c   0x00000054   Code   RO          487    .text.temp_get_filter_move_average  lto-llvm-06888a.o
    0x0800d870   0x0800d870   0x000000c4   Code   RO          453    .text.tmr_output_channel_config  lto-llvm-06888a.o
    0x0800d934   0x0800d934   0x0000002c   Code   RO          465    .text.tmt_create    lto-llvm-06888a.o
    0x0800d960   0x0800d960   0x0000005c   Code   RO          467    .text.tmt_delete    lto-llvm-06888a.o
    0x0800d9bc   0x0800d9bc   0x00000034   Code   RO          461    .text.tmt_run       lto-llvm-06888a.o
    0x0800d9f0   0x0800d9f0   0x0000002c   Code   RO          471    .text.tmt_run_ctrl  lto-llvm-06888a.o
    0x0800da1c   0x0800da1c   0x00000030   Code   RO          469    .text.tmt_time_ctrl  lto-llvm-06888a.o
    0x0800da4c   0x0800da4c   0x00000020   Code   RO          463    .text.tmt_update_tick  lto-llvm-06888a.o
    0x0800da6c   0x0800da6c   0x00000654   Code   RO          401    .text.uart4_comm_task  lto-llvm-06888a.o
    0x0800e0c0   0x0800e0c0   0x00000678   Code   RO          403    .text.uart5_comm_task  lto-llvm-06888a.o
    0x0800e738   0x0800e738   0x0000006c   Code   RO          451    .text.usart_init    lto-llvm-06888a.o
    0x0800e7a4   0x0800e7a4   0x0000003c   Code   RO          501    .text.usart_receiveData  lto-llvm-06888a.o
    0x0800e7e0   0x0800e7e0   0x00000058   Code   RO          499    .text.usart_sendData  lto-llvm-06888a.o
    0x0800e838   0x0800e838   0x00000150   Code   RO          393    .text.work_task     lto-llvm-06888a.o
    0x0800e988   0x0800e988   0x0000000e   Code   RO         1012    i.__scatterload_copy  mc_w.l(handlers.o)
    0x0800e996   0x0800e996   0x00000002   Code   RO         1013    i.__scatterload_null  mc_w.l(handlers.o)
    0x0800e998   0x0800e998   0x0000000e   Code   RO         1014    i.__scatterload_zeroinit  mc_w.l(handlers.o)
    0x0800e9a6   0x0800e9a6   0x00000002   PAD
    0x0800e9a8   0x0800e9a8   0x00000010   Data   RO          955    .rodata..Lswitch.table.usart_receiveData  lto-llvm-06888a.o
    0x0800e9b8   0x0800e9b8   0x00000008   Data   RO          935    .rodata.cst8        lto-llvm-06888a.o
    0x0800e9c0   0x0800e9c0   0x00000029   Data   RO          938    .rodata.direct_handle_temp_cal_buff  lto-llvm-06888a.o
    0x0800e9e9   0x0800e9e9   0x00000029   Data   RO          939    .rodata.direct_handle_wind_20_cal_buff  lto-llvm-06888a.o
    0x0800ea12   0x0800ea12   0x00000002   PAD
    0x0800ea14   0x0800ea14   0x00000020   Data   RO         1011    Region$$Table       anon$$obj.o


    Execution Region RW_IRAM1 (Exec base: 0x20000000, Load base: 0x0800ea38, Size: 0x000030a0, Max: 0x00008000, ABSOLUTE)

    Exec Addr    Load Addr    Size         Type   Attr      Idx    E Section Name        Object

    0x20000000   0x0800ea38   0x00000070   Data   RW          956    .data..L_MergedGlobals  lto-llvm-06888a.o
    0x20000070   0x0800eaa8   0x00000028   Data   RW          957    .data..L_MergedGlobals.312  lto-llvm-06888a.o
    0x20000098   0x0800ead0   0x00000002   Data   RW          941    .data.hot_control.relay_open_delay  lto-llvm-06888a.o
    0x2000009a   0x0800ead2   0x00000001   Data   RW          942    .data.pc_event      lto-llvm-06888a.o
    0x2000009b   0x0800ead3   0x00000005   PAD
    0x200000a0        -       0x0000007e   Zero   RW          958    .bss..L_MergedGlobals.313  lto-llvm-06888a.o
    0x2000011e        -       0x0000007e   Zero   RW          959    .bss..L_MergedGlobals.314  lto-llvm-06888a.o
    0x2000019c   0x0800ead3   0x00000004   PAD
    0x200001a0        -       0x00000078   Zero   RW          960    .bss..L_MergedGlobals.315  lto-llvm-06888a.o
    0x20000218        -       0x00000068   Zero   RW          961    .bss..L_MergedGlobals.316  lto-llvm-06888a.o
    0x20000280        -       0x0000006c   Zero   RW          962    .bss..L_MergedGlobals.317  lto-llvm-06888a.o
    0x200002ec        -       0x00000214   Zero   RW          944    .bss.UART4_data     lto-llvm-06888a.o
    0x20000500        -       0x00000214   Zero   RW          945    .bss.UART5_data     lto-llvm-06888a.o
    0x20000714        -       0x00000400   Zero   RW          953    .bss.chUart4RxBuffer  lto-llvm-06888a.o
    0x20000b14        -       0x00000400   Zero   RW          954    .bss.chUart5RxBuffer  lto-llvm-06888a.o
    0x20000f14        -       0x00000400   Zero   RW          948    .bss.chUsart1RxBuffer  lto-llvm-06888a.o
    0x20001314        -       0x00000400   Zero   RW          949    .bss.chUsart1TxBuffer  lto-llvm-06888a.o
    0x20001714        -       0x00000400   Zero   RW          950    .bss.chUsart2RxBuffer  lto-llvm-06888a.o
    0x20001b14        -       0x00000400   Zero   RW          951    .bss.chUsart2TxBuffer  lto-llvm-06888a.o
    0x20001f14        -       0x00000400   Zero   RW          952    .bss.chUsart3RxBuffer  lto-llvm-06888a.o
    0x20002314        -       0x0000002c   Zero   RW          937    .bss.direct_pid     lto-llvm-06888a.o
    0x20002340        -       0x00000001   Zero   RW          940    .bss.fan_control.run_flag  lto-llvm-06888a.o
    0x20002341        -       0x00000001   Zero   RW          933    .bss.feed_dog_task.first_in  lto-llvm-06888a.o
    0x20002342   0x0800ead3   0x00000002   PAD
    0x20002344        -       0x000000c4   Zero   RW          936    .bss.object         lto-llvm-06888a.o
    0x20002408        -       0x00000604   Zero   RW          943    .bss.pc_data        lto-llvm-06888a.o
    0x20002a0c   0x0800ead3   0x00000004   PAD
    0x20002a10        -       0x00000180   Zero   RW          947    .bss.sFWG2_t        lto-llvm-06888a.o
    0x20002b90        -       0x0000010c   Zero   RW          946    .bss.sdwin          lto-llvm-06888a.o
    0x20002c9c   0x0800ead3   0x00000004   PAD
    0x20002ca0        -       0x00000400   Zero   RW           30    STACK               startup_at32f415.o


==============================================================================

Image component sizes


      Code (inc. data)   RO Data    RW Data    ZI Data      Debug   Object Name

     40752       2196        106        155      11250     226292   lto-llvm-06888a.o
        36          8        368          0       1024        788   startup_at32f415.o

    ----------------------------------------------------------------------
     40800       2204        508        156      12292     227080   Object Totals
         0          0         32          0          0          0   (incl. Generated)
        12          0          2          1         18          0   (incl. Padding)

    ----------------------------------------------------------------------

      Code (inc. data)   RO Data    RW Data    ZI Data      Debug   Library Member Name

         0          0          0          0          0          0   entry.o
         0          0          0          0          0          0   entry10a.o
         0          0          0          0          0          0   entry11a.o
         8          4          0          0          0          0   entry2.o
         4          0          0          0          0          0   entry5.o
         0          0          0          0          0          0   entry7b.o
         0          0          0          0          0          0   entry8b.o
         8          4          0          0          0          0   entry9a.o
        30          0          0          0          0          0   handlers.o
        48         10          0          0          0         68   init.o
         0          0          0          0          0          0   iusefp.o
        30          0          0          0          0         68   llshl.o
        36          0          0          0          0         68   llsshr.o
        32          0          0          0          0         68   llushr.o
        36          0          0          0          0        108   memseta.o
        56          0          0          0          0         88   d2f.o
       334          0          0          0          0        148   dadd.o
        54          0          0          0          0         80   dcmpgt.o
       222          0          0          0          0        100   ddiv.o
       186          0          0          0          0        176   depilogue.o
        62          0          0          0          0         80   dfixi.o
        50          0          0          0          0         76   dfixui.o
        34          0          0          0          0         76   dflti.o
        26          0          0          0          0         76   dfltui.o
       228          0          0          0          0         96   dmul.o
        38          0          0          0          0         68   f2d.o
       176          0          0          0          0        140   fadd.o
        28          0          0          0          0         68   fcmpge.o
        28          0          0          0          0         68   fcmpgt.o
        28          0          0          0          0         68   fcmple.o
        28          0          0          0          0         68   fcmplt.o
       124          0          0          0          0         88   fdiv.o
       110          0          0          0          0        168   fepilogue.o
        50          0          0          0          0         68   ffixi.o
        40          0          0          0          0         68   ffixui.o
        18          0          0          0          0         68   fflti.o
        10          0          0          0          0         68   ffltui.o
       100          0          0          0          0         76   fmul.o

    ----------------------------------------------------------------------
      2264         18          0          0          0       2460   Library Totals
         2          0          0          0          0          0   (incl. Padding)

    ----------------------------------------------------------------------

      Code (inc. data)   RO Data    RW Data    ZI Data      Debug   Library Name

       232         18          0          0          0        380   mc_w.l
      2030          0          0          0          0       2080   mf_w.l

    ----------------------------------------------------------------------
      2264         18          0          0          0       2460   Library Totals

    ----------------------------------------------------------------------

==============================================================================


      Code (inc. data)   RO Data    RW Data    ZI Data      Debug   

     43064       2222        508        156      12292     228392   Grand Totals
     43064       2222        508        156      12292     228392   ELF Image Totals
     43064       2222        508        156          0          0   ROM Totals

==============================================================================

    Total RO  Size (Code + RO Data)                43572 (  42.55kB)
    Total RW  Size (RW Data + ZI Data)             12448 (  12.16kB)
    Total ROM Size (Code + RO Data + RW Data)      43728 (  42.70kB)

==============================================================================

