<html>
<body>
<pre>
<h1>µVision Build Log</h1>
<h2>Tool Versions:</h2>
IDE-Version: ¦ÌVision V5.40.0.12
Copyright (C) 2024 ARM Ltd and ARM Germany GmbH. All rights reserved.
License Information: itt W, Forward, LIC=VGXG8-3DNTB-BSLYX-H2GR5-KKDDD-IZBKB
 
Tool Versions:
Toolchain:       MDK-ARM Plus  Version: 5.40.0.5
Toolchain Path:  D:\Work Program\Keil_v5\ARM\ARMCLANG\Bin
C Compiler:      ArmClang.exe V6.22
Assembler:       Armasm.exe V6.22
Linker/Locator:  ArmLink.exe V6.22
Library Manager: ArmAr.exe V6.22
Hex Converter:   FromElf.exe V6.22
CPU DLL:         SARMCM3.DLL V5.40.0.5
Dialog DLL:      DCM.DLL V1.17.5.0
Target DLL:      CMSIS_AGDI.dll V1.33.21.0
Dialog DLL:      TCM.DLL V1.56.4.0
 
<h2>Project:</h2>
D:\Work Area\Code For WorkBench\FWG1\bootloader\project\MDK_V5\AT32F415RBT7_WorkBench.uvprojx
Project File Date:  11/28/2025

<h2>Output:</h2>
*** Using Compiler 'V6.22', folder: 'D:\Work Program\Keil_v5\ARM\ARMCLANG\Bin'
Rebuild target 'AT32F415RBT7_WorkBench'
compiling at32f415_wk_config.c...
compiling wk_system.c...
compiling at32f415_misc.c...
compiling main.c...
compiling at32f415_gpio.c...
compiling iap.c...
compiling at32f415_flash.c...
compiling wk_crc.c...
compiling at32f415_crc.c...
compiling wk_usart.c...
compiling flash.c...
compiling wk_debug.c...
compiling at32f415_pwc.c...
compiling at32f415_debug.c...
compiling at32f415_int.c...
compiling at32f415_crm.c...
assembling startup_at32f415.s...
compiling system_at32f415.c...
compiling at32f415_usart.c...
linking...
Program Size: Code=9256 RO-data=432 RW-data=8 ZI-data=4768  
FromELF: creating hex file...
".\objects\AT32F415RBT7_WorkBench.axf" - 0 Error(s), 0 Warning(s).

<h2>Software Packages used:</h2>

Package Vendor: ArteryTek
                
                ArteryTek::AT32F415_DFP@2.1.7
                ArteryTek AT32F415 Series Device Support,Drivers

<h2>Collection of Component include folders:</h2>
  D:/Work Program/Keil_v5/ARM/Packs/ArteryTek/AT32F415_DFP/2.1.7/Device/Include

<h2>Collection of Component Files used:</h2>
Build Time Elapsed:  00:00:01
</pre>
</body>
</html>
