<html>
<body>
<pre>
<h1>µVision Build Log</h1>
<h2>Tool Versions:</h2>
IDE-Version: ¦ÌVision V5.40.0.12
Copyright (C) 2024 ARM Ltd and ARM Germany GmbH. All rights reserved.
License Information: itt W, Forward, LIC=VGXG8-3DNTB-BSLYX-H2GR5-KKDDD-IZBKB
 
Tool Versions:
Toolchain:       MDK-ARM Plus  Version: 5.40.0.5
Toolchain Path:  D:\Work Program\Keil_v5\ARM\ARMCLANG\Bin
C Compiler:      ArmClang.exe V6.22
Assembler:       Armasm.exe V6.22
Linker/Locator:  ArmLink.exe V6.22
Library Manager: ArmAr.exe V6.22
Hex Converter:   FromElf.exe V6.22
CPU DLL:         SARMCM3.DLL V5.40.0.5
Dialog DLL:      DCM.DLL V1.17.5.0
Target DLL:      CMSIS_AGDI.dll V1.33.21.0
Dialog DLL:      TCM.DLL V1.56.4.0
 
<h2>Project:</h2>
D:\Work Area\Code For WorkBench\FWG1\app\project\MDK_V5\AT32F415RBT7_WorkBench.uvprojx
Project File Date:  01/10/2026

<h2>Output:</h2>
*** Using Compiler 'V6.22', folder: 'D:\Work Program\Keil_v5\ARM\ARMCLANG\Bin'
Rebuild target 'AT32F415RBT7_WorkBench'
compiling wk_usart.c...
compiling wk_dma.c...
compiling main.c...
compiling wk_spi.c...
compiling at32f415_debug.c...
compiling wk_tmr.c...
compiling wk_wdt.c...
compiling wk_debug.c...
compiling wk_crc.c...
compiling wk_system.c...
compiling iap.c...
compiling wk_gpio.c...
compiling wk_adc.c...
compiling at32f415_wk_config.c...
compiling at32f415_flash.c...
compiling at32f415_crm.c...
compiling at32f415_int.c...
compiling at32f415_gpio.c...
compiling at32f415_misc.c...
compiling at32f415_pwc.c...
compiling at32f415_usart.c...
compiling at32f415_adc.c...
compiling at32f415_tmr.c...
compiling at32f415_wdt.c...
compiling system_at32f415.c...
compiling at32f415_exint.c...
compiling at32f415_spi.c...
compiling beep_handle.c...
compiling tmt.c...
compiling at32f415_crc.c...
compiling PID_operation.c...
compiling at32f415_dma.c...
armclang: warning: '--target=armv7em-arm-none-eabi' is not supported. Supported values for this option are 'arm-arm-none-eabi' or 'aarch64-arm-none-eabi' [-Wunsupported-option]
assembling startup_at32f415.s...
compiling key_handle.c...
compiling work_handle.c...
compiling PC_comm_handle.c...
compiling output_handle.c...
compiling wifi_handle.c...
compiling UART4_comm_handle.c...
compiling UART5_comm_handle.c...
compiling flash_handle.c...
compiling fan.c...
compiling util_queue.c...
compiling beep.c...
compiling iap_usart.c...
compiling at32_spiflash.c...
compiling FWG2_handle.c...
compiling at32_Usart.c...
compiling adc.c...
compiling flash.c...
compiling key.c...
compiling dwin_handle.c.c...
linking...
Program Size: Code=41184 RO-data=508 RW-data=156 ZI-data=12260  
FromELF: creating hex file...
After Build - User command #1: fromelf.exe --bin --output .\Listings\AT32F415RBT7_WorkBench.bin .\objects\AT32F415RBT7_WorkBench.axf
After Build - User command #2: "D:\Work Area\Code For WorkBench\FWG2\app\project\MDK_V5\keil5_disp_size_bar.exe"
ram:
  RW_IRAM1 :0x20000000
   32.00 KB :|¡ö¡ö¡ö¡ö¡ö¡ö¡ö_____________|   37.89 % (   12.13 KB /    32.00 KB) [20352 B]
flash:
  ER_IROM1 :0x8004000
  128.00 KB :|¡ö¡ö¡ö¡ö¡ö¡ö______________|   31.81 % (   40.71 KB /   128.00 KB) [89380 B]
".\objects\AT32F415RBT7_WorkBench.axf" - 0 Error(s), 1 Warning(s).

<h2>Software Packages used:</h2>

Package Vendor: ARM
                https://www.keil.com/pack/ARM.CMSIS.6.1.0.pack
                ARM::CMSIS@6.1.0
                CMSIS (Common Microcontroller Software Interface Standard)
   * Component: CORE Version: 6.1.0

Package Vendor: ArteryTek
                
                ArteryTek::AT32F415_DFP@2.1.7
                ArteryTek AT32F415 Series Device Support,Drivers

<h2>Collection of Component include folders:</h2>
  ./RTE/_AT32F415RBT7_WorkBench
  D:/Work Program/Keil_v5/ARM/Packs/ARM/CMSIS/6.1.0/CMSIS/Core/Include
  D:/Work Program/Keil_v5/ARM/Packs/ArteryTek/AT32F415_DFP/2.1.7/Device/Include

<h2>Collection of Component Files used:</h2>

   * Component: ARM::CMSIS:CORE@6.1.0
Build Time Elapsed:  00:00:02
</pre>
</body>
</html>
