Component: Arm Compiler for Embedded 6.22 Tool: armlink [5ee90200]

==============================================================================

Section Cross References

    startup_at32f415.o(RESET) refers to startup_at32f415.o(STACK) for __initial_sp
    startup_at32f415.o(RESET) refers to startup_at32f415.o(.text) for Reset_Handler
    startup_at32f415.o(RESET) refers to lto-llvm-2b9b9f.o(.text.NMI_Handler) for NMI_Handler
    startup_at32f415.o(RESET) refers to lto-llvm-2b9b9f.o(.text.HardFault_Handler) for HardFault_Handler
    startup_at32f415.o(RESET) refers to lto-llvm-2b9b9f.o(.text.MemManage_Handler) for MemManage_Handler
    startup_at32f415.o(RESET) refers to lto-llvm-2b9b9f.o(.text.BusFault_Handler) for BusFault_Handler
    startup_at32f415.o(RESET) refers to lto-llvm-2b9b9f.o(.text.UsageFault_Handler) for UsageFault_Handler
    startup_at32f415.o(RESET) refers to lto-llvm-2b9b9f.o(.text.SVC_Handler) for SVC_Handler
    startup_at32f415.o(RESET) refers to lto-llvm-2b9b9f.o(.text.DebugMon_Handler) for DebugMon_Handler
    startup_at32f415.o(RESET) refers to lto-llvm-2b9b9f.o(.text.PendSV_Handler) for PendSV_Handler
    startup_at32f415.o(RESET) refers to lto-llvm-2b9b9f.o(.text.SysTick_Handler) for SysTick_Handler
    startup_at32f415.o(RESET) refers to lto-llvm-2b9b9f.o(.text.TMR2_GLOBAL_IRQHandler) for TMR2_GLOBAL_IRQHandler
    startup_at32f415.o(RESET) refers to lto-llvm-2b9b9f.o(.text.TMR3_GLOBAL_IRQHandler) for TMR3_GLOBAL_IRQHandler
    startup_at32f415.o(RESET) refers to lto-llvm-2b9b9f.o(.text.USART1_IRQHandler) for USART1_IRQHandler
    startup_at32f415.o(RESET) refers to lto-llvm-2b9b9f.o(.text.USART2_IRQHandler) for USART2_IRQHandler
    startup_at32f415.o(RESET) refers to lto-llvm-2b9b9f.o(.text.USART3_IRQHandler) for USART3_IRQHandler
    startup_at32f415.o(RESET) refers to lto-llvm-2b9b9f.o(.text.UART4_IRQHandler) for UART4_IRQHandler
    startup_at32f415.o(RESET) refers to lto-llvm-2b9b9f.o(.text.UART5_IRQHandler) for UART5_IRQHandler
    startup_at32f415.o(.text) refers to lto-llvm-2b9b9f.o(.text.SystemInit) for SystemInit
    startup_at32f415.o(.text) refers to entry.o(.ARM.Collect$$$$00000000) for __main
    entry.o(.ARM.Collect$$$$00000000) refers (Special) to entry10a.o(.ARM.Collect$$$$0000000D) for __rt_final_cpp
    entry.o(.ARM.Collect$$$$00000000) refers (Special) to entry11a.o(.ARM.Collect$$$$0000000F) for __rt_final_exit
    entry.o(.ARM.Collect$$$$00000000) refers (Special) to entry7b.o(.ARM.Collect$$$$00000008) for _main_clock
    entry.o(.ARM.Collect$$$$00000000) refers (Special) to entry8b.o(.ARM.Collect$$$$0000000A) for _main_cpp_init
    entry.o(.ARM.Collect$$$$00000000) refers (Special) to entry9a.o(.ARM.Collect$$$$0000000B) for _main_init
    entry.o(.ARM.Collect$$$$00000000) refers (Special) to entry5.o(.ARM.Collect$$$$00000004) for _main_scatterload
    entry.o(.ARM.Collect$$$$00000000) refers (Special) to entry2.o(.ARM.Collect$$$$00000001) for _main_stk
    putchar.o(i.putchar) refers to fputc.o(i.fputc) for fputc
    putchar.o(i.putchar) refers to stdout.o(.data) for __stdout
    printfb.o(i.__0fprintf$bare) refers to printfb.o(i._printf_core) for _printf_core
    printfb.o(i.__0fprintf$bare) refers to fputc.o(i.fputc) for fputc
    printfb.o(i.__0printf$bare) refers to printfb.o(i._printf_core) for _printf_core
    printfb.o(i.__0printf$bare) refers to fputc.o(i.fputc) for fputc
    printfb.o(i.__0printf$bare) refers to stdout.o(.data) for __stdout
    printfb.o(i.__0snprintf$bare) refers to printfb.o(i._printf_core) for _printf_core
    printfb.o(i.__0snprintf$bare) refers to printfb.o(i._snputc) for _snputc
    printfb.o(i.__0sprintf$bare) refers to printfb.o(i._printf_core) for _printf_core
    printfb.o(i.__0sprintf$bare) refers to printfb.o(i._sputc) for _sputc
    printfb.o(i.__0vfprintf$bare) refers to printfb.o(i._printf_core) for _printf_core
    printfb.o(i.__0vfprintf$bare) refers to fputc.o(i.fputc) for fputc
    printfb.o(i.__0vprintf$bare) refers to printfb.o(i._printf_core) for _printf_core
    printfb.o(i.__0vprintf$bare) refers to fputc.o(i.fputc) for fputc
    printfb.o(i.__0vprintf$bare) refers to stdout.o(.data) for __stdout
    printfb.o(i.__0vsnprintf$bare) refers to printfb.o(i._printf_core) for _printf_core
    printfb.o(i.__0vsnprintf$bare) refers to printfb.o(i._snputc) for _snputc
    printfb.o(i.__0vsprintf$bare) refers to printfb.o(i._printf_core) for _printf_core
    printfb.o(i.__0vsprintf$bare) refers to printfb.o(i._sputc) for _sputc
    printf0.o(i.__0fprintf$0) refers to printf0.o(i._printf_core) for _printf_core
    printf0.o(i.__0fprintf$0) refers to fputc.o(i.fputc) for fputc
    printf0.o(i.__0printf$0) refers to printf0.o(i._printf_core) for _printf_core
    printf0.o(i.__0printf$0) refers to fputc.o(i.fputc) for fputc
    printf0.o(i.__0printf$0) refers to stdout.o(.data) for __stdout
    printf0.o(i.__0snprintf$0) refers to printf0.o(i._printf_core) for _printf_core
[...]
    [Anonymous Symbol]                       0x200005ef   Section        0  lto-llvm-2b9b9f.o(.bss.chUart4RxBuffer)
    chUart5RxBuffer                          0x200009ef   Data        1024  lto-llvm-2b9b9f.o(.bss.chUart5RxBuffer)
    [Anonymous Symbol]                       0x200009ef   Section        0  lto-llvm-2b9b9f.o(.bss.chUart5RxBuffer)
    chUsart1RxBuffer                         0x20000def   Data        1024  lto-llvm-2b9b9f.o(.bss.chUsart1RxBuffer)
    [Anonymous Symbol]                       0x20000def   Section        0  lto-llvm-2b9b9f.o(.bss.chUsart1RxBuffer)
    chUsart1TxBuffer                         0x200011ef   Data        1024  lto-llvm-2b9b9f.o(.bss.chUsart1TxBuffer)
    [Anonymous Symbol]                       0x200011ef   Section        0  lto-llvm-2b9b9f.o(.bss.chUsart1TxBuffer)
    chUsart2RxBuffer                         0x200015ef   Data        1024  lto-llvm-2b9b9f.o(.bss.chUsart2RxBuffer)
    [Anonymous Symbol]                       0x200015ef   Section        0  lto-llvm-2b9b9f.o(.bss.chUsart2RxBuffer)
    chUsart2TxBuffer                         0x200019ef   Data        1024  lto-llvm-2b9b9f.o(.bss.chUsart2TxBuffer)
    [Anonymous Symbol]                       0x200019ef   Section        0  lto-llvm-2b9b9f.o(.bss.chUsart2TxBuffer)
    chUsart3RxBuffer                         0x20001def   Data        1024  lto-llvm-2b9b9f.o(.bss.chUsart3RxBuffer)
    [Anonymous Symbol]                       0x20001def   Section        0  lto-llvm-2b9b9f.o(.bss.chUsart3RxBuffer)
    change_temp                              0x200021f0   Data           4  lto-llvm-2b9b9f.o(.bss.change_temp)
    [Anonymous Symbol]                       0x200021f0   Section        0  lto-llvm-2b9b9f.o(.bss.change_temp)
    change_temp.265                          0x200021f4   Data           4  lto-llvm-2b9b9f.o(.bss.change_temp.265)
    [Anonymous Symbol]                       0x200021f4   Section        0  lto-llvm-2b9b9f.o(.bss.change_temp.265)
    change_temp_f_display                    0x200021f8   Data           4  lto-llvm-2b9b9f.o(.bss.change_temp_f_display)
    [Anonymous Symbol]                       0x200021f8   Section        0  lto-llvm-2b9b9f.o(.bss.change_temp_f_display)
    change_temp_f_display.266                0x200021fc   Data           4  lto-llvm-2b9b9f.o(.bss.change_temp_f_display.266)
    [Anonymous Symbol]                       0x200021fc   Section        0  lto-llvm-2b9b9f.o(.bss.change_temp_f_display.266)
    change_wind                              0x20002200   Data           4  lto-llvm-2b9b9f.o(.bss.change_wind)
    [Anonymous Symbol]                       0x20002200   Section        0  lto-llvm-2b9b9f.o(.bss.change_wind)
    change_wind.267                          0x20002204   Data           4  lto-llvm-2b9b9f.o(.bss.change_wind.267)
    [Anonymous Symbol]                       0x20002204   Section        0  lto-llvm-2b9b9f.o(.bss.change_wind.267)
    check_channel.last_reset_flag            0x20002208   Data           1  lto-llvm-2b9b9f.o(.bss.check_channel.last_reset_flag)
    [Anonymous Symbol]                       0x20002208   Section        0  lto-llvm-2b9b9f.o(.bss.check_channel.last_reset_flag)
    check_menu_setting.last_page             0x20002209   Data           1  lto-llvm-2b9b9f.o(.bss.check_menu_setting.last_page)
    [Anonymous Symbol]                       0x20002209   Section        0  lto-llvm-2b9b9f.o(.bss.check_menu_setting.last_page)
    check_menu_setting.last_reset_flag       0x2000220a   Data           1  lto-llvm-2b9b9f.o(.bss.check_menu_setting.last_reset_flag)
    [Anonymous Symbol]                       0x2000220a   Section        0  lto-llvm-2b9b9f.o(.bss.check_menu_setting.last_reset_flag)
    check_menu_setting.last_touch_set_temp_state 0x2000220b   Data           1  lto-llvm-2b9b9f.o(.bss.check_menu_setting.last_touch_set_temp_state)
    [Anonymous Symbol]                       0x2000220b   Section        0  lto-llvm-2b9b9f.o(.bss.check_menu_setting.last_touch_set_temp_state)
    code_mode_time.first_in                  0x2000220c   Data           1  lto-llvm-2b9b9f.o(.bss.code_mode_time.first_in)
    [Anonymous Symbol]                       0x2000220c   Section        0  lto-llvm-2b9b9f.o(.bss.code_mode_time.first_in)
    curNum                                   0x2000220e   Data           2  lto-llvm-2b9b9f.o(.bss.curNum)
    [Anonymous Symbol]                       0x2000220e   Section        0  lto-llvm-2b9b9f.o(.bss.curNum)
    direct_pid                               0x20002210   Data          44  lto-llvm-2b9b9f.o(.bss.direct_pid)
    [Anonymous Symbol]                       0x20002210   Section        0  lto-llvm-2b9b9f.o(.bss.direct_pid)
    fan_control.run_flag                     0x2000223c   Data           1  lto-llvm-2b9b9f.o(.bss.fan_control.run_flag)
    [Anonymous Symbol]                       0x2000223c   Section        0  lto-llvm-2b9b9f.o(.bss.fan_control.run_flag)
    feed_dog_task.first_in                   0x2000223d   Data           1  lto-llvm-2b9b9f.o(.bss.feed_dog_task.first_in)
    [Anonymous Symbol]                       0x2000223d   Section        0  lto-llvm-2b9b9f.o(.bss.feed_dog_task.first_in)
    get_code_mode_state.last_show_stop_wind  0x2000223e   Data           2  lto-llvm-2b9b9f.o(.bss.get_code_mode_state.last_show_stop_wind)
    [Anonymous Symbol]                       0x2000223e   Section        0  lto-llvm-2b9b9f.o(.bss.get_code_mode_state.last_show_stop_wind)
    get_code_mode_state.last_show_temp       0x20002240   Data           2  lto-llvm-2b9b9f.o(.bss.get_code_mode_state.last_show_temp)
    [Anonymous Symbol]                       0x20002240   Section        0  lto-llvm-2b9b9f.o(.bss.get_code_mode_state.last_show_temp)
    get_code_mode_state.last_show_time       0x20002242   Data           2  lto-llvm-2b9b9f.o(.bss.get_code_mode_state.last_show_time)
    [Anonymous Symbol]                       0x20002242   Section        0  lto-llvm-2b9b9f.o(.bss.get_code_mode_state.last_show_time)
    get_code_mode_state.last_show_wind       0x20002244   Data           2  lto-llvm-2b9b9f.o(.bss.get_code_mode_state.last_show_wind)
    [Anonymous Symbol]                       0x20002244   Section        0  lto-llvm-2b9b9f.o(.bss.get_code_mode_state.last_show_wind)
    get_code_mode_state.refresh_temp_time    0x20002246   Data           1  lto-llvm-2b9b9f.o(.bss.get_code_mode_state.refresh_temp_time)
    [Anonymous Symbol]                       0x20002246   Section        0  lto-llvm-2b9b9f.o(.bss.get_code_mode_state.refresh_temp_time)
    get_code_mode_state.refresh_wind_time    0x20002247   Data           1  lto-llvm-2b9b9f.o(.bss.get_code_mode_state.refresh_wind_time)
    [Anonymous Symbol]                       0x20002247   Section        0  lto-llvm-2b9b9f.o(.bss.get_code_mode_state.refresh_wind_time)
    get_code_mode_value.last_page            0x20002248   Data           1  lto-llvm-2b9b9f.o(.bss.get_code_mode_value.last_page)
    [Anonymous Symbol]                       0x20002248   Section        0  lto-llvm-2b9b9f.o(.bss.get_code_mode_value.last_page)
    get_direct_run_state.fan_run_flag        0x20002249   Data           1  lto-llvm-2b9b9f.o(.bss.get_direct_run_state.fan_run_flag)
    [Anonymous Symbol]                       0x20002249   Section        0  lto-llvm-2b9b9f.o(.bss.get_direct_run_state.fan_run_flag)
    get_direct_run_state.last_fan_run_flag   0x2000224a   Data           1  lto-llvm-2b9b9f.o(.bss.get_direct_run_state.last_fan_run_flag)
    [Anonymous Symbol]                       0x2000224a   Section        0  lto-llvm-2b9b9f.o(.bss.get_direct_run_state.last_fan_run_flag)
    get_direct_run_state.last_out_value      0x2000224b   Data           1  lto-llvm-2b9b9f.o(.bss.get_direct_run_state.last_out_value)
    [Anonymous Symbol]                       0x2000224b   Section        0  lto-llvm-2b9b9f.o(.bss.get_direct_run_state.last_out_value)
    get_direct_run_state.last_output         0x2000224c   Data           1  lto-llvm-2b9b9f.o(.bss.get_direct_run_state.last_output)
    [Anonymous Symbol]                       0x2000224c   Section        0  lto-llvm-2b9b9f.o(.bss.get_direct_run_state.last_output)
    get_direct_run_state.output_refresh_time 0x2000224d   Data           1  lto-llvm-2b9b9f.o(.bss.get_direct_run_state.output_refresh_time)
    [Anonymous Symbol]                       0x2000224d   Section        0  lto-llvm-2b9b9f.o(.bss.get_direct_run_state.output_refresh_time)
    get_direct_temp_state.last_page          0x2000224e   Data           1  lto-llvm-2b9b9f.o(.bss.get_direct_temp_state.last_page)
    [Anonymous Symbol]                       0x2000224e   Section        0  lto-llvm-2b9b9f.o(.bss.get_direct_temp_state.last_page)
    get_direct_temp_state.last_setting_temp_state 0x2000224f   Data           1  lto-llvm-2b9b9f.o(.bss.get_direct_temp_state.last_setting_temp_state)
    [Anonymous Symbol]                       0x2000224f   Section        0  lto-llvm-2b9b9f.o(.bss.get_direct_temp_state.last_setting_temp_state)
    get_direct_temp_state.last_show_temp     0x20002250   Data           2  lto-llvm-2b9b9f.o(.bss.get_direct_temp_state.last_show_temp)
    [Anonymous Symbol]                       0x20002250   Section        0  lto-llvm-2b9b9f.o(.bss.get_direct_temp_state.last_show_temp)
    get_direct_temp_state.refresh_temp_time  0x20002252   Data           1  lto-llvm-2b9b9f.o(.bss.get_direct_temp_state.refresh_temp_time)
    [Anonymous Symbol]                       0x20002252   Section        0  lto-llvm-2b9b9f.o(.bss.get_direct_temp_state.refresh_temp_time)
    get_direct_time_state.last_countdown_flag 0x20002253   Data           1  lto-llvm-2b9b9f.o(.bss.get_direct_time_state.last_countdown_flag)
    [Anonymous Symbol]                       0x20002253   Section        0  lto-llvm-2b9b9f.o(.bss.get_direct_time_state.last_countdown_flag)
    get_direct_time_state.last_page          0x20002254   Data           1  lto-llvm-2b9b9f.o(.bss.get_direct_time_state.last_page)
    [Anonymous Symbol]                       0x20002254   Section        0  lto-llvm-2b9b9f.o(.bss.get_direct_time_state.last_page)
    get_direct_time_state.last_quick_mode_flag 0x20002255   Data           1  lto-llvm-2b9b9f.o(.bss.get_direct_time_state.last_quick_mode_flag)
    [Anonymous Symbol]                       0x20002255   Section        0  lto-llvm-2b9b9f.o(.bss.get_direct_time_state.last_quick_mode_flag)
    get_direct_time_state.last_show_time     0x20002256   Data           2  lto-llvm-2b9b9f.o(.bss.get_direct_time_state.last_show_time)
    [Anonymous Symbol]                       0x20002256   Section        0  lto-llvm-2b9b9f.o(.bss.get_direct_time_state.last_show_time)
    get_direct_wind_state.first_in_cold_wind_mode 0x20002258   Data           1  lto-llvm-2b9b9f.o(.bss.get_direct_wind_state.first_in_cold_wind_mode)
    [Anonymous Symbol]                       0x20002258   Section        0  lto-llvm-2b9b9f.o(.bss.get_direct_wind_state.first_in_cold_wind_mode)
    get_direct_wind_state.last_cold_mode_set_wind 0x20002259   Data           1  lto-llvm-2b9b9f.o(.bss.get_direct_wind_state.last_cold_mode_set_wind)
    [Anonymous Symbol]                       0x20002259   Section        0  lto-llvm-2b9b9f.o(.bss.get_direct_wind_state.last_cold_mode_set_wind)
    get_direct_wind_state.last_page          0x2000225a   Data           1  lto-llvm-2b9b9f.o(.bss.get_direct_wind_state.last_page)
    [Anonymous Symbol]                       0x2000225a   Section        0  lto-llvm-2b9b9f.o(.bss.get_direct_wind_state.last_page)
    get_direct_wind_state.last_setting_wind_state 0x2000225b   Data           1  lto-llvm-2b9b9f.o(.bss.get_direct_wind_state.last_setting_wind_state)
    [Anonymous Symbol]                       0x2000225b   Section        0  lto-llvm-2b9b9f.o(.bss.get_direct_wind_state.last_setting_wind_state)
    get_direct_wind_state.last_stop_set_wind 0x2000225c   Data           1  lto-llvm-2b9b9f.o(.bss.get_direct_wind_state.last_stop_set_wind)
    [Anonymous Symbol]                       0x2000225c   Section        0  lto-llvm-2b9b9f.o(.bss.get_direct_wind_state.last_stop_set_wind)
    get_page.time                            0x2000225e   Data           2  lto-llvm-2b9b9f.o(.bss.get_page.time)
    [Anonymous Symbol]                       0x2000225e   Section        0  lto-llvm-2b9b9f.o(.bss.get_page.time)
    hw_ver_major                             0x20002260   Data           1  lto-llvm-2b9b9f.o(.bss.hw_ver_major)
    [Anonymous Symbol]                       0x20002260   Section        0  lto-llvm-2b9b9f.o(.bss.hw_ver_major)
    hw_ver_major.260                         0x20002261   Data           1  lto-llvm-2b9b9f.o(.bss.hw_ver_major.260)
    [Anonymous Symbol]                       0x20002261   Section        0  lto-llvm-2b9b9f.o(.bss.hw_ver_major.260)
    iap_flag                                 0x20002262   Data           1  lto-llvm-2b9b9f.o(.bss.iap_flag)
    [Anonymous Symbol]                       0x20002262   Section        0  lto-llvm-2b9b9f.o(.bss.iap_flag)
    key_event.0                              0x20002263   Data           1  lto-llvm-2b9b9f.o(.bss.key_event.0)
    [Anonymous Symbol]                       0x20002263   Section        0  lto-llvm-2b9b9f.o(.bss.key_event.0)
    key_event.1                              0x20002264   Data           1  lto-llvm-2b9b9f.o(.bss.key_event.1)
    [Anonymous Symbol]                       0x20002264   Section        0  lto-llvm-2b9b9f.o(.bss.key_event.1)
    key_event.2                              0x20002265   Data           1  lto-llvm-2b9b9f.o(.bss.key_event.2)
    [Anonymous Symbol]                       0x20002265   Section        0  lto-llvm-2b9b9f.o(.bss.key_event.2)
    object                                   0x20002268   Data         196  lto-llvm-2b9b9f.o(.bss.object)
    [Anonymous Symbol]                       0x20002268   Section        0  lto-llvm-2b9b9f.o(.bss.object)
    out_value                                0x2000232c   Data           1  lto-llvm-2b9b9f.o(.bss.out_value)
    [Anonymous Symbol]                       0x2000232c   Section        0  lto-llvm-2b9b9f.o(.bss.out_value)
    pc_comm_handle.time_1                    0x2000232e   Data           2  lto-llvm-2b9b9f.o(.bss.pc_comm_handle.time_1)
    [Anonymous Symbol]                       0x2000232e   Section        0  lto-llvm-2b9b9f.o(.bss.pc_comm_handle.time_1)
    pc_comm_handle.time_2                    0x20002330   Data           2  lto-llvm-2b9b9f.o(.bss.pc_comm_handle.time_2)
    [Anonymous Symbol]                       0x20002330   Section        0  lto-llvm-2b9b9f.o(.bss.pc_comm_handle.time_2)
    pc_data                                  0x20002334   Data        1540  lto-llvm-2b9b9f.o(.bss.pc_data)
    [Anonymous Symbol]                       0x20002334   Section        0  lto-llvm-2b9b9f.o(.bss.pc_data)
    pc_event_handle.first_in                 0x20002938   Data           1  lto-llvm-2b9b9f.o(.bss.pc_event_handle.first_in)
    [Anonymous Symbol]                       0x20002938   Section        0  lto-llvm-2b9b9f.o(.bss.pc_event_handle.first_in)
    pc_event_handle.uid_value                0x2000293c   Data           4  lto-llvm-2b9b9f.o(.bss.pc_event_handle.uid_value)
    [Anonymous Symbol]                       0x2000293c   Section        0  lto-llvm-2b9b9f.o(.bss.pc_event_handle.uid_value)
    sFWG2_t                                  0x20002940   Data         384  lto-llvm-2b9b9f.o(.bss.sFWG2_t)
    [Anonymous Symbol]                       0x20002940   Section        0  lto-llvm-2b9b9f.o(.bss.sFWG2_t)
    sbeep.1                                  0x20002ac0   Data           1  lto-llvm-2b9b9f.o(.bss.sbeep.1)
    [Anonymous Symbol]                       0x20002ac0   Section        0  lto-llvm-2b9b9f.o(.bss.sbeep.1)
    sdwin                                    0x20002ac4   Data         268  lto-llvm-2b9b9f.o(.bss.sdwin)
    [Anonymous Symbol]                       0x20002ac4   Section        0  lto-llvm-2b9b9f.o(.bss.sdwin)
    send_heartbeat_data.crc_value            0x20002bd0   Data           4  lto-llvm-2b9b9f.o(.bss.send_heartbeat_data.crc_value)
    [Anonymous Symbol]                       0x20002bd0   Section        0  lto-llvm-2b9b9f.o(.bss.send_heartbeat_data.crc_value)
    show_ch.show_step                        0x20002bd4   Data           1  lto-llvm-2b9b9f.o(.bss.show_ch.show_step)
    [Anonymous Symbol]                       0x20002bd4   Section        0  lto-llvm-2b9b9f.o(.bss.show_ch.show_step)
    show_code_mode_state.state               0x20002bd5   Data           1  lto-llvm-2b9b9f.o(.bss.show_code_mode_state.state)
    [Anonymous Symbol]                       0x20002bd5   Section        0  lto-llvm-2b9b9f.o(.bss.show_code_mode_state.state)
    show_code_mode_value.state               0x20002bd6   Data           1  lto-llvm-2b9b9f.o(.bss.show_code_mode_value.state)
    [Anonymous Symbol]                       0x20002bd6   Section        0  lto-llvm-2b9b9f.o(.bss.show_code_mode_value.state)
    show_curve.state                         0x20002bd7   Data           1  lto-llvm-2b9b9f.o(.bss.show_curve.state)
    [Anonymous Symbol]                       0x20002bd7   Section        0  lto-llvm-2b9b9f.o(.bss.show_curve.state)
    show_direct_run_state.show_step          0x20002bd8   Data           1  lto-llvm-2b9b9f.o(.bss.show_direct_run_state.show_step)
    [Anonymous Symbol]                       0x20002bd8   Section        0  lto-llvm-2b9b9f.o(.bss.show_direct_run_state.show_step)
    show_direct_temp.show_set_temp           0x20002bda   Data           2  lto-llvm-2b9b9f.o(.bss.show_direct_temp.show_set_temp)
    [Anonymous Symbol]                       0x20002bda   Section        0  lto-llvm-2b9b9f.o(.bss.show_direct_temp.show_set_temp)
    show_direct_temp.show_step               0x20002bdc   Data           1  lto-llvm-2b9b9f.o(.bss.show_direct_temp.show_step)
    [Anonymous Symbol]                       0x20002bdc   Section        0  lto-llvm-2b9b9f.o(.bss.show_direct_temp.show_step)
    show_direct_time.show_step               0x20002bdd   Data           1  lto-llvm-2b9b9f.o(.bss.show_direct_time.show_step)
    [Anonymous Symbol]                       0x20002bdd   Section        0  lto-llvm-2b9b9f.o(.bss.show_direct_time.show_step)
    show_direct_wind.handle_move             0x20002bde   Data           1  lto-llvm-2b9b9f.o(.bss.show_direct_wind.handle_move)
    [Anonymous Symbol]                       0x20002bde   Section        0  lto-llvm-2b9b9f.o(.bss.show_direct_wind.handle_move)
    show_direct_wind.show_step               0x20002bdf   Data           1  lto-llvm-2b9b9f.o(.bss.show_direct_wind.show_step)
    [Anonymous Symbol]                       0x20002bdf   Section        0  lto-llvm-2b9b9f.o(.bss.show_direct_wind.show_step)
    show_menu_setting.state                  0x20002be0   Data           1  lto-llvm-2b9b9f.o(.bss.show_menu_setting.state)
    [Anonymous Symbol]                       0x20002be0   Section        0  lto-llvm-2b9b9f.o(.bss.show_menu_setting.state)
    show_page.first_in_cal                   0x20002be1   Data           1  lto-llvm-2b9b9f.o(.bss.show_page.first_in_cal)
    [Anonymous Symbol]                       0x20002be1   Section        0  lto-llvm-2b9b9f.o(.bss.show_page.first_in_cal)
    show_page.last_fwg2_enhance_state        0x20002be2   Data           1  lto-llvm-2b9b9f.o(.bss.show_page.last_fwg2_enhance_state)
    [Anonymous Symbol]                       0x20002be2   Section        0  lto-llvm-2b9b9f.o(.bss.show_page.last_fwg2_enhance_state)
    show_page.last_handle_work_mode          0x20002be3   Data           1  lto-llvm-2b9b9f.o(.bss.show_page.last_handle_work_mode)
    [Anonymous Symbol]                       0x20002be3   Section        0  lto-llvm-2b9b9f.o(.bss.show_page.last_handle_work_mode)
    show_page.show_step                      0x20002be4   Data           1  lto-llvm-2b9b9f.o(.bss.show_page.show_step)
    [Anonymous Symbol]                       0x20002be4   Section        0  lto-llvm-2b9b9f.o(.bss.show_page.show_step)
    show_popup_flag                          0x20002be5   Data           1  lto-llvm-2b9b9f.o(.bss.show_popup_flag)
    [Anonymous Symbol]                       0x20002be5   Section        0  lto-llvm-2b9b9f.o(.bss.show_popup_flag)
    sum                                      0x20002be6   Data           2  lto-llvm-2b9b9f.o(.bss.sum)
    [Anonymous Symbol]                       0x20002be6   Section        0  lto-llvm-2b9b9f.o(.bss.sum)
    sw_ver_major                             0x20002be8   Data           1  lto-llvm-2b9b9f.o(.bss.sw_ver_major)
    [Anonymous Symbol]                       0x20002be8   Section        0  lto-llvm-2b9b9f.o(.bss.sw_ver_major)
    sw_ver_major.257                         0x20002be9   Data           1  lto-llvm-2b9b9f.o(.bss.sw_ver_major.257)
    [Anonymous Symbol]                       0x20002be9   Section        0  lto-llvm-2b9b9f.o(.bss.sw_ver_major.257)
    sw_ver_minor                             0x20002bea   Data           1  lto-llvm-2b9b9f.o(.bss.sw_ver_minor)
    [Anonymous Symbol]                       0x20002bea   Section        0  lto-llvm-2b9b9f.o(.bss.sw_ver_minor)
    sw_ver_minor.258                         0x20002beb   Data           1  lto-llvm-2b9b9f.o(.bss.sw_ver_minor.258)
    [Anonymous Symbol]                       0x20002beb   Section        0  lto-llvm-2b9b9f.o(.bss.sw_ver_minor.258)
    sw_ver_patch                             0x20002bec   Data           1  lto-llvm-2b9b9f.o(.bss.sw_ver_patch)
    [Anonymous Symbol]                       0x20002bec   Section        0  lto-llvm-2b9b9f.o(.bss.sw_ver_patch)
    sw_ver_patch.259                         0x20002bed   Data           1  lto-llvm-2b9b9f.o(.bss.sw_ver_patch.259)
    [Anonymous Symbol]                       0x20002bed   Section        0  lto-llvm-2b9b9f.o(.bss.sw_ver_patch.259)
    tUart4Buffer                             0x20002bf0   Data          36  lto-llvm-2b9b9f.o(.bss.tUart4Buffer)
    [Anonymous Symbol]                       0x20002bf0   Section        0  lto-llvm-2b9b9f.o(.bss.tUart4Buffer)
    tUart5Buffer                             0x20002c14   Data          36  lto-llvm-2b9b9f.o(.bss.tUart5Buffer)
    [Anonymous Symbol]                       0x20002c14   Section        0  lto-llvm-2b9b9f.o(.bss.tUart5Buffer)
    tUsart1Buffer                            0x20002c38   Data          36  lto-llvm-2b9b9f.o(.bss.tUsart1Buffer)
    [Anonymous Symbol]                       0x20002c38   Section        0  lto-llvm-2b9b9f.o(.bss.tUsart1Buffer)
    tUsart2Buffer                            0x20002c5c   Data          36  lto-llvm-2b9b9f.o(.bss.tUsart2Buffer)
    [Anonymous Symbol]                       0x20002c5c   Section        0  lto-llvm-2b9b9f.o(.bss.tUsart2Buffer)
    tUsart3Buffer                            0x20002c80   Data          36  lto-llvm-2b9b9f.o(.bss.tUsart3Buffer)
    [Anonymous Symbol]                       0x20002c80   Section        0  lto-llvm-2b9b9f.o(.bss.tUsart3Buffer)
    timebase_ticks                           0x20002ca4   Data           4  lto-llvm-2b9b9f.o(.bss.timebase_ticks)
    [Anonymous Symbol]                       0x20002ca4   Section        0  lto-llvm-2b9b9f.o(.bss.timebase_ticks)
    tmr3_ch1_readvalue                       0x20002ca8   Data           4  lto-llvm-2b9b9f.o(.bss.tmr3_ch1_readvalue)
    [Anonymous Symbol]                       0x20002ca8   Section        0  lto-llvm-2b9b9f.o(.bss.tmr3_ch1_readvalue)
    tmt                                      0x20002cac   Data          24  lto-llvm-2b9b9f.o(.bss.tmt)
    [Anonymous Symbol]                       0x20002cac   Section        0  lto-llvm-2b9b9f.o(.bss.tmt)
    STACK                                    0x20002cc8   Section     1024  startup_at32f415.o(STACK)

    Global Symbols

    Symbol Name                              Value     Ov Type        Size  Object(Section)

    BuildAttributes$$THM_ISAv4$E$P$D$K$B$S$7EM$PE$A:L22UL41UL21$X:L11$S22US41US21$IEEE1$IW$~IW$USESV6$~STKCKD$USESV7$~SHL$OTIME$ROPI$IEEEF$EBA8$MICROLIB$REQ8$PRES8$EABIv2 0x00000000   Number         0  anon$$obj.o ABSOLUTE
    _printf_a                                0x00000000   Number         0  printfstubs.o ABSOLUTE
    _printf_c                                0x00000000   Number         0  printfstubs.o ABSOLUTE
    _printf_charcount                        0x00000000   Number         0  printfstubs.o ABSOLUTE
    _printf_d                                0x00000000   Number         0  printfstubs.o ABSOLUTE
    _printf_e                                0x00000000   Number         0  printfstubs.o ABSOLUTE
    _printf_f                                0x00000000   Number         0  printfstubs.o ABSOLUTE
    _printf_flags                            0x00000000   Number         0  printfstubs.o ABSOLUTE
    _printf_fp_dec                           0x00000000   Number         0  printfstubs.o ABSOLUTE
    _printf_fp_hex                           0x00000000   Number         0  printfstubs.o ABSOLUTE
    _printf_g                                0x00000000   Number         0  printfstubs.o ABSOLUTE
    _printf_i                                0x00000000   Number         0  printfstubs.o ABSOLUTE
    _printf_int_dec                          0x00000000   Number         0  printfstubs.o ABSOLUTE
    _printf_l                                0x00000000   Number         0  printfstubs.o ABSOLUTE
    _printf_lc                               0x00000000   Number         0  printfstubs.o ABSOLUTE
    _printf_ll                               0x00000000   Number         0  printfstubs.o ABSOLUTE
    _printf_lld                              0x00000000   Number         0  printfstubs.o ABSOLUTE
    _printf_lli                              0x00000000   Number         0  printfstubs.o ABSOLUTE
    _printf_llo                              0x00000000   Number         0  printfstubs.o ABSOLUTE
    _printf_llu                              0x00000000   Number         0  printfstubs.o ABSOLUTE
    _printf_llx                              0x00000000   Number         0  printfstubs.o ABSOLUTE
    _printf_longlong_dec                     0x00000000   Number         0  printfstubs.o ABSOLUTE
    _printf_longlong_hex                     0x00000000   Number         0  printfstubs.o ABSOLUTE
    _printf_longlong_oct                     0x00000000   Number         0  printfstubs.o ABSOLUTE
    _printf_ls                               0x00000000   Number         0  printfstubs.o ABSOLUTE
    _printf_mbtowc                           0x00000000   Number         0  printfstubs.o ABSOLUTE
    _printf_n                                0x00000000   Number         0  printfstubs.o ABSOLUTE
    _printf_o                                0x00000000   Number         0  printfstubs.o ABSOLUTE
    _printf_p                                0x00000000   Number         0  printfstubs.o ABSOLUTE
    _printf_percent                          0x00000000   Number         0  printfstubs.o ABSOLUTE
    _printf_pre_padding                      0x00000000   Number         0  printfstubs.o ABSOLUTE
    _printf_return_value                     0x00000000   Number         0  printfstubs.o ABSOLUTE
    _printf_s                                0x00000000   Number         0  printfstubs.o ABSOLUTE
    _printf_sizespec                         0x00000000   Number         0  printfstubs.o ABSOLUTE
    _printf_str                              0x00000000   Number         0  printfstubs.o ABSOLUTE
    _printf_truncate_signed                  0x00000000   Number         0  printfstubs.o ABSOLUTE
    _printf_truncate_unsigned                0x00000000   Number         0  printfstubs.o ABSOLUTE
    _printf_u                                0x00000000   Number         0  printfstubs.o ABSOLUTE
    _printf_wc                               0x00000000   Number         0  printfstubs.o ABSOLUTE
    _printf_wctomb                           0x00000000   Number         0  printfstubs.o ABSOLUTE
    _printf_widthprec                        0x00000000   Number         0  printfstubs.o ABSOLUTE
    _printf_x                                0x00000000   Number         0  printfstubs.o ABSOLUTE
    __cpp_initialize__aeabi_                  - Undefined Weak Reference
    __cxa_finalize                            - Undefined Weak Reference
    __decompress                              - Undefined Weak Reference
    _clock_init                               - Undefined Weak Reference
    _microlib_exit                            - Undefined Weak Reference
    __Vectors_Size                           0x00000170   Number         0  startup_at32f415.o ABSOLUTE
    __Vectors                                0x08004000   Data           4  startup_at32f415.o(RESET)
    __Vectors_End                            0x08004170   Data           0  startup_at32f415.o(RESET)
    __main                                   0x08004171   Thumb Code     0  entry.o(.ARM.Collect$$$$00000000)
    _main_stk                                0x08004171   Thumb Code     0  entry2.o(.ARM.Collect$$$$00000001)
    _main_scatterload                        0x08004175   Thumb Code     0  entry5.o(.ARM.Collect$$$$00000004)
    __main_after_scatterload                 0x08004179   Thumb Code     0  entry5.o(.ARM.Collect$$$$00000004)
    _main_clock                              0x08004179   Thumb Code     0  entry7b.o(.ARM.Collect$$$$00000008)
    _main_cpp_init                           0x08004179   Thumb Code     0  entry8b.o(.ARM.Collect$$$$0000000A)
    _main_init                               0x08004179   Thumb Code     0  entry9a.o(.ARM.Collect$$$$0000000B)
    __rt_final_cpp                           0x08004181   Thumb Code     0  entry10a.o(.ARM.Collect$$$$0000000D)
    __rt_final_exit                          0x08004181   Thumb Code     0  entry11a.o(.ARM.Collect$$$$0000000F)
    Reset_Handler                            0x08004185   Thumb Code     8  startup_at32f415.o(.text)
    ADC1_IRQHandler                          0x0800419f   Thumb Code     0  startup_at32f415.o(.text)
    CAN1_RX0_IRQHandler                      0x0800419f   Thumb Code     0  startup_at32f415.o(.text)
    CAN1_RX1_IRQHandler                      0x0800419f   Thumb Code     0  startup_at32f415.o(.text)
    CAN1_SE_IRQHandler                       0x0800419f   Thumb Code     0  startup_at32f415.o(.text)
    CAN1_TX_IRQHandler                       0x0800419f   Thumb Code     0  startup_at32f415.o(.text)
    CMP1_IRQHandler                          0x0800419f   Thumb Code     0  startup_at32f415.o(.text)
    CMP2_IRQHandler                          0x0800419f   Thumb Code     0  startup_at32f415.o(.text)
    CRM_IRQHandler                           0x0800419f   Thumb Code     0  startup_at32f415.o(.text)
    DMA1_Channel1_IRQHandler                 0x0800419f   Thumb Code     0  startup_at32f415.o(.text)
    DMA1_Channel2_IRQHandler                 0x0800419f   Thumb Code     0  startup_at32f415.o(.text)
    DMA1_Channel3_IRQHandler                 0x0800419f   Thumb Code     0  startup_at32f415.o(.text)
    DMA1_Channel4_IRQHandler                 0x0800419f   Thumb Code     0  startup_at32f415.o(.text)
    DMA1_Channel5_IRQHandler                 0x0800419f   Thumb Code     0  startup_at32f415.o(.text)
    DMA1_Channel6_IRQHandler                 0x0800419f   Thumb Code     0  startup_at32f415.o(.text)
    DMA1_Channel7_IRQHandler                 0x0800419f   Thumb Code     0  startup_at32f415.o(.text)
    DMA2_Channel1_IRQHandler                 0x0800419f   Thumb Code     0  startup_at32f415.o(.text)
    DMA2_Channel2_IRQHandler                 0x0800419f   Thumb Code     0  startup_at32f415.o(.text)
    DMA2_Channel3_IRQHandler                 0x0800419f   Thumb Code     0  startup_at32f415.o(.text)
    DMA2_Channel4_5_IRQHandler               0x0800419f   Thumb Code     0  startup_at32f415.o(.text)
    DMA2_Channel6_7_IRQHandler               0x0800419f   Thumb Code     0  startup_at32f415.o(.text)
    ERTCAlarm_IRQHandler                     0x0800419f   Thumb Code     0  startup_at32f415.o(.text)
    ERTC_WKUP_IRQHandler                     0x0800419f   Thumb Code     0  startup_at32f415.o(.text)
    EXINT0_IRQHandler                        0x0800419f   Thumb Code     0  startup_at32f415.o(.text)
    EXINT15_10_IRQHandler                    0x0800419f   Thumb Code     0  startup_at32f415.o(.text)
    EXINT1_IRQHandler                        0x0800419f   Thumb Code     0  startup_at32f415.o(.text)
    EXINT2_IRQHandler                        0x0800419f   Thumb Code     0  startup_at32f415.o(.text)
    EXINT3_IRQHandler                        0x0800419f   Thumb Code     0  startup_at32f415.o(.text)
    EXINT4_IRQHandler                        0x0800419f   Thumb Code     0  startup_at32f415.o(.text)
    EXINT9_5_IRQHandler                      0x0800419f   Thumb Code     0  startup_at32f415.o(.text)
    FLASH_IRQHandler                         0x0800419f   Thumb Code     0  startup_at32f415.o(.text)
    I2C1_ERR_IRQHandler                      0x0800419f   Thumb Code     0  startup_at32f415.o(.text)
    I2C1_EVT_IRQHandler                      0x0800419f   Thumb Code     0  startup_at32f415.o(.text)
    I2C2_ERR_IRQHandler                      0x0800419f   Thumb Code     0  startup_at32f415.o(.text)
    I2C2_EVT_IRQHandler                      0x0800419f   Thumb Code     0  startup_at32f415.o(.text)
    OTGFS1_IRQHandler                        0x0800419f   Thumb Code     0  startup_at32f415.o(.text)
    OTGFS1_WKUP_IRQHandler                   0x0800419f   Thumb Code     0  startup_at32f415.o(.text)
    PVM_IRQHandler                           0x0800419f   Thumb Code     0  startup_at32f415.o(.text)
    SDIO1_IRQHandler                         0x0800419f   Thumb Code     0  startup_at32f415.o(.text)
    SPI1_IRQHandler                          0x0800419f   Thumb Code     0  startup_at32f415.o(.text)
    SPI2_IRQHandler                          0x0800419f   Thumb Code     0  startup_at32f415.o(.text)
    TAMP_STAMP_IRQHandler                    0x0800419f   Thumb Code     0  startup_at32f415.o(.text)
    TMR1_BRK_TMR9_IRQHandler                 0x0800419f   Thumb Code     0  startup_at32f415.o(.text)
    TMR1_CH_IRQHandler                       0x0800419f   Thumb Code     0  startup_at32f415.o(.text)
    TMR1_OVF_TMR10_IRQHandler                0x0800419f   Thumb Code     0  startup_at32f415.o(.text)
    TMR1_TRG_HALL_TMR11_IRQHandler           0x0800419f   Thumb Code     0  startup_at32f415.o(.text)
    TMR4_GLOBAL_IRQHandler                   0x0800419f   Thumb Code     0  startup_at32f415.o(.text)
    TMR5_GLOBAL_IRQHandler                   0x0800419f   Thumb Code     0  startup_at32f415.o(.text)
    WWDT_IRQHandler                          0x0800419f   Thumb Code     0  startup_at32f415.o(.text)
    __I$use$fp                               0x080041a9   Thumb Code     0  iusefp.o(.text)
    __aeabi_dadd                             0x080041a9   Thumb Code   322  dadd.o(.text)
    __aeabi_dsub                             0x080042eb   Thumb Code     6  dadd.o(.text)
    __aeabi_drsub                            0x080042f1   Thumb Code     6  dadd.o(.text)
    __aeabi_dmul                             0x080042f7   Thumb Code   228  dmul.o(.text)
    __scatterload                            0x080043dd   Thumb Code    38  init.o(.text)
    __scatterload_rt2                        0x080043dd   Thumb Code     0  init.o(.text)
    __aeabi_llsl                             0x0800440d   Thumb Code    30  llshl.o(.text)
    _ll_shift_l                              0x0800440d   Thumb Code     0  llshl.o(.text)
    __aeabi_llsr                             0x0800442b   Thumb Code    32  llushr.o(.text)
    _ll_ushift_r                             0x0800442b   Thumb Code     0  llushr.o(.text)
    __aeabi_lasr                             0x0800444b   Thumb Code    36  llsshr.o(.text)
    _ll_sshift_r                             0x0800444b   Thumb Code     0  llsshr.o(.text)
    _double_round                            0x0800446f   Thumb Code    30  depilogue.o(.text)
    _double_epilogue                         0x0800448d   Thumb Code   156  depilogue.o(.text)
    __aeabi_memset                           0x08004529   Thumb Code    14  memseta.o(.text)
    __aeabi_memset4                          0x08004529   Thumb Code     0  memseta.o(.text)
    __aeabi_memset8                          0x08004529   Thumb Code     0  memseta.o(.text)
    __aeabi_memclr                           0x08004537   Thumb Code     4  memseta.o(.text)
    __aeabi_memclr4                          0x08004537   Thumb Code     0  memseta.o(.text)
    __aeabi_memclr8                          0x08004537   Thumb Code     0  memseta.o(.text)
    _memset$wrapper                          0x0800453b   Thumb Code    18  memseta.o(.text)
    __aeabi_fadd                             0x0800454d   Thumb Code   164  fadd.o(.text)
    __aeabi_fsub                             0x080045f1   Thumb Code     6  fadd.o(.text)
    __aeabi_frsub                            0x080045f7   Thumb Code     6  fadd.o(.text)
    __aeabi_fmul                             0x080045fd   Thumb Code   100  fmul.o(.text)
    __aeabi_fcmple                           0x08004661   Thumb Code    28  fcmple.o(.text)
    __aeabi_fcmplt                           0x0800467d   Thumb Code    28  fcmplt.o(.text)
    __aeabi_fcmpge                           0x08004699   Thumb Code    28  fcmpge.o(.text)
    __aeabi_fcmpgt                           0x080046b5   Thumb Code    28  fcmpgt.o(.text)
    __aeabi_dcmpgt                           0x080046d1   Thumb Code    54  dcmpgt.o(.text)
    __aeabi_i2f                              0x08004707   Thumb Code    18  fflti.o(.text)
    __aeabi_ui2f                             0x08004719   Thumb Code    10  ffltui.o(.text)
    __aeabi_i2d                              0x08004723   Thumb Code    34  dflti.o(.text)
    __aeabi_ui2d                             0x08004745   Thumb Code    26  dfltui.o(.text)
    __aeabi_f2iz                             0x0800475f   Thumb Code    50  ffixi.o(.text)
    __aeabi_f2uiz                            0x08004791   Thumb Code    40  ffixui.o(.text)
    __aeabi_d2iz                             0x080047b9   Thumb Code    62  dfixi.o(.text)
    __aeabi_d2uiz                            0x080047f7   Thumb Code    50  dfixui.o(.text)
    __aeabi_f2d                              0x08004829   Thumb Code    38  f2d.o(.text)
    __aeabi_d2f                              0x0800484f   Thumb Code    56  d2f.o(.text)
    _float_round                             0x08004887   Thumb Code    18  fepilogue.o(.text)
    _float_epilogue                          0x08004899   Thumb Code    92  fepilogue.o(.text)
    BusFault_Handler                         0x080048f5   Thumb Code     2  lto-llvm-2b9b9f.o(.text.BusFault_Handler)
    DebugMon_Handler                         0x080048f9   Thumb Code     2  lto-llvm-2b9b9f.o(.text.DebugMon_Handler)
    HardFault_Handler                        0x080048fd   Thumb Code     2  lto-llvm-2b9b9f.o(.text.HardFault_Handler)
    MemManage_Handler                        0x08004901   Thumb Code     2  lto-llvm-2b9b9f.o(.text.MemManage_Handler)
    NMI_Handler                              0x08004905   Thumb Code     2  lto-llvm-2b9b9f.o(.text.NMI_Handler)
    PendSV_Handler                           0x080049e5   Thumb Code     2  lto-llvm-2b9b9f.o(.text.PendSV_Handler)
    SVC_Handler                              0x08006969   Thumb Code     2  lto-llvm-2b9b9f.o(.text.SVC_Handler)
    SysTick_Handler                          0x0800696d   Thumb Code  1716  lto-llvm-2b9b9f.o(.text.SysTick_Handler)
    SystemInit                               0x08007061   Thumb Code   168  lto-llvm-2b9b9f.o(.text.SystemInit)
    TMR2_GLOBAL_IRQHandler                   0x08007109   Thumb Code  1254  lto-llvm-2b9b9f.o(.text.TMR2_GLOBAL_IRQHandler)
    TMR3_GLOBAL_IRQHandler                   0x080075f1   Thumb Code    48  lto-llvm-2b9b9f.o(.text.TMR3_GLOBAL_IRQHandler)
    UART4_IRQHandler                         0x08007621   Thumb Code   166  lto-llvm-2b9b9f.o(.text.UART4_IRQHandler)
    UART5_IRQHandler                         0x080076c9   Thumb Code   166  lto-llvm-2b9b9f.o(.text.UART5_IRQHandler)
    USART1_IRQHandler                        0x08007771   Thumb Code   162  lto-llvm-2b9b9f.o(.text.USART1_IRQHandler)
    USART2_IRQHandler                        0x08007815   Thumb Code   162  lto-llvm-2b9b9f.o(.text.USART2_IRQHandler)
    USART3_IRQHandler                        0x080078b9   Thumb Code   166  lto-llvm-2b9b9f.o(.text.USART3_IRQHandler)
    UsageFault_Handler                       0x08007961   Thumb Code     2  lto-llvm-2b9b9f.o(.text.UsageFault_Handler)
    main                                     0x08010881   Thumb Code  5654  lto-llvm-2b9b9f.o(.text.main)
    __scatterload_copy                       0x08014e09   Thumb Code    14  handlers.o(i.__scatterload_copy)
    __scatterload_null                       0x08014e17   Thumb Code     2  handlers.o(i.__scatterload_null)
    __scatterload_zeroinit                   0x08014e19   Thumb Code    14  handlers.o(i.__scatterload_zeroinit)
    Region$$Table$$Base                      0x08014e80   Number         0  anon$$obj.o(Region$$Table)
    Region$$Table$$Limit                     0x08014ea0   Number         0  anon$$obj.o(Region$$Table)
    __initial_sp                             0x200030c8   Data           0  startup_at32f415.o(STACK)



==============================================================================

Memory Map of the image

  Image Entry point : 0x08004171

  Load Region LR_IROM1 (Base: 0x08004000, Size: 0x00010f40, Max: 0x00020000, ABSOLUTE)

    Execution Region ER_IROM1 (Exec base: 0x08004000, Load base: 0x08004000, Size: 0x00010ea0, Max: 0x00020000, ABSOLUTE)

    Exec Addr    Load Addr    Size         Type   Attr      Idx    E Section Name        Object

    0x08004000   0x08004000   0x00000170   Data   RO           32    RESET               startup_at32f415.o
    0x08004170   0x08004170   0x00000000   Code   RO           61  * .ARM.Collect$$$$00000000  mc_w.l(entry.o)
    0x08004170   0x08004170   0x00000004   Code   RO          327    .ARM.Collect$$$$00000001  mc_w.l(entry2.o)
    0x08004174   0x08004174   0x00000004   Code   RO          330    .ARM.Collect$$$$00000004  mc_w.l(entry5.o)
    0x08004178   0x08004178   0x00000000   Code   RO          332    .ARM.Collect$$$$00000008  mc_w.l(entry7b.o)
    0x08004178   0x08004178   0x00000000   Code   RO          334    .ARM.Collect$$$$0000000A  mc_w.l(entry8b.o)
    0x08004178   0x08004178   0x00000008   Code   RO          335    .ARM.Collect$$$$0000000B  mc_w.l(entry9a.o)
    0x08004180   0x08004180   0x00000000   Code   RO          337    .ARM.Collect$$$$0000000D  mc_w.l(entry10a.o)
    0x08004180   0x08004180   0x00000000   Code   RO          339    .ARM.Collect$$$$0000000F  mc_w.l(entry11a.o)
    0x08004180   0x08004180   0x00000004   Code   RO          328    .ARM.Collect$$$$00002712  mc_w.l(entry2.o)
    0x08004184   0x08004184   0x00000024   Code   RO           33    .text               startup_at32f415.o
    0x080041a8   0x080041a8   0x00000000   Code   RO          359    .text               mc_w.l(iusefp.o)
    0x080041a8   0x080041a8   0x0000014e   Code   RO          360    .text               mf_w.l(dadd.o)
    0x080042f6   0x080042f6   0x000000e4   Code   RO          362    .text               mf_w.l(dmul.o)
    0x080043da   0x080043da   0x00000002   PAD
    0x080043dc   0x080043dc   0x00000030   Code   RO          370    .text               mc_w.l(init.o)
    0x0800440c   0x0800440c   0x0000001e   Code   RO          373    .text               mc_w.l(llshl.o)
    0x0800442a   0x0800442a   0x00000020   Code   RO          375    .text               mc_w.l(llushr.o)
    0x0800444a   0x0800444a   0x00000024   Code   RO          377    .text               mc_w.l(llsshr.o)
    0x0800446e   0x0800446e   0x000000ba   Code   RO          380    .text               mf_w.l(depilogue.o)
    0x08004528   0x08004528   0x00000024   Code   RO          788    .text               mc_w.l(memseta.o)
    0x0800454c   0x0800454c   0x000000b0   Code   RO          790    .text               mf_w.l(fadd.o)
    0x080045fc   0x080045fc   0x00000064   Code   RO          792    .text               mf_w.l(fmul.o)
    0x08004660   0x08004660   0x0000001c   Code   RO          794    .text               mf_w.l(fcmple.o)
    0x0800467c   0x0800467c   0x0000001c   Code   RO          796    .text               mf_w.l(fcmplt.o)
    0x08004698   0x08004698   0x0000001c   Code   RO          798    .text               mf_w.l(fcmpge.o)
    0x080046b4   0x080046b4   0x0000001c   Code   RO          800    .text               mf_w.l(fcmpgt.o)
    0x080046d0   0x080046d0   0x00000036   Code   RO          802    .text               mf_w.l(dcmpgt.o)
    0x08004706   0x08004706   0x00000012   Code   RO          804    .text               mf_w.l(fflti.o)
    0x08004718   0x08004718   0x0000000a   Code   RO          806    .text               mf_w.l(ffltui.o)
    0x08004722   0x08004722   0x00000022   Code   RO          808    .text               mf_w.l(dflti.o)
    0x08004744   0x08004744   0x0000001a   Code   RO          810    .text               mf_w.l(dfltui.o)
    0x0800475e   0x0800475e   0x00000032   Code   RO          812    .text               mf_w.l(ffixi.o)
    0x08004790   0x08004790   0x00000028   Code   RO          814    .text               mf_w.l(ffixui.o)
    0x080047b8   0x080047b8   0x0000003e   Code   RO          816    .text               mf_w.l(dfixi.o)
    0x080047f6   0x080047f6   0x00000032   Code   RO          818    .text               mf_w.l(dfixui.o)
    0x08004828   0x08004828   0x00000026   Code   RO          820    .text               mf_w.l(f2d.o)
    0x0800484e   0x0800484e   0x00000038   Code   RO          822    .text               mf_w.l(d2f.o)
    0x08004886   0x08004886   0x0000006e   Code   RO          824    .text               mf_w.l(fepilogue.o)
    0x080048f4   0x080048f4   0x00000002   Code   RO          415    .text.BusFault_Handler  lto-llvm-2b9b9f.o
    0x080048f6   0x080048f6   0x00000002   PAD
    0x080048f8   0x080048f8   0x00000002   Code   RO          421    .text.DebugMon_Handler  lto-llvm-2b9b9f.o
    0x080048fa   0x080048fa   0x00000002   PAD
    0x080048fc   0x080048fc   0x00000002   Code   RO          411    .text.HardFault_Handler  lto-llvm-2b9b9f.o
    0x080048fe   0x080048fe   0x00000002   PAD
    0x08004900   0x08004900   0x00000002   Code   RO          413    .text.MemManage_Handler  lto-llvm-2b9b9f.o
    0x08004902   0x08004902   0x00000002   PAD
    0x08004904   0x08004904   0x00000002   Code   RO          409    .text.NMI_Handler   lto-llvm-2b9b9f.o
    0x08004906   0x08004906   0x00000002   PAD
    0x08004908   0x08004908   0x000000dc   Code   RO          459    .text.PID_Position_Calc  lto-llvm-2b9b9f.o
    0x080049e4   0x080049e4   0x00000002   Code   RO          423    .text.PendSV_Handler  lto-llvm-2b9b9f.o
    0x080049e6   0x080049e6   0x00000002   PAD
    0x080049e8   0x080049e8   0x00001f80   Code   RO          477    .text.RecvDataFromLCD  lto-llvm-2b9b9f.o
    0x08006968   0x08006968   0x00000002   Code   RO          419    .text.SVC_Handler   lto-llvm-2b9b9f.o
    0x0800696a   0x0800696a   0x00000002   PAD
    0x0800696c   0x0800696c   0x000006f4   Code   RO          425    .text.SysTick_Handler  lto-llvm-2b9b9f.o
    0x08007060   0x08007060   0x000000a8   Code   RO          445    .text.SystemInit    lto-llvm-2b9b9f.o
    0x08007108   0x08007108   0x000004e6   Code   RO          427    .text.TMR2_GLOBAL_IRQHandler  lto-llvm-2b9b9f.o
    0x080075ee   0x080075ee   0x00000002   PAD
    0x080075f0   0x080075f0   0x00000030   Code   RO          429    .text.TMR3_GLOBAL_IRQHandler  lto-llvm-2b9b9f.o
    0x08007620   0x08007620   0x000000a6   Code   RO          489    .text.UART4_IRQHandler  lto-llvm-2b9b9f.o
    0x080076c6   0x080076c6   0x00000002   PAD
    0x080076c8   0x080076c8   0x000000a6   Code   RO          491    .text.UART5_IRQHandler  lto-llvm-2b9b9f.o
    0x0800776e   0x0800776e   0x00000002   PAD
    0x08007770   0x08007770   0x000000a2   Code   RO          483    .text.USART1_IRQHandler  lto-llvm-2b9b9f.o
    0x08007812   0x08007812   0x00000002   PAD
    0x08007814   0x08007814   0x000000a2   Code   RO          485    .text.USART2_IRQHandler  lto-llvm-2b9b9f.o
    0x080078b6   0x080078b6   0x00000002   PAD
    0x080078b8   0x080078b8   0x000000a6   Code   RO          487    .text.USART3_IRQHandler  lto-llvm-2b9b9f.o
    0x0800795e   0x0800795e   0x00000002   PAD
    0x08007960   0x08007960   0x00000002   Code   RO          417    .text.UsageFault_Handler  lto-llvm-2b9b9f.o
    0x08007962   0x08007962   0x00000002   PAD
    0x08007964   0x08007964   0x00000210   Code   RO          475    .text.WriteDataToLCD  lto-llvm-2b9b9f.o
    0x08007b74   0x08007b74   0x0000002a   Code   RO          443    .text.__NVIC_SystemReset  lto-llvm-2b9b9f.o
    0x08007b9e   0x08007b9e   0x00000002   PAD
    0x08007ba0   0x08007ba0   0x00000010   Code   RO          463    .text.beep_off      lto-llvm-2b9b9f.o
    0x08007bb0   0x08007bb0   0x00000010   Code   RO          461    .text.beep_on       lto-llvm-2b9b9f.o
    0x08007bc0   0x08007bc0   0x00000110   Code   RO          389    .text.beep_task     lto-llvm-2b9b9f.o
    0x08007cd0   0x08007cd0   0x00000114   Code   RO          431    .text.crm_clocks_freq_get  lto-llvm-2b9b9f.o
    0x08007de4   0x08007de4   0x0000018a   Code   RO          471    .text.direct_linear_correction  lto-llvm-2b9b9f.o
    0x08007f6e   0x08007f6e   0x00000002   PAD
    0x08007f70   0x08007f70   0x00002638   Code   RO          391    .text.dwin_task     lto-llvm-2b9b9f.o
    0x0800a5a8   0x0800a5a8   0x00000028   Code   RO          397    .text.feed_dog_task  lto-llvm-2b9b9f.o
    0x0800a5d0   0x0800a5d0   0x000000a6   Code   RO          437    .text.flash_halfword_program  lto-llvm-2b9b9f.o
    0x0800a676   0x0800a676   0x00000002   PAD
    0x0800a678   0x0800a678   0x000000ac   Code   RO          433    .text.flash_sector_erase  lto-llvm-2b9b9f.o
    0x0800a724   0x0800a724   0x000029ac   Code   RO          407    .text.flash_task    lto-llvm-2b9b9f.o
    0x0800d0d0   0x0800d0d0   0x000000b6   Code   RO          435    .text.flash_word_program  lto-llvm-2b9b9f.o
    0x0800d186   0x0800d186   0x00000002   PAD
    0x0800d188   0x0800d188   0x000000b8   Code   RO          479    .text.get_code_mode_value  lto-llvm-2b9b9f.o
    0x0800d240   0x0800d240   0x000010b2   Code   RO          465    .text.get_data_from_a  lto-llvm-2b9b9f.o
    0x0800e2f2   0x0800e2f2   0x00000002   PAD
    0x0800e2f4   0x0800e2f4   0x000010b2   Code   RO          467    .text.get_data_from_b  lto-llvm-2b9b9f.o
    0x0800f3a6   0x0800f3a6   0x00000002   PAD
    0x0800f3a8   0x0800f3a8   0x000001c0   Code   RO          469    .text.get_reset_data  lto-llvm-2b9b9f.o
    0x0800f568   0x0800f568   0x000001e6   Code   RO          439    .text.gpio_init     lto-llvm-2b9b9f.o
    0x0800f74e   0x0800f74e   0x00000002   PAD
    0x0800f750   0x0800f750   0x0000005a   Code   RO          385    .text.iap_task      lto-llvm-2b9b9f.o
    0x0800f7aa   0x0800f7aa   0x00000002   PAD
    0x0800f7ac   0x0800f7ac   0x00000148   Code   RO          493    .text.key_event_check  lto-llvm-2b9b9f.o
    0x0800f8f4   0x0800f8f4   0x00000f8c   Code   RO          387    .text.key_task      lto-llvm-2b9b9f.o
    0x08010880   0x08010880   0x00001616   Code   RO          383    .text.main          lto-llvm-2b9b9f.o
    0x08011e96   0x08011e96   0x00000002   PAD
    0x08011e98   0x08011e98   0x00000004   Code   RO          441    .text.nvic_system_reset  lto-llvm-2b9b9f.o
    0x08011e9c   0x08011e9c   0x000003a6   Code   RO          395    .text.output_task   lto-llvm-2b9b9f.o
    0x08012242   0x08012242   0x00000002   PAD
    0x08012244   0x08012244   0x000006e2   Code   RO          399    .text.pc_comm_task  lto-llvm-2b9b9f.o
    0x08012926   0x08012926   0x00000002   PAD
    0x08012928   0x08012928   0x00000018   Code   RO          405    .text.record_task   lto-llvm-2b9b9f.o
    0x08012940   0x08012940   0x000000dc   Code   RO          473    .text.temp_get_filter_move_average  lto-llvm-2b9b9f.o
    0x08012a1c   0x08012a1c   0x00000030   Code   RO          451    .text.tmt_create    lto-llvm-2b9b9f.o
    0x08012a4c   0x08012a4c   0x00000090   Code   RO          453    .text.tmt_delete    lto-llvm-2b9b9f.o
    0x08012adc   0x08012adc   0x00000046   Code   RO          447    .text.tmt_run       lto-llvm-2b9b9f.o
    0x08012b22   0x08012b22   0x00000002   PAD
    0x08012b24   0x08012b24   0x00000064   Code   RO          457    .text.tmt_run_ctrl  lto-llvm-2b9b9f.o
    0x08012b88   0x08012b88   0x00000068   Code   RO          455    .text.tmt_time_ctrl  lto-llvm-2b9b9f.o
    0x08012bf0   0x08012bf0   0x000000b2   Code   RO          449    .text.tmt_update_tick  lto-llvm-2b9b9f.o
    0x08012ca2   0x08012ca2   0x00000002   PAD
    0x08012ca4   0x08012ca4   0x00001064   Code   RO          401    .text.uart4_comm_task  lto-llvm-2b9b9f.o
    0x08013d08   0x08013d08   0x00000eba   Code   RO          403    .text.uart5_comm_task  lto-llvm-2b9b9f.o
    0x08014bc2   0x08014bc2   0x00000002   PAD
    0x08014bc4   0x08014bc4   0x000000a8   Code   RO          481    .text.usart_sendData  lto-llvm-2b9b9f.o
    0x08014c6c   0x08014c6c   0x0000019c   Code   RO          393    .text.work_task     lto-llvm-2b9b9f.o
    0x08014e08   0x08014e08   0x0000000e   Code   RO          828    i.__scatterload_copy  mc_w.l(handlers.o)
    0x08014e16   0x08014e16   0x00000002   Code   RO          829    i.__scatterload_null  mc_w.l(handlers.o)
    0x08014e18   0x08014e18   0x0000000e   Code   RO          830    i.__scatterload_zeroinit  mc_w.l(handlers.o)
    0x08014e26   0x08014e26   0x00000008   Data   RO          513    .rodata.cst8        lto-llvm-2b9b9f.o
    0x08014e2e   0x08014e2e   0x00000029   Data   RO          644    .rodata.direct_handle_temp_cal_buff  lto-llvm-2b9b9f.o
    0x08014e57   0x08014e57   0x00000029   Data   RO          645    .rodata.direct_handle_wind_20_cal_buff  lto-llvm-2b9b9f.o
    0x08014e80   0x08014e80   0x00000020   Data   RO          827    Region$$Table       anon$$obj.o


    Execution Region RW_IRAM1 (Exec base: 0x20000000, Load base: 0x08014ea0, Size: 0x000030c8, Max: 0x00008000, ABSOLUTE)

    Exec Addr    Load Addr    Size         Type   Attr      Idx    E Section Name        Object

    0x20000000   0x08014ea0   0x00000001   Data   RW          643    .data.EVENT         lto-llvm-2b9b9f.o
    0x20000001   0x08014ea1   0x00000001   PAD
    0x20000002   0x08014ea2   0x00000002   Data   RW          501    .data.SysTick_Handler.time_out  lto-llvm-2b9b9f.o
    0x20000004   0x08014ea4   0x00000001   Data   RW          713    .data.check_channel.last_direct_ch  lto-llvm-2b9b9f.o
    0x20000005   0x08014ea5   0x00000001   Data   RW          714    .data.check_channel.last_temp_unit  lto-llvm-2b9b9f.o
    0x20000006   0x08014ea6   0x00000001   Data   RW          709    .data.check_menu_setting.last_adjust_key_set  lto-llvm-2b9b9f.o
    0x20000007   0x08014ea7   0x00000001   Data   RW          710    .data.check_menu_setting.last_enhance_state  lto-llvm-2b9b9f.o
    0x20000008   0x08014ea8   0x00000001   Data   RW          707    .data.check_menu_setting.last_fn_key_long_set  lto-llvm-2b9b9f.o
    0x20000009   0x08014ea9   0x00000001   Data   RW          708    .data.check_menu_setting.last_fn_key_short_set  lto-llvm-2b9b9f.o
    0x2000000a   0x08014eaa   0x00000001   Data   RW          706    .data.check_menu_setting.last_sleep_state  lto-llvm-2b9b9f.o
    0x2000000b   0x08014eab   0x00000001   Data   RW          704    .data.check_menu_setting.last_speaker_state  lto-llvm-2b9b9f.o
    0x2000000c   0x08014eac   0x00000001   Data   RW          705    .data.check_menu_setting.last_temp_lock_state  lto-llvm-2b9b9f.o
    0x2000000d   0x08014ead   0x00000001   Data   RW          703    .data.check_menu_setting.last_temp_unit  lto-llvm-2b9b9f.o
    0x2000000e   0x08014eae   0x00000001   Data   RW          701    .data.check_menu_setting.last_work_mode  lto-llvm-2b9b9f.o
    0x2000000f   0x08014eaf   0x00000001   PAD
    0x20000010   0x08014eb0   0x00000002   Data   RW          509    .data.code_mode_time.code_mode_countdown_time  lto-llvm-2b9b9f.o
    0x20000012   0x08014eb2   0x00000002   Data   RW          510    .data.count_down.countdown_time  lto-llvm-2b9b9f.o
    0x20000014   0x08014eb4   0x0000000e   Data   RW          717    .data.direct_temp_buff  lto-llvm-2b9b9f.o
    0x20000022   0x08014ec2   0x0000000e   Data   RW          718    .data.direct_wind_buff  lto-llvm-2b9b9f.o
    0x20000030   0x08014ed0   0x00000002   Data   RW          511    .data.enhance_mode_countdown.direct_handle_enhance_countdown_time  lto-llvm-2b9b9f.o
    0x20000032   0x08014ed2   0x00000001   Data   RW          730    .data.get_code_mode_state.last_code_mode_state  lto-llvm-2b9b9f.o
    0x20000033   0x08014ed3   0x00000001   Data   RW          731    .data.get_code_mode_state.last_code_mode_step  lto-llvm-2b9b9f.o
    0x20000034   0x08014ed4   0x00000001   Data   RW          695    .data.get_code_mode_value.last_code_ch  lto-llvm-2b9b9f.o
    0x20000035   0x08014ed5   0x00000001   Data   RW          696    .data.get_code_mode_value.last_temp_unit  lto-llvm-2b9b9f.o
    0x20000036   0x08014ed6   0x00000001   Data   RW          725    .data.get_direct_run_state.last_direct_handle_error_mode  lto-llvm-2b9b9f.o
    0x20000037   0x08014ed7   0x00000001   Data   RW          723    .data.get_direct_run_state.last_direct_handle_state  lto-llvm-2b9b9f.o
    0x20000038   0x08014ed8   0x00000001   Data   RW          724    .data.get_direct_run_state.last_direct_handle_work_mode  lto-llvm-2b9b9f.o
    0x20000039   0x08014ed9   0x00000001   Data   RW          676    .data.get_direct_temp_state.last_handle_position  lto-llvm-2b9b9f.o
    0x2000003a   0x08014eda   0x00000002   Data   RW          677    .data.get_direct_temp_state.refresh_setting_time  lto-llvm-2b9b9f.o
    0x2000003c   0x08014edc   0x00000001   Data   RW          682    .data.get_direct_wind_state.last_direct_handle_state  lto-llvm-2b9b9f.o
    0x2000003d   0x08014edd   0x00000001   Data   RW          683    .data.get_direct_wind_state.last_handle_position  lto-llvm-2b9b9f.o
    0x2000003e   0x08014ede   0x00000002   Data   RW          687    .data.get_direct_wind_state.refresh_setting_time  lto-llvm-2b9b9f.o
    0x20000040   0x08014ee0   0x00000009   Data   RW          698    .data.hardware_buff  lto-llvm-2b9b9f.o
    0x20000049   0x08014ee9   0x00000001   PAD
    0x2000004a   0x08014eea   0x00000002   Data   RW          647    .data.hot_control.relay_open_delay  lto-llvm-2b9b9f.o
    0x2000004c   0x08014eec   0x00000014   Data   RW          633    .data.key_ch        lto-llvm-2b9b9f.o
    0x20000060   0x08014f00   0x00000014   Data   RW          635    .data.key_down      lto-llvm-2b9b9f.o
    0x20000074   0x08014f14   0x00000014   Data   RW          634    .data.key_up        lto-llvm-2b9b9f.o
    0x20000088   0x08014f28   0x0000000a   Data   RW          763    .data.page_switch   lto-llvm-2b9b9f.o
    0x20000092   0x08014f32   0x00000001   Data   RW          738    .data.pc_event      lto-llvm-2b9b9f.o
    0x20000093   0x08014f33   0x00000009   Data   RW          655    .data.software_buff  lto-llvm-2b9b9f.o
    0x2000009c   0x08014f3c   0x00000001   Data   RW          750    .data.uart4_event   lto-llvm-2b9b9f.o
    0x2000009d   0x08014f3d   0x00000001   Data   RW          756    .data.uart5_event   lto-llvm-2b9b9f.o
    0x2000009e   0x08014f3e   0x00000002   PAD
    0x200000a0        -       0x00000008   Zero   RW          518    .bss.BeepProc.s_BeepStartTime  lto-llvm-2b9b9f.o
    0x200000a8        -       0x00000001   Zero   RW          517    .bss.BeepProc.s_tate  lto-llvm-2b9b9f.o
    0x200000a9   0x08014f3e   0x00000001   PAD
    0x200000aa        -       0x00000002   Zero   RW          502    .bss.Direct_Handle_PWM_Out.Direct_handle_last_set_temp  lto-llvm-2b9b9f.o
    0x200000ac        -       0x00000001   Zero   RW          507    .bss.Direct_Handle_PWM_Out.change_flag  lto-llvm-2b9b9f.o
    0x200000ad   0x08014f3e   0x00000001   PAD
    0x200000ae        -       0x00000002   Zero   RW          506    .bss.Direct_Handle_PWM_Out.delay_time  lto-llvm-2b9b9f.o
    0x200000b0        -       0x00000002   Zero   RW          504    .bss.Direct_Handle_PWM_Out.direct_hot_run_time_ms  lto-llvm-2b9b9f.o
    0x200000b2        -       0x00000001   Zero   RW          503    .bss.Direct_Handle_PWM_Out.last_code_mode_step  lto-llvm-2b9b9f.o
    0x200000b3   0x08014f3e   0x00000001   PAD
    0x200000b4        -       0x00000002   Zero   RW          505    .bss.Direct_Handle_PWM_Out.set_temp  lto-llvm-2b9b9f.o
    0x200000b6        -       0x00000001   Zero   RW          658    .bss.DwinRun.first_in  lto-llvm-2b9b9f.o
    0x200000b7        -       0x00000001   Zero   RW          659    .bss.DwinRun.state  lto-llvm-2b9b9f.o
    0x200000b8        -       0x00000002   Zero   RW          631    .bss.FlashProc.a_ver  lto-llvm-2b9b9f.o
    0x200000ba        -       0x00000002   Zero   RW          632    .bss.FlashProc.b_ver  lto-llvm-2b9b9f.o
    0x200000bc        -       0x00000001   Zero   RW          630    .bss.FlashProc.first_start_flag  lto-llvm-2b9b9f.o
    0x200000bd        -       0x00000001   Zero   RW          629    .bss.FlashProc.flash_count  lto-llvm-2b9b9f.o
    0x200000be        -       0x00000002   Zero   RW          628    .bss.FlashProc.flash_version  lto-llvm-2b9b9f.o
    0x200000c0        -       0x00000001   Zero   RW          533    .bss.FlashProc.last_adjust_key_set  lto-llvm-2b9b9f.o
    0x200000c1   0x08014f3e   0x00000001   PAD
    0x200000c2        -       0x00000002   Zero   RW          539    .bss.FlashProc.last_ch1_set_temp  lto-llvm-2b9b9f.o
    0x200000c4        -       0x00000002   Zero   RW          541    .bss.FlashProc.last_ch1_set_time  lto-llvm-2b9b9f.o
    0x200000c6        -       0x00000002   Zero   RW          540    .bss.FlashProc.last_ch1_set_wind  lto-llvm-2b9b9f.o
    0x200000c8        -       0x00000002   Zero   RW          542    .bss.FlashProc.last_ch2_set_temp  lto-llvm-2b9b9f.o
    0x200000ca        -       0x00000002   Zero   RW          544    .bss.FlashProc.last_ch2_set_time  lto-llvm-2b9b9f.o
    0x200000cc        -       0x00000002   Zero   RW          543    .bss.FlashProc.last_ch2_set_wind  lto-llvm-2b9b9f.o
    0x200000ce        -       0x00000002   Zero   RW          545    .bss.FlashProc.last_ch3_set_temp  lto-llvm-2b9b9f.o
    0x200000d0        -       0x00000002   Zero   RW          547    .bss.FlashProc.last_ch3_set_time  lto-llvm-2b9b9f.o
    0x200000d2        -       0x00000002   Zero   RW          546    .bss.FlashProc.last_ch3_set_wind  lto-llvm-2b9b9f.o
    0x200000d4        -       0x00000002   Zero   RW          548    .bss.FlashProc.last_ch4_set_temp  lto-llvm-2b9b9f.o
    0x200000d6        -       0x00000002   Zero   RW          550    .bss.FlashProc.last_ch4_set_time  lto-llvm-2b9b9f.o
    0x200000d8        -       0x00000002   Zero   RW          549    .bss.FlashProc.last_ch4_set_wind  lto-llvm-2b9b9f.o
    0x200000da        -       0x00000002   Zero   RW          551    .bss.FlashProc.last_code0_pre_temp  lto-llvm-2b9b9f.o
    0x200000dc        -       0x00000002   Zero   RW          553    .bss.FlashProc.last_code0_pre_time  lto-llvm-2b9b9f.o
    0x200000de        -       0x00000002   Zero   RW          552    .bss.FlashProc.last_code0_pre_wind  lto-llvm-2b9b9f.o
    0x200000e0        -       0x00000002   Zero   RW          554    .bss.FlashProc.last_code0_temp_1  lto-llvm-2b9b9f.o
    0x200000e2        -       0x00000002   Zero   RW          557    .bss.FlashProc.last_code0_temp_2  lto-llvm-2b9b9f.o
    0x200000e4        -       0x00000002   Zero   RW          560    .bss.FlashProc.last_code0_temp_3  lto-llvm-2b9b9f.o
    0x200000e6        -       0x00000002   Zero   RW          563    .bss.FlashProc.last_code0_temp_4  lto-llvm-2b9b9f.o
    0x200000e8        -       0x00000002   Zero   RW          556    .bss.FlashProc.last_code0_time_1  lto-llvm-2b9b9f.o
    0x200000ea        -       0x00000002   Zero   RW          559    .bss.FlashProc.last_code0_time_2  lto-llvm-2b9b9f.o
    0x200000ec        -       0x00000002   Zero   RW          562    .bss.FlashProc.last_code0_time_3  lto-llvm-2b9b9f.o
    0x200000ee        -       0x00000002   Zero   RW          565    .bss.FlashProc.last_code0_time_4  lto-llvm-2b9b9f.o
    0x200000f0        -       0x00000002   Zero   RW          555    .bss.FlashProc.last_code0_wind_1  lto-llvm-2b9b9f.o
    0x200000f2        -       0x00000002   Zero   RW          558    .bss.FlashProc.last_code0_wind_2  lto-llvm-2b9b9f.o
    0x200000f4        -       0x00000002   Zero   RW          561    .bss.FlashProc.last_code0_wind_3  lto-llvm-2b9b9f.o
    0x200000f6        -       0x00000002   Zero   RW          564    .bss.FlashProc.last_code0_wind_4  lto-llvm-2b9b9f.o
    0x200000f8        -       0x00000002   Zero   RW          566    .bss.FlashProc.last_code1_pre_temp  lto-llvm-2b9b9f.o
    0x200000fa        -       0x00000002   Zero   RW          568    .bss.FlashProc.last_code1_pre_time  lto-llvm-2b9b9f.o
    0x200000fc        -       0x00000002   Zero   RW          567    .bss.FlashProc.last_code1_pre_wind  lto-llvm-2b9b9f.o
    0x200000fe        -       0x00000002   Zero   RW          569    .bss.FlashProc.last_code1_temp_1  lto-llvm-2b9b9f.o
    0x20000100        -       0x00000002   Zero   RW          572    .bss.FlashProc.last_code1_temp_2  lto-llvm-2b9b9f.o
    0x20000102        -       0x00000002   Zero   RW          575    .bss.FlashProc.last_code1_temp_3  lto-llvm-2b9b9f.o
    0x20000104        -       0x00000002   Zero   RW          578    .bss.FlashProc.last_code1_temp_4  lto-llvm-2b9b9f.o
    0x20000106        -       0x00000002   Zero   RW          571    .bss.FlashProc.last_code1_time_1  lto-llvm-2b9b9f.o
    0x20000108        -       0x00000002   Zero   RW          574    .bss.FlashProc.last_code1_time_2  lto-llvm-2b9b9f.o
    0x2000010a        -       0x00000002   Zero   RW          577    .bss.FlashProc.last_code1_time_3  lto-llvm-2b9b9f.o
    0x2000010c        -       0x00000002   Zero   RW          580    .bss.FlashProc.last_code1_time_4  lto-llvm-2b9b9f.o
    0x2000010e        -       0x00000002   Zero   RW          570    .bss.FlashProc.last_code1_wind_1  lto-llvm-2b9b9f.o
    0x20000110        -       0x00000002   Zero   RW          573    .bss.FlashProc.last_code1_wind_2  lto-llvm-2b9b9f.o
    0x20000112        -       0x00000002   Zero   RW          576    .bss.FlashProc.last_code1_wind_3  lto-llvm-2b9b9f.o
    0x20000114        -       0x00000002   Zero   RW          579    .bss.FlashProc.last_code1_wind_4  lto-llvm-2b9b9f.o
    0x20000116        -       0x00000002   Zero   RW          581    .bss.FlashProc.last_code2_pre_temp  lto-llvm-2b9b9f.o
    0x20000118        -       0x00000002   Zero   RW          583    .bss.FlashProc.last_code2_pre_time  lto-llvm-2b9b9f.o
    0x2000011a        -       0x00000002   Zero   RW          582    .bss.FlashProc.last_code2_pre_wind  lto-llvm-2b9b9f.o
    0x2000011c        -       0x00000002   Zero   RW          584    .bss.FlashProc.last_code2_temp_1  lto-llvm-2b9b9f.o
    0x2000011e        -       0x00000002   Zero   RW          587    .bss.FlashProc.last_code2_temp_2  lto-llvm-2b9b9f.o
    0x20000120        -       0x00000002   Zero   RW          590    .bss.FlashProc.last_code2_temp_3  lto-llvm-2b9b9f.o
    0x20000122        -       0x00000002   Zero   RW          593    .bss.FlashProc.last_code2_temp_4  lto-llvm-2b9b9f.o
    0x20000124        -       0x00000002   Zero   RW          586    .bss.FlashProc.last_code2_time_1  lto-llvm-2b9b9f.o
    0x20000126        -       0x00000002   Zero   RW          589    .bss.FlashProc.last_code2_time_2  lto-llvm-2b9b9f.o
    0x20000128        -       0x00000002   Zero   RW          592    .bss.FlashProc.last_code2_time_3  lto-llvm-2b9b9f.o
    0x2000012a        -       0x00000002   Zero   RW          595    .bss.FlashProc.last_code2_time_4  lto-llvm-2b9b9f.o
    0x2000012c        -       0x00000002   Zero   RW          585    .bss.FlashProc.last_code2_wind_1  lto-llvm-2b9b9f.o
    0x2000012e        -       0x00000002   Zero   RW          588    .bss.FlashProc.last_code2_wind_2  lto-llvm-2b9b9f.o
    0x20000130        -       0x00000002   Zero   RW          591    .bss.FlashProc.last_code2_wind_3  lto-llvm-2b9b9f.o
    0x20000132        -       0x00000002   Zero   RW          594    .bss.FlashProc.last_code2_wind_4  lto-llvm-2b9b9f.o
    0x20000134        -       0x00000002   Zero   RW          596    .bss.FlashProc.last_code3_pre_temp  lto-llvm-2b9b9f.o
    0x20000136        -       0x00000002   Zero   RW          598    .bss.FlashProc.last_code3_pre_time  lto-llvm-2b9b9f.o
    0x20000138        -       0x00000002   Zero   RW          597    .bss.FlashProc.last_code3_pre_wind  lto-llvm-2b9b9f.o
    0x2000013a        -       0x00000002   Zero   RW          599    .bss.FlashProc.last_code3_temp_1  lto-llvm-2b9b9f.o
    0x2000013c        -       0x00000002   Zero   RW          602    .bss.FlashProc.last_code3_temp_2  lto-llvm-2b9b9f.o
    0x2000013e        -       0x00000002   Zero   RW          605    .bss.FlashProc.last_code3_temp_3  lto-llvm-2b9b9f.o
    0x20000140        -       0x00000002   Zero   RW          608    .bss.FlashProc.last_code3_temp_4  lto-llvm-2b9b9f.o
    0x20000142        -       0x00000002   Zero   RW          601    .bss.FlashProc.last_code3_time_1  lto-llvm-2b9b9f.o
    0x20000144        -       0x00000002   Zero   RW          604    .bss.FlashProc.last_code3_time_2  lto-llvm-2b9b9f.o
    0x20000146        -       0x00000002   Zero   RW          607    .bss.FlashProc.last_code3_time_3  lto-llvm-2b9b9f.o
    0x20000148        -       0x00000002   Zero   RW          610    .bss.FlashProc.last_code3_time_4  lto-llvm-2b9b9f.o
    0x2000014a        -       0x00000002   Zero   RW          600    .bss.FlashProc.last_code3_wind_1  lto-llvm-2b9b9f.o
    0x2000014c        -       0x00000002   Zero   RW          603    .bss.FlashProc.last_code3_wind_2  lto-llvm-2b9b9f.o
    0x2000014e        -       0x00000002   Zero   RW          606    .bss.FlashProc.last_code3_wind_3  lto-llvm-2b9b9f.o
    0x20000150        -       0x00000002   Zero   RW          609    .bss.FlashProc.last_code3_wind_4  lto-llvm-2b9b9f.o
    0x20000152        -       0x00000002   Zero   RW          611    .bss.FlashProc.last_code4_pre_temp  lto-llvm-2b9b9f.o
    0x20000154        -       0x00000002   Zero   RW          613    .bss.FlashProc.last_code4_pre_time  lto-llvm-2b9b9f.o
    0x20000156        -       0x00000002   Zero   RW          612    .bss.FlashProc.last_code4_pre_wind  lto-llvm-2b9b9f.o
    0x20000158        -       0x00000002   Zero   RW          614    .bss.FlashProc.last_code4_temp_1  lto-llvm-2b9b9f.o
    0x2000015a        -       0x00000002   Zero   RW          617    .bss.FlashProc.last_code4_temp_2  lto-llvm-2b9b9f.o
    0x2000015c        -       0x00000002   Zero   RW          620    .bss.FlashProc.last_code4_temp_3  lto-llvm-2b9b9f.o
    0x2000015e        -       0x00000002   Zero   RW          623    .bss.FlashProc.last_code4_temp_4  lto-llvm-2b9b9f.o
    0x20000160        -       0x00000002   Zero   RW          616    .bss.FlashProc.last_code4_time_1  lto-llvm-2b9b9f.o
    0x20000162        -       0x00000002   Zero   RW          619    .bss.FlashProc.last_code4_time_2  lto-llvm-2b9b9f.o
    0x20000164        -       0x00000002   Zero   RW          622    .bss.FlashProc.last_code4_time_3  lto-llvm-2b9b9f.o
    0x20000166        -       0x00000002   Zero   RW          625    .bss.FlashProc.last_code4_time_4  lto-llvm-2b9b9f.o
    0x20000168        -       0x00000002   Zero   RW          615    .bss.FlashProc.last_code4_wind_1  lto-llvm-2b9b9f.o
    0x2000016a        -       0x00000002   Zero   RW          618    .bss.FlashProc.last_code4_wind_2  lto-llvm-2b9b9f.o
    0x2000016c        -       0x00000002   Zero   RW          621    .bss.FlashProc.last_code4_wind_3  lto-llvm-2b9b9f.o
    0x2000016e        -       0x00000002   Zero   RW          624    .bss.FlashProc.last_code4_wind_4  lto-llvm-2b9b9f.o
    0x20000170        -       0x00000008   Zero   RW          627    .bss.FlashProc.last_direct_hot_work_time_m  lto-llvm-2b9b9f.o
    0x20000178        -       0x00000002   Zero   RW          522    .bss.FlashProc.last_direct_set_cold_mode_wind  lto-llvm-2b9b9f.o
    0x2000017a        -       0x00000002   Zero   RW          520    .bss.FlashProc.last_direct_set_temp  lto-llvm-2b9b9f.o
    0x2000017c        -       0x00000002   Zero   RW          521    .bss.FlashProc.last_direct_set_wind  lto-llvm-2b9b9f.o
    0x2000017e        -       0x00000001   Zero   RW          530    .bss.FlashProc.last_display_lock_state  lto-llvm-2b9b9f.o
    0x2000017f        -       0x00000001   Zero   RW          537    .bss.FlashProc.last_enhance_state  lto-llvm-2b9b9f.o
    0x20000180        -       0x00000001   Zero   RW          531    .bss.FlashProc.last_fn_key_long_set  lto-llvm-2b9b9f.o
    0x20000181        -       0x00000001   Zero   RW          532    .bss.FlashProc.last_fn_key_short_set  lto-llvm-2b9b9f.o
    0x20000182        -       0x00000001   Zero   RW          527    .bss.FlashProc.last_fwg2_work_mode  lto-llvm-2b9b9f.o
    0x20000183        -       0x00000001   Zero   RW          534    .bss.FlashProc.last_ota_state  lto-llvm-2b9b9f.o
    0x20000184        -       0x00000002   Zero   RW          526    .bss.FlashProc.last_set_countdown_time  lto-llvm-2b9b9f.o
    0x20000186        -       0x00000002   Zero   RW          523    .bss.FlashProc.last_set_direct_calibration_temp  lto-llvm-2b9b9f.o
    0x20000188        -       0x00000002   Zero   RW          524    .bss.FlashProc.last_set_quick_work_temp  lto-llvm-2b9b9f.o
    0x2000018a        -       0x00000002   Zero   RW          525    .bss.FlashProc.last_set_quick_work_time  lto-llvm-2b9b9f.o
    0x2000018c        -       0x00000001   Zero   RW          538    .bss.FlashProc.last_set_touch_set_temp_state  lto-llvm-2b9b9f.o
    0x2000018d        -       0x00000001   Zero   RW          529    .bss.FlashProc.last_speak_state  lto-llvm-2b9b9f.o
    0x2000018e   0x08014f3e   0x00000002   PAD
    0x20000190        -       0x00000008   Zero   RW          626    .bss.FlashProc.last_system_run_time_m  lto-llvm-2b9b9f.o
    0x20000198        -       0x00000001   Zero   RW          528    .bss.FlashProc.last_temp_uint  lto-llvm-2b9b9f.o
    0x20000199        -       0x00000001   Zero   RW          535    .bss.FlashProc.last_touch_key_set  lto-llvm-2b9b9f.o
    0x2000019a        -       0x00000001   Zero   RW          536    .bss.FlashProc.last_uart_state  lto-llvm-2b9b9f.o
    0x2000019b        -       0x00000001   Zero   RW          519    .bss.FlashProc.sflash.0  lto-llvm-2b9b9f.o
    0x2000019c        -       0x00000001   Zero   RW          638    .bss.KeyProc.channel_switch_flag  lto-llvm-2b9b9f.o
    0x2000019d        -       0x00000001   Zero   RW          639    .bss.KeyProc.channel_switch_time  lto-llvm-2b9b9f.o
    0x2000019e        -       0x00000001   Zero   RW          636    .bss.KeyProc.first_in  lto-llvm-2b9b9f.o
    0x2000019f        -       0x00000001   Zero   RW          637    .bss.KeyProc.set_done  lto-llvm-2b9b9f.o
    0x200001a0        -       0x00000010   Zero   RW          749    .bss.McuInfo        lto-llvm-2b9b9f.o
    0x200001b0        -       0x00000001   Zero   RW          660    .bss.RecvDataFromLCD.channel_1_long_press_flag  lto-llvm-2b9b9f.o
    0x200001b1        -       0x00000001   Zero   RW          664    .bss.RecvDataFromLCD.channel_1_long_press_time  lto-llvm-2b9b9f.o
    0x200001b2        -       0x00000001   Zero   RW          661    .bss.RecvDataFromLCD.channel_2_long_press_flag  lto-llvm-2b9b9f.o
    0x200001b3        -       0x00000001   Zero   RW          665    .bss.RecvDataFromLCD.channel_2_long_press_time  lto-llvm-2b9b9f.o
    0x200001b4        -       0x00000001   Zero   RW          662    .bss.RecvDataFromLCD.channel_3_long_press_flag  lto-llvm-2b9b9f.o
    0x200001b5        -       0x00000001   Zero   RW          666    .bss.RecvDataFromLCD.channel_3_long_press_time  lto-llvm-2b9b9f.o
    0x200001b6        -       0x00000001   Zero   RW          663    .bss.RecvDataFromLCD.channel_4_long_press_flag  lto-llvm-2b9b9f.o
    0x200001b7        -       0x00000001   Zero   RW          667    .bss.RecvDataFromLCD.channel_4_long_press_time  lto-llvm-2b9b9f.o
    0x200001b8        -       0x00000001   Zero   RW          668    .bss.RecvDataFromLCD.last_fn_key_long_set  lto-llvm-2b9b9f.o
    0x200001b9        -       0x00000001   Zero   RW          669    .bss.RecvDataFromLCD.last_fn_key_short_set  lto-llvm-2b9b9f.o
    0x200001ba        -       0x00000001   Zero   RW          500    .bss.SysTick_Handler.first_in  lto-llvm-2b9b9f.o
    0x200001bb   0x08014f3e   0x00000001   PAD
    0x200001bc        -       0x00000214   Zero   RW          751    .bss.UART4_data     lto-llvm-2b9b9f.o
    0x200003d0        -       0x00000214   Zero   RW          757    .bss.UART5_data     lto-llvm-2b9b9f.o
    0x200005e4        -       0x00000004   Zero   RW          755    .bss.WriteDataToUART4.crc_value  lto-llvm-2b9b9f.o
    0x200005e8        -       0x00000004   Zero   RW          764    .bss.WriteDataToUART5.crc_value  lto-llvm-2b9b9f.o
    0x200005ec        -       0x00000002   Zero   RW          498    .bss.adc1_ordinary_value  lto-llvm-2b9b9f.o
    0x200005ee        -       0x00000001   Zero   RW          495    .bss.beep_task.time  lto-llvm-2b9b9f.o
    0x200005ef        -       0x00000400   Zero   RW          776    .bss.chUart4RxBuffer  lto-llvm-2b9b9f.o
    0x200009ef        -       0x00000400   Zero   RW          778    .bss.chUart5RxBuffer  lto-llvm-2b9b9f.o
    0x20000def        -       0x00000400   Zero   RW          768    .bss.chUsart1RxBuffer  lto-llvm-2b9b9f.o
    0x200011ef        -       0x00000400   Zero   RW          769    .bss.chUsart1TxBuffer  lto-llvm-2b9b9f.o
    0x200015ef        -       0x00000400   Zero   RW          771    .bss.chUsart2RxBuffer  lto-llvm-2b9b9f.o
    0x200019ef        -       0x00000400   Zero   RW          772    .bss.chUsart2TxBuffer  lto-llvm-2b9b9f.o
    0x20001def        -       0x00000400   Zero   RW          774    .bss.chUsart3RxBuffer  lto-llvm-2b9b9f.o
    0x200021ef   0x08014f3e   0x00000001   PAD
    0x200021f0        -       0x00000004   Zero   RW          752    .bss.change_temp    lto-llvm-2b9b9f.o
    0x200021f4        -       0x00000004   Zero   RW          758    .bss.change_temp.265  lto-llvm-2b9b9f.o
    0x200021f8        -       0x00000004   Zero   RW          753    .bss.change_temp_f_display  lto-llvm-2b9b9f.o
    0x200021fc        -       0x00000004   Zero   RW          759    .bss.change_temp_f_display.266  lto-llvm-2b9b9f.o
    0x20002200        -       0x00000004   Zero   RW          754    .bss.change_wind    lto-llvm-2b9b9f.o
    0x20002204        -       0x00000004   Zero   RW          761    .bss.change_wind.267  lto-llvm-2b9b9f.o
    0x20002208        -       0x00000001   Zero   RW          715    .bss.check_channel.last_reset_flag  lto-llvm-2b9b9f.o
    0x20002209        -       0x00000001   Zero   RW          700    .bss.check_menu_setting.last_page  lto-llvm-2b9b9f.o
    0x2000220a        -       0x00000001   Zero   RW          702    .bss.check_menu_setting.last_reset_flag  lto-llvm-2b9b9f.o
    0x2000220b        -       0x00000001   Zero   RW          711    .bss.check_menu_setting.last_touch_set_temp_state  lto-llvm-2b9b9f.o
    0x2000220c        -       0x00000001   Zero   RW          508    .bss.code_mode_time.first_in  lto-llvm-2b9b9f.o
    0x2000220d   0x08014f3e   0x00000001   PAD
    0x2000220e        -       0x00000002   Zero   RW          780    .bss.curNum         lto-llvm-2b9b9f.o
    0x20002210        -       0x0000002c   Zero   RW          516    .bss.direct_pid     lto-llvm-2b9b9f.o
    0x2000223c        -       0x00000001   Zero   RW          646    .bss.fan_control.run_flag  lto-llvm-2b9b9f.o
    0x2000223d        -       0x00000001   Zero   RW          496    .bss.feed_dog_task.first_in  lto-llvm-2b9b9f.o
    0x2000223e        -       0x00000002   Zero   RW          734    .bss.get_code_mode_state.last_show_stop_wind  lto-llvm-2b9b9f.o
    0x20002240        -       0x00000002   Zero   RW          732    .bss.get_code_mode_state.last_show_temp  lto-llvm-2b9b9f.o
    0x20002242        -       0x00000002   Zero   RW          735    .bss.get_code_mode_state.last_show_time  lto-llvm-2b9b9f.o
    0x20002244        -       0x00000002   Zero   RW          733    .bss.get_code_mode_state.last_show_wind  lto-llvm-2b9b9f.o
    0x20002246        -       0x00000001   Zero   RW          736    .bss.get_code_mode_state.refresh_temp_time  lto-llvm-2b9b9f.o
    0x20002247        -       0x00000001   Zero   RW          737    .bss.get_code_mode_state.refresh_wind_time  lto-llvm-2b9b9f.o
    0x20002248        -       0x00000001   Zero   RW          694    .bss.get_code_mode_value.last_page  lto-llvm-2b9b9f.o
    0x20002249        -       0x00000001   Zero   RW          721    .bss.get_direct_run_state.fan_run_flag  lto-llvm-2b9b9f.o
    0x2000224a        -       0x00000001   Zero   RW          722    .bss.get_direct_run_state.last_fan_run_flag  lto-llvm-2b9b9f.o
    0x2000224b        -       0x00000001   Zero   RW          728    .bss.get_direct_run_state.last_out_value  lto-llvm-2b9b9f.o
    0x2000224c        -       0x00000001   Zero   RW          726    .bss.get_direct_run_state.last_output  lto-llvm-2b9b9f.o
    0x2000224d        -       0x00000001   Zero   RW          727    .bss.get_direct_run_state.output_refresh_time  lto-llvm-2b9b9f.o
    0x2000224e        -       0x00000001   Zero   RW          672    .bss.get_direct_temp_state.last_page  lto-llvm-2b9b9f.o
    0x2000224f        -       0x00000001   Zero   RW          675    .bss.get_direct_temp_state.last_setting_temp_state  lto-llvm-2b9b9f.o
    0x20002250        -       0x00000002   Zero   RW          673    .bss.get_direct_temp_state.last_show_temp  lto-llvm-2b9b9f.o
    0x20002252        -       0x00000001   Zero   RW          674    .bss.get_direct_temp_state.refresh_temp_time  lto-llvm-2b9b9f.o
    0x20002253        -       0x00000001   Zero   RW          690    .bss.get_direct_time_state.last_countdown_flag  lto-llvm-2b9b9f.o
    0x20002254        -       0x00000001   Zero   RW          689    .bss.get_direct_time_state.last_page  lto-llvm-2b9b9f.o
    0x20002255        -       0x00000001   Zero   RW          691    .bss.get_direct_time_state.last_quick_mode_flag  lto-llvm-2b9b9f.o
    0x20002256        -       0x00000002   Zero   RW          692    .bss.get_direct_time_state.last_show_time  lto-llvm-2b9b9f.o
    0x20002258        -       0x00000001   Zero   RW          686    .bss.get_direct_wind_state.first_in_cold_wind_mode  lto-llvm-2b9b9f.o
    0x20002259        -       0x00000001   Zero   RW          684    .bss.get_direct_wind_state.last_cold_mode_set_wind  lto-llvm-2b9b9f.o
    0x2000225a        -       0x00000001   Zero   RW          680    .bss.get_direct_wind_state.last_page  lto-llvm-2b9b9f.o
    0x2000225b        -       0x00000001   Zero   RW          685    .bss.get_direct_wind_state.last_setting_wind_state  lto-llvm-2b9b9f.o
    0x2000225c        -       0x00000001   Zero   RW          681    .bss.get_direct_wind_state.last_stop_set_wind  lto-llvm-2b9b9f.o
    0x2000225d   0x08014f3e   0x00000001   PAD
    0x2000225e        -       0x00000002   Zero   RW          649    .bss.get_page.time  lto-llvm-2b9b9f.o
    0x20002260        -       0x00000001   Zero   RW          699    .bss.hw_ver_major   lto-llvm-2b9b9f.o
    0x20002261        -       0x00000001   Zero   RW          747    .bss.hw_ver_major.260  lto-llvm-2b9b9f.o
    0x20002262        -       0x00000001   Zero   RW          766    .bss.iap_flag       lto-llvm-2b9b9f.o
    0x20002263        -       0x00000001   Zero   RW          640    .bss.key_event.0    lto-llvm-2b9b9f.o
    0x20002264        -       0x00000001   Zero   RW          641    .bss.key_event.1    lto-llvm-2b9b9f.o
    0x20002265        -       0x00000001   Zero   RW          642    .bss.key_event.2    lto-llvm-2b9b9f.o
    0x20002266   0x08014f3e   0x00000002   PAD
    0x20002268        -       0x000000c4   Zero   RW          514    .bss.object         lto-llvm-2b9b9f.o
    0x2000232c        -       0x00000001   Zero   RW          720    .bss.out_value      lto-llvm-2b9b9f.o
    0x2000232d   0x08014f3e   0x00000001   PAD
    0x2000232e        -       0x00000002   Zero   RW          739    .bss.pc_comm_handle.time_1  lto-llvm-2b9b9f.o
    0x20002330        -       0x00000002   Zero   RW          740    .bss.pc_comm_handle.time_2  lto-llvm-2b9b9f.o
    0x20002332   0x08014f3e   0x00000002   PAD
    0x20002334        -       0x00000604   Zero   RW          741    .bss.pc_data        lto-llvm-2b9b9f.o
    0x20002938        -       0x00000001   Zero   RW          742    .bss.pc_event_handle.first_in  lto-llvm-2b9b9f.o
    0x20002939   0x08014f3e   0x00000003   PAD
    0x2000293c        -       0x00000004   Zero   RW          743    .bss.pc_event_handle.uid_value  lto-llvm-2b9b9f.o
    0x20002940        -       0x00000180   Zero   RW          765    .bss.sFWG2_t        lto-llvm-2b9b9f.o
    0x20002ac0        -       0x00000001   Zero   RW          760    .bss.sbeep.1        lto-llvm-2b9b9f.o
    0x20002ac1   0x08014f3e   0x00000003   PAD
    0x20002ac4        -       0x0000010c   Zero   RW          762    .bss.sdwin          lto-llvm-2b9b9f.o
    0x20002bd0        -       0x00000004   Zero   RW          748    .bss.send_heartbeat_data.crc_value  lto-llvm-2b9b9f.o
    0x20002bd4        -       0x00000001   Zero   RW          712    .bss.show_ch.show_step  lto-llvm-2b9b9f.o
    0x20002bd5        -       0x00000001   Zero   RW          729    .bss.show_code_mode_state.state  lto-llvm-2b9b9f.o
    0x20002bd6        -       0x00000001   Zero   RW          693    .bss.show_code_mode_value.state  lto-llvm-2b9b9f.o
    0x20002bd7        -       0x00000001   Zero   RW          716    .bss.show_curve.state  lto-llvm-2b9b9f.o
    0x20002bd8        -       0x00000001   Zero   RW          719    .bss.show_direct_run_state.show_step  lto-llvm-2b9b9f.o
    0x20002bd9   0x08014f3e   0x00000001   PAD
    0x20002bda        -       0x00000002   Zero   RW          671    .bss.show_direct_temp.show_set_temp  lto-llvm-2b9b9f.o
    0x20002bdc        -       0x00000001   Zero   RW          670    .bss.show_direct_temp.show_step  lto-llvm-2b9b9f.o
    0x20002bdd        -       0x00000001   Zero   RW          688    .bss.show_direct_time.show_step  lto-llvm-2b9b9f.o
    0x20002bde        -       0x00000001   Zero   RW          679    .bss.show_direct_wind.handle_move  lto-llvm-2b9b9f.o
    0x20002bdf        -       0x00000001   Zero   RW          678    .bss.show_direct_wind.show_step  lto-llvm-2b9b9f.o
    0x20002be0        -       0x00000001   Zero   RW          697    .bss.show_menu_setting.state  lto-llvm-2b9b9f.o
    0x20002be1        -       0x00000001   Zero   RW          651    .bss.show_page.first_in_cal  lto-llvm-2b9b9f.o
    0x20002be2        -       0x00000001   Zero   RW          652    .bss.show_page.last_fwg2_enhance_state  lto-llvm-2b9b9f.o
    0x20002be3        -       0x00000001   Zero   RW          653    .bss.show_page.last_handle_work_mode  lto-llvm-2b9b9f.o
    0x20002be4        -       0x00000001   Zero   RW          650    .bss.show_page.show_step  lto-llvm-2b9b9f.o
    0x20002be5        -       0x00000001   Zero   RW          648    .bss.show_popup_flag  lto-llvm-2b9b9f.o
    0x20002be6        -       0x00000002   Zero   RW          779    .bss.sum            lto-llvm-2b9b9f.o
    0x20002be8        -       0x00000001   Zero   RW          657    .bss.sw_ver_major   lto-llvm-2b9b9f.o
    0x20002be9        -       0x00000001   Zero   RW          744    .bss.sw_ver_major.257  lto-llvm-2b9b9f.o
    0x20002bea        -       0x00000001   Zero   RW          656    .bss.sw_ver_minor   lto-llvm-2b9b9f.o
    0x20002beb        -       0x00000001   Zero   RW          745    .bss.sw_ver_minor.258  lto-llvm-2b9b9f.o
    0x20002bec        -       0x00000001   Zero   RW          654    .bss.sw_ver_patch   lto-llvm-2b9b9f.o
    0x20002bed        -       0x00000001   Zero   RW          746    .bss.sw_ver_patch.259  lto-llvm-2b9b9f.o
    0x20002bee   0x08014f3e   0x00000002   PAD
    0x20002bf0        -       0x00000024   Zero   RW          775    .bss.tUart4Buffer   lto-llvm-2b9b9f.o
    0x20002c14        -       0x00000024   Zero   RW          777    .bss.tUart5Buffer   lto-llvm-2b9b9f.o
    0x20002c38        -       0x00000024   Zero   RW          767    .bss.tUsart1Buffer  lto-llvm-2b9b9f.o
    0x20002c5c        -       0x00000024   Zero   RW          770    .bss.tUsart2Buffer  lto-llvm-2b9b9f.o
    0x20002c80        -       0x00000024   Zero   RW          773    .bss.tUsart3Buffer  lto-llvm-2b9b9f.o
    0x20002ca4        -       0x00000004   Zero   RW          512    .bss.timebase_ticks  lto-llvm-2b9b9f.o
    0x20002ca8        -       0x00000004   Zero   RW          499    .bss.tmr3_ch1_readvalue  lto-llvm-2b9b9f.o
    0x20002cac        -       0x00000018   Zero   RW          515    .bss.tmt            lto-llvm-2b9b9f.o
    0x20002cc4   0x08014f3e   0x00000004   PAD
    0x20002cc8        -       0x00000400   Zero   RW           30    STACK               startup_at32f415.o


==============================================================================

Image component sizes


      Code (inc. data)   RO Data    RW Data    ZI Data      Debug   Object Name

     66780       1038         90        155      11276     293943   lto-llvm-2b9b9f.o
        36          8        368          0       1024        792   startup_at32f415.o

    ----------------------------------------------------------------------
     66872       1046        490        160      12328     294735   Object Totals
         0          0         32          0          0          0   (incl. Generated)
        56          0          0          5         28          0   (incl. Padding)

    ----------------------------------------------------------------------

      Code (inc. data)   RO Data    RW Data    ZI Data      Debug   Library Member Name

         0          0          0          0          0          0   entry.o
         0          0          0          0          0          0   entry10a.o
         0          0          0          0          0          0   entry11a.o
         8          4          0          0          0          0   entry2.o
         4          0          0          0          0          0   entry5.o
         0          0          0          0          0          0   entry7b.o
         0          0          0          0          0          0   entry8b.o
         8          4          0          0          0          0   entry9a.o
        30          0          0          0          0          0   handlers.o
        48         10          0          0          0         68   init.o
         0          0          0          0          0          0   iusefp.o
        30          0          0          0          0         68   llshl.o
        36          0          0          0          0         68   llsshr.o
        32          0          0          0          0         68   llushr.o
        36          0          0          0          0        108   memseta.o
        56          0          0          0          0         88   d2f.o
       334          0          0          0          0        148   dadd.o
        54          0          0          0          0         80   dcmpgt.o
       186          0          0          0          0        176   depilogue.o
        62          0          0          0          0         80   dfixi.o
        50          0          0          0          0         76   dfixui.o
        34          0          0          0          0         76   dflti.o
        26          0          0          0          0         76   dfltui.o
       228          0          0          0          0         96   dmul.o
        38          0          0          0          0         68   f2d.o
       176          0          0          0          0        140   fadd.o
        28          0          0          0          0         68   fcmpge.o
        28          0          0          0          0         68   fcmpgt.o
        28          0          0          0          0         68   fcmple.o
        28          0          0          0          0         68   fcmplt.o
       110          0          0          0          0        168   fepilogue.o
        50          0          0          0          0         68   ffixi.o
        40          0          0          0          0         68   ffixui.o
        18          0          0          0          0         68   fflti.o
        10          0          0          0          0         68   ffltui.o
       100          0          0          0          0         76   fmul.o

    ----------------------------------------------------------------------
      1918         18          0          0          0       2272   Library Totals
         2          0          0          0          0          0   (incl. Padding)

    ----------------------------------------------------------------------

      Code (inc. data)   RO Data    RW Data    ZI Data      Debug   Library Name

       232         18          0          0          0        380   mc_w.l
      1684          0          0          0          0       1892   mf_w.l

    ----------------------------------------------------------------------
      1918         18          0          0          0       2272   Library Totals

    ----------------------------------------------------------------------

==============================================================================


      Code (inc. data)   RO Data    RW Data    ZI Data      Debug   

     68790       1064        490        160      12328     295963   Grand Totals
     68790       1064        490        160      12328     295963   ELF Image Totals
     68790       1064        490        160          0          0   ROM Totals

==============================================================================

    Total RO  Size (Code + RO Data)                69280 (  67.66kB)
    Total RW  Size (RW Data + ZI Data)             12488 (  12.20kB)
    Total ROM Size (Code + RO Data + RW Data)      69440 (  67.81kB)

==============================================================================

